<?xml version="1.0" encoding="ISO-8859-1" ?>
<link_info>
   <banner>TI ARM Linker PC v18.12.4.LTS</banner>
   <copyright>Copyright (c) 1996-2018 Texas Instruments Incorporated</copyright>
   <link_time>0x6a4023fa</link_time>
   <link_errors>0x0</link_errors>
   <output_file>bms-link-FW.out</output_file>
   <entry_point>
      <name>_c_int00</name>
      <address>0xadf4</address>
   </entry_point>
   <input_file_list>
      <input_file id="fl-2">
         <path>.\</path>
         <kind>object</kind>
         <file>main.obj</file>
         <name>main.obj</name>
      </input_file>
      <input_file id="fl-3">
         <path>.\BMS_Master\source\</path>
         <kind>object</kind>
         <file>Device_TMS570LS12.obj</file>
         <name>Device_TMS570LS12.obj</name>
      </input_file>
      <input_file id="fl-4">
         <path>.\BMS_Master\source\</path>
         <kind>object</kind>
         <file>Fapi_UserDefinedFunctions.obj</file>
         <name>Fapi_UserDefinedFunctions.obj</name>
      </input_file>
      <input_file id="fl-5">
         <path>.\BMS_Master\source\</path>
         <kind>object</kind>
         <file>IMD.obj</file>
         <name>IMD.obj</name>
      </input_file>
      <input_file id="fl-6">
         <path>.\BMS_Master\source\</path>
         <kind>object</kind>
         <file>adc.obj</file>
         <name>adc.obj</name>
      </input_file>
      <input_file id="fl-7">
         <path>.\BMS_Master\source\</path>
         <kind>object</kind>
         <file>ajsm.obj</file>
         <name>ajsm.obj</name>
      </input_file>
      <input_file id="fl-8">
         <path>.\BMS_Master\source\</path>
         <kind>object</kind>
         <file>can.obj</file>
         <name>can.obj</name>
      </input_file>
      <input_file id="fl-9">
         <path>.\BMS_Master\source\</path>
         <kind>object</kind>
         <file>charger_can.obj</file>
         <name>charger_can.obj</name>
      </input_file>
      <input_file id="fl-a">
         <path>.\BMS_Master\source\</path>
         <kind>object</kind>
         <file>crc.obj</file>
         <name>crc.obj</name>
      </input_file>
      <input_file id="fl-b">
         <path>.\BMS_Master\source\</path>
         <kind>object</kind>
         <file>dabort.obj</file>
         <name>dabort.obj</name>
      </input_file>
      <input_file id="fl-c">
         <path>.\BMS_Master\source\</path>
         <kind>object</kind>
         <file>dcc.obj</file>
         <name>dcc.obj</name>
      </input_file>
      <input_file id="fl-d">
         <path>.\BMS_Master\source\</path>
         <kind>object</kind>
         <file>ecap.obj</file>
         <name>ecap.obj</name>
      </input_file>
      <input_file id="fl-e">
         <path>.\BMS_Master\source\</path>
         <kind>object</kind>
         <file>emac.obj</file>
         <name>emac.obj</name>
      </input_file>
      <input_file id="fl-f">
         <path>.\BMS_Master\source\</path>
         <kind>object</kind>
         <file>eqep.obj</file>
         <name>eqep.obj</name>
      </input_file>
      <input_file id="fl-10">
         <path>.\BMS_Master\source\</path>
         <kind>object</kind>
         <file>errata_SSWF021_45.obj</file>
         <name>errata_SSWF021_45.obj</name>
      </input_file>
      <input_file id="fl-11">
         <path>.\BMS_Master\source\</path>
         <kind>object</kind>
         <file>esm.obj</file>
         <name>esm.obj</name>
      </input_file>
      <input_file id="fl-12">
         <path>.\BMS_Master\source\</path>
         <kind>object</kind>
         <file>etpwm.obj</file>
         <name>etpwm.obj</name>
      </input_file>
      <input_file id="fl-13">
         <path>.\BMS_Master\source\</path>
         <kind>object</kind>
         <file>gio.obj</file>
         <name>gio.obj</name>
      </input_file>
      <input_file id="fl-14">
         <path>.\BMS_Master\source\</path>
         <kind>object</kind>
         <file>het.obj</file>
         <name>het.obj</name>
      </input_file>
      <input_file id="fl-15">
         <path>.\BMS_Master\source\</path>
         <kind>object</kind>
         <file>i2c.obj</file>
         <name>i2c.obj</name>
      </input_file>
      <input_file id="fl-16">
         <path>.\BMS_Master\source\</path>
         <kind>object</kind>
         <file>lin.obj</file>
         <name>lin.obj</name>
      </input_file>
      <input_file id="fl-17">
         <path>.\BMS_Master\source\</path>
         <kind>object</kind>
         <file>mdio.obj</file>
         <name>mdio.obj</name>
      </input_file>
      <input_file id="fl-18">
         <path>.\BMS_Master\source\</path>
         <kind>object</kind>
         <file>mibspi.obj</file>
         <name>mibspi.obj</name>
      </input_file>
      <input_file id="fl-19">
         <path>.\BMS_Master\source\</path>
         <kind>object</kind>
         <file>notification.obj</file>
         <name>notification.obj</name>
      </input_file>
      <input_file id="fl-1a">
         <path>.\BMS_Master\source\</path>
         <kind>object</kind>
         <file>phy_dp83640.obj</file>
         <name>phy_dp83640.obj</name>
      </input_file>
      <input_file id="fl-1b">
         <path>.\BMS_Master\source\</path>
         <kind>object</kind>
         <file>pinmux.obj</file>
         <name>pinmux.obj</name>
      </input_file>
      <input_file id="fl-1c">
         <path>.\BMS_Master\source\</path>
         <kind>object</kind>
         <file>rti.obj</file>
         <name>rti.obj</name>
      </input_file>
      <input_file id="fl-1d">
         <path>.\BMS_Master\source\</path>
         <kind>object</kind>
         <file>sci.obj</file>
         <name>sci.obj</name>
      </input_file>
      <input_file id="fl-1e">
         <path>.\BMS_Master\source\</path>
         <kind>object</kind>
         <file>spi.obj</file>
         <name>spi.obj</name>
      </input_file>
      <input_file id="fl-1f">
         <path>.\BMS_Master\source\</path>
         <kind>object</kind>
         <file>sys_core.obj</file>
         <name>sys_core.obj</name>
      </input_file>
      <input_file id="fl-20">
         <path>.\BMS_Master\source\</path>
         <kind>object</kind>
         <file>sys_dma.obj</file>
         <name>sys_dma.obj</name>
      </input_file>
      <input_file id="fl-21">
         <path>.\BMS_Master\source\</path>
         <kind>object</kind>
         <file>sys_intvecs.obj</file>
         <name>sys_intvecs.obj</name>
      </input_file>
      <input_file id="fl-22">
         <path>.\BMS_Master\source\</path>
         <kind>object</kind>
         <file>sys_mpu.obj</file>
         <name>sys_mpu.obj</name>
      </input_file>
      <input_file id="fl-23">
         <path>.\BMS_Master\source\</path>
         <kind>object</kind>
         <file>sys_pcr.obj</file>
         <name>sys_pcr.obj</name>
      </input_file>
      <input_file id="fl-24">
         <path>.\BMS_Master\source\</path>
         <kind>object</kind>
         <file>sys_phantom.obj</file>
         <name>sys_phantom.obj</name>
      </input_file>
      <input_file id="fl-25">
         <path>.\BMS_Master\source\</path>
         <kind>object</kind>
         <file>sys_pmm.obj</file>
         <name>sys_pmm.obj</name>
      </input_file>
      <input_file id="fl-26">
         <path>.\BMS_Master\source\</path>
         <kind>object</kind>
         <file>sys_pmu.obj</file>
         <name>sys_pmu.obj</name>
      </input_file>
      <input_file id="fl-27">
         <path>.\BMS_Master\source\</path>
         <kind>object</kind>
         <file>sys_selftest.obj</file>
         <name>sys_selftest.obj</name>
      </input_file>
      <input_file id="fl-28">
         <path>.\BMS_Master\source\</path>
         <kind>object</kind>
         <file>sys_startup.obj</file>
         <name>sys_startup.obj</name>
      </input_file>
      <input_file id="fl-29">
         <path>.\BMS_Master\source\</path>
         <kind>object</kind>
         <file>sys_vim.obj</file>
         <name>sys_vim.obj</name>
      </input_file>
      <input_file id="fl-2a">
         <path>.\BMS_Master\source\</path>
         <kind>object</kind>
         <file>system.obj</file>
         <name>system.obj</name>
      </input_file>
      <input_file id="fl-2b">
         <path>.\BMS_Master\source\</path>
         <kind>object</kind>
         <file>ti_fee_Info.obj</file>
         <name>ti_fee_Info.obj</name>
      </input_file>
      <input_file id="fl-2c">
         <path>.\BMS_Master\source\</path>
         <kind>object</kind>
         <file>ti_fee_cancel.obj</file>
         <name>ti_fee_cancel.obj</name>
      </input_file>
      <input_file id="fl-2d">
         <path>.\BMS_Master\source\</path>
         <kind>object</kind>
         <file>ti_fee_cfg.obj</file>
         <name>ti_fee_cfg.obj</name>
      </input_file>
      <input_file id="fl-2e">
         <path>.\BMS_Master\source\</path>
         <kind>object</kind>
         <file>ti_fee_eraseimmediateblock.obj</file>
         <name>ti_fee_eraseimmediateblock.obj</name>
      </input_file>
      <input_file id="fl-2f">
         <path>.\BMS_Master\source\</path>
         <kind>object</kind>
         <file>ti_fee_format.obj</file>
         <name>ti_fee_format.obj</name>
      </input_file>
      <input_file id="fl-30">
         <path>.\BMS_Master\source\</path>
         <kind>object</kind>
         <file>ti_fee_ini.obj</file>
         <name>ti_fee_ini.obj</name>
      </input_file>
      <input_file id="fl-31">
         <path>.\BMS_Master\source\</path>
         <kind>object</kind>
         <file>ti_fee_invalidateblock.obj</file>
         <name>ti_fee_invalidateblock.obj</name>
      </input_file>
      <input_file id="fl-32">
         <path>.\BMS_Master\source\</path>
         <kind>object</kind>
         <file>ti_fee_main.obj</file>
         <name>ti_fee_main.obj</name>
      </input_file>
      <input_file id="fl-33">
         <path>.\BMS_Master\source\</path>
         <kind>object</kind>
         <file>ti_fee_read.obj</file>
         <name>ti_fee_read.obj</name>
      </input_file>
      <input_file id="fl-34">
         <path>.\BMS_Master\source\</path>
         <kind>object</kind>
         <file>ti_fee_readSync.obj</file>
         <name>ti_fee_readSync.obj</name>
      </input_file>
      <input_file id="fl-35">
         <path>.\BMS_Master\source\</path>
         <kind>object</kind>
         <file>ti_fee_shutdown.obj</file>
         <name>ti_fee_shutdown.obj</name>
      </input_file>
      <input_file id="fl-36">
         <path>.\BMS_Master\source\</path>
         <kind>object</kind>
         <file>ti_fee_util.obj</file>
         <name>ti_fee_util.obj</name>
      </input_file>
      <input_file id="fl-37">
         <path>.\BMS_Master\source\</path>
         <kind>object</kind>
         <file>ti_fee_writeAsync.obj</file>
         <name>ti_fee_writeAsync.obj</name>
      </input_file>
      <input_file id="fl-38">
         <path>.\BMS_Master\source\</path>
         <kind>object</kind>
         <file>ti_fee_writeSync.obj</file>
         <name>ti_fee_writeSync.obj</name>
      </input_file>
      <input_file id="fl-39">
         <path>.\BMS_Master\source\</path>
         <kind>object</kind>
         <file>vcu_can.obj</file>
         <name>vcu_can.obj</name>
      </input_file>
      <input_file id="fl-3a">
         <path>.\Phantom_drivers\source\</path>
         <kind>object</kind>
         <file>ReadSlaveADC.obj</file>
         <name>ReadSlaveADC.obj</name>
      </input_file>
      <input_file id="fl-3b">
         <path>.\Phantom_drivers\source\</path>
         <kind>object</kind>
         <file>iso_spi_driver.obj</file>
         <name>iso_spi_driver.obj</name>
      </input_file>
      <input_file id="fl-3f">
         <kind>object</kind>
         <file>&lt;internal&gt;</file>
         <name>&lt;internal&gt;</name>
      </input_file>
      <input_file id="fl-40">
         <path>C:\ti\ccs930\ccs\tools\compiler\ti-cgt-arm_18.12.4.LTS\lib\</path>
         <kind>archive</kind>
         <file>rtsv7R4_T_be_v3D16_eabi.lib</file>
         <name>s_floor.c.obj</name>
      </input_file>
      <input_file id="fl-41">
         <path>C:\ti\ccs930\ccs\tools\compiler\ti-cgt-arm_18.12.4.LTS\lib\</path>
         <kind>archive</kind>
         <file>rtsv7R4_T_be_v3D16_eabi.lib</file>
         <name>memcpy_t2.asm.obj</name>
      </input_file>
      <input_file id="fl-42">
         <path>C:\ti\ccs930\ccs\tools\compiler\ti-cgt-arm_18.12.4.LTS\lib\</path>
         <kind>archive</kind>
         <file>rtsv7R4_T_be_v3D16_eabi.lib</file>
         <name>u_div32.asm.obj</name>
      </input_file>
      <input_file id="fl-43">
         <path>C:\ti\ccs930\ccs\tools\compiler\ti-cgt-arm_18.12.4.LTS\lib\</path>
         <kind>archive</kind>
         <file>rtsv7R4_T_be_v3D16_eabi.lib</file>
         <name>memset_t2.asm.obj</name>
      </input_file>
      <input_file id="fl-44">
         <path>C:\ti\ccs930\ccs\tools\compiler\ti-cgt-arm_18.12.4.LTS\lib\</path>
         <kind>archive</kind>
         <file>rtsv7R4_T_be_v3D16_eabi.lib</file>
         <name>autoinit.c.obj</name>
      </input_file>
      <input_file id="fl-45">
         <path>C:\ti\ccs930\ccs\tools\compiler\ti-cgt-arm_18.12.4.LTS\lib\</path>
         <kind>archive</kind>
         <file>rtsv7R4_T_be_v3D16_eabi.lib</file>
         <name>cpy_tbl.c.obj</name>
      </input_file>
      <input_file id="fl-46">
         <path>C:\ti\ccs930\ccs\tools\compiler\ti-cgt-arm_18.12.4.LTS\lib\</path>
         <kind>archive</kind>
         <file>rtsv7R4_T_be_v3D16_eabi.lib</file>
         <name>copy_zero_init.c.obj</name>
      </input_file>
      <input_file id="fl-47">
         <path>C:\ti\ccs930\ccs\tools\compiler\ti-cgt-arm_18.12.4.LTS\lib\</path>
         <kind>archive</kind>
         <file>rtsv7R4_T_be_v3D16_eabi.lib</file>
         <name>copy_decompress_none.c.obj</name>
      </input_file>
      <input_file id="fl-48">
         <path>C:\ti\ccs930\ccs\tools\compiler\ti-cgt-arm_18.12.4.LTS\lib\</path>
         <kind>archive</kind>
         <file>rtsv7R4_T_be_v3D16_eabi.lib</file>
         <name>copy_decompress_lzss.c.obj</name>
      </input_file>
      <input_file id="fl-49">
         <path>C:\ti\ccs930\ccs\tools\compiler\ti-cgt-arm_18.12.4.LTS\lib\</path>
         <kind>archive</kind>
         <file>rtsv7R4_T_be_v3D16_eabi.lib</file>
         <name>exit.c.obj</name>
      </input_file>
      <input_file id="fl-4a">
         <path>C:\ti\ccs930\ccs\tools\compiler\ti-cgt-arm_18.12.4.LTS\lib\</path>
         <kind>archive</kind>
         <file>rtsv7R4_T_be_v3D16_eabi.lib</file>
         <name>_lock.c.obj</name>
      </input_file>
      <input_file id="fl-4b">
         <path>C:\ti\ccs930\ccs\tools\compiler\ti-cgt-arm_18.12.4.LTS\lib\</path>
         <kind>archive</kind>
         <file>rtsv7R4_T_be_v3D16_eabi.lib</file>
         <name>div0.asm.obj</name>
      </input_file>
   </input_file_list>
   <object_component_list>
      <object_component id="oc-2d">
         <name>.intvecs</name>
         <load_address>0x0</load_address>
         <run_address>0x0</run_address>
         <size>0x20</size>
         <input_file_ref idref="fl-21"/>
      </object_component>
      <object_component id="oc-7e">
         <name>.text</name>
         <load_address>0x20</load_address>
         <run_address>0x20</run_address>
         <size>0x2cdc</size>
         <input_file_ref idref="fl-27"/>
      </object_component>
      <object_component id="oc-200">
         <name>.text</name>
         <load_address>0x2cfc</load_address>
         <run_address>0x2cfc</run_address>
         <size>0x2748</size>
         <input_file_ref idref="fl-12"/>
      </object_component>
      <object_component id="oc-12d">
         <name>.text</name>
         <load_address>0x5444</load_address>
         <run_address>0x5444</run_address>
         <size>0xe60</size>
         <input_file_ref idref="fl-8"/>
      </object_component>
      <object_component id="oc-78">
         <name>.text</name>
         <load_address>0x62a4</load_address>
         <run_address>0x62a4</run_address>
         <size>0xb64</size>
         <input_file_ref idref="fl-2a"/>
      </object_component>
      <object_component id="oc-3d">
         <name>.text</name>
         <load_address>0x6e08</load_address>
         <run_address>0x6e08</run_address>
         <size>0xa58</size>
         <input_file_ref idref="fl-29"/>
      </object_component>
      <object_component id="oc-27">
         <name>.text:retain</name>
         <load_address>0x7860</load_address>
         <run_address>0x7860</run_address>
         <size>0xa34</size>
         <input_file_ref idref="fl-1e"/>
      </object_component>
      <object_component id="oc-146">
         <name>.text</name>
         <load_address>0x8294</load_address>
         <run_address>0x8294</run_address>
         <size>0x93c</size>
         <input_file_ref idref="fl-d"/>
      </object_component>
      <object_component id="oc-e7">
         <name>.text</name>
         <load_address>0x8bd0</load_address>
         <run_address>0x8bd0</run_address>
         <size>0x8d4</size>
         <input_file_ref idref="fl-1b"/>
      </object_component>
      <object_component id="oc-6c">
         <name>.text</name>
         <load_address>0x94a4</load_address>
         <run_address>0x94a4</run_address>
         <size>0x664</size>
         <input_file_ref idref="fl-10"/>
      </object_component>
      <object_component id="oc-84">
         <name>.text</name>
         <load_address>0x9b08</load_address>
         <run_address>0x9b08</run_address>
         <size>0x5bc</size>
         <input_file_ref idref="fl-11"/>
      </object_component>
      <object_component id="oc-133">
         <name>.text</name>
         <load_address>0xa0c4</load_address>
         <run_address>0xa0c4</run_address>
         <size>0x450</size>
         <input_file_ref idref="fl-5"/>
      </object_component>
      <object_component id="oc-67">
         <name>.text</name>
         <load_address>0xa514</load_address>
         <run_address>0xa514</run_address>
         <size>0x34c</size>
         <input_file_ref idref="fl-1f"/>
      </object_component>
      <object_component id="oc-38">
         <name>.text:retain</name>
         <load_address>0xa860</load_address>
         <run_address>0xa860</run_address>
         <size>0x2cc</size>
         <input_file_ref idref="fl-29"/>
      </object_component>
      <object_component id="oc-93">
         <name>.text</name>
         <load_address>0xab2c</load_address>
         <run_address>0xab2c</run_address>
         <size>0x2c8</size>
         <input_file_ref idref="fl-19"/>
      </object_component>
      <object_component id="oc-18">
         <name>.text:retain</name>
         <load_address>0xadf4</load_address>
         <run_address>0xadf4</run_address>
         <size>0x290</size>
         <input_file_ref idref="fl-28"/>
      </object_component>
      <object_component id="oc-1e">
         <name>.text:retain</name>
         <load_address>0xb084</load_address>
         <run_address>0xb084</run_address>
         <size>0x114</size>
         <input_file_ref idref="fl-11"/>
      </object_component>
      <object_component id="oc-ac">
         <name>.text</name>
         <load_address>0xb198</load_address>
         <run_address>0xb198</run_address>
         <size>0xe8</size>
         <input_file_ref idref="fl-b"/>
      </object_component>
      <object_component id="oc-ef">
         <name>.text</name>
         <load_address>0xb280</load_address>
         <run_address>0xb280</run_address>
         <size>0xe0</size>
         <input_file_ref idref="fl-26"/>
      </object_component>
      <object_component id="oc-4f">
         <name>.text</name>
         <load_address>0xb360</load_address>
         <run_address>0xb360</run_address>
         <size>0x9c</size>
         <input_file_ref idref="fl-41"/>
      </object_component>
      <object_component id="oc-b">
         <name>.text:decompress:lzss:__TI_decompress_lzss</name>
         <load_address>0xb3fc</load_address>
         <run_address>0xb3fc</run_address>
         <size>0x6c</size>
         <input_file_ref idref="fl-48"/>
      </object_component>
      <object_component id="oc-fd">
         <name>.text:__TI_auto_init_nobinit_nopinit:__TI_auto_init_nobinit_nopinit</name>
         <load_address>0xb468</load_address>
         <run_address>0xb468</run_address>
         <size>0x44</size>
         <input_file_ref idref="fl-44"/>
      </object_component>
      <object_component id="oc-5b">
         <name>.text:decompress:ZI:__TI_zero_init_nomemset:__TI_zero_init_nomemset</name>
         <load_address>0xb4ac</load_address>
         <run_address>0xb4ac</run_address>
         <size>0x1c</size>
         <input_file_ref idref="fl-46"/>
      </object_component>
      <object_component id="oc-8b">
         <name>.text</name>
         <load_address>0xb4c8</load_address>
         <run_address>0xb4c8</run_address>
         <size>0x14</size>
         <input_file_ref idref="fl-2"/>
      </object_component>
      <object_component id="oc-11">
         <name>.text:decompress:none:__TI_decompress_none</name>
         <load_address>0xb4dc</load_address>
         <run_address>0xb4dc</run_address>
         <size>0xe</size>
         <input_file_ref idref="fl-47"/>
      </object_component>
      <object_component id="oc-13a">
         <name>.text:abort:abort</name>
         <load_address>0xb4ea</load_address>
         <run_address>0xb4ea</run_address>
         <size>0x4</size>
         <input_file_ref idref="fl-49"/>
      </object_component>
      <object_component id="oc-32">
         <name>.text:retain</name>
         <load_address>0xb4f0</load_address>
         <run_address>0xb4f0</run_address>
         <size>0x4</size>
         <input_file_ref idref="fl-24"/>
      </object_component>
      <object_component id="oc-72">
         <name>.text</name>
         <load_address>0xb4f4</load_address>
         <run_address>0xb4f4</run_address>
         <size>0x4</size>
         <input_file_ref idref="fl-28"/>
      </object_component>
      <object_component id="oc-24">
         <name>.const:s_vim_init</name>
         <load_address>0xb4f8</load_address>
         <run_address>0xb4f8</run_address>
         <size>0x200</size>
         <input_file_ref idref="fl-29"/>
      </object_component>
      <object_component id="oc-1f6">
         <name>.const:s_canByteOrder</name>
         <load_address>0xb6f8</load_address>
         <run_address>0xb6f8</run_address>
         <size>0x20</size>
         <input_file_ref idref="fl-8"/>
      </object_component>
      <object_component id="oc-2f6">
         <name>__TI_handler_table</name>
         <load_address>0xb718</load_address>
         <run_address>0xb718</run_address>
         <size>0xc</size>
      </object_component>
      <object_component id="oc-2f8">
         <name>.cinit..bss.load</name>
         <load_address>0xb728</load_address>
         <run_address>0xb728</run_address>
         <size>0x8</size>
      </object_component>
      <object_component id="oc-2f9">
         <name>.cinit..data.load</name>
         <load_address>0xb730</load_address>
         <run_address>0xb730</run_address>
         <size>0x6</size>
      </object_component>
      <object_component id="oc-2f7">
         <name>__TI_cinit_table</name>
         <load_address>0xb738</load_address>
         <run_address>0xb738</run_address>
         <size>0x10</size>
      </object_component>
      <object_component id="oc-a2">
         <name>.bss:g_spiPacket_t</name>
         <uninitialized>true</uninitialized>
         <run_address>0x8001300</run_address>
         <size>0x78</size>
         <input_file_ref idref="fl-1e"/>
      </object_component>
      <object_component id="oc-20c">
         <name>.common:freq_value</name>
         <uninitialized>true</uninitialized>
         <run_address>0x8001380</run_address>
         <size>0x4</size>
      </object_component>
      <object_component id="oc-20e">
         <name>.common:duty_value</name>
         <uninitialized>true</uninitialized>
         <run_address>0x800137c</run_address>
         <size>0x4</size>
      </object_component>
      <object_component id="oc-20d">
         <name>.common:frequency</name>
         <uninitialized>true</uninitialized>
         <run_address>0x8001384</run_address>
         <size>0x4</size>
      </object_component>
      <object_component id="oc-20f">
         <name>.common:duty_cycle</name>
         <uninitialized>true</uninitialized>
         <run_address>0x8001378</run_address>
         <size>0x4</size>
      </object_component>
      <object_component id="oc-206">
         <name>.common:isolationState</name>
         <uninitialized>true</uninitialized>
         <run_address>0x8001389</run_address>
         <size>0x1</size>
      </object_component>
      <object_component id="oc-210">
         <name>.common:currentState</name>
         <uninitialized>true</uninitialized>
         <run_address>0x8001388</run_address>
         <size>0x1</size>
      </object_component>
      <object_component id="oc-209">
         <name>.data:IMDData</name>
         <load_address>0x800138a</load_address>
         <run_address>0x800138a</run_address>
         <size>0x2</size>
         <input_file_ref idref="fl-5"/>
      </object_component>
      <object_component id="oc-191">
         <name>.debug_info</name>
         <load_address>0x0</load_address>
         <run_address>0x0</run_address>
         <size>0x47d</size>
         <input_file_ref idref="fl-2"/>
      </object_component>
      <object_component id="oc-8c">
         <name>.debug_info</name>
         <load_address>0x47d</load_address>
         <run_address>0x47d</run_address>
         <size>0x11a</size>
         <input_file_ref idref="fl-2"/>
      </object_component>
      <object_component id="oc-212">
         <name>.debug_info</name>
         <load_address>0x597</load_address>
         <run_address>0x597</run_address>
         <size>0xc6d</size>
         <input_file_ref idref="fl-2"/>
      </object_component>
      <object_component id="oc-217">
         <name>.debug_info</name>
         <load_address>0x1204</load_address>
         <run_address>0x1204</run_address>
         <size>0x113</size>
         <input_file_ref idref="fl-2"/>
      </object_component>
      <object_component id="oc-228">
         <name>.debug_info</name>
         <load_address>0x1317</load_address>
         <run_address>0x1317</run_address>
         <size>0x359</size>
         <input_file_ref idref="fl-2"/>
      </object_component>
      <object_component id="oc-15a">
         <name>.debug_info</name>
         <load_address>0x1670</load_address>
         <run_address>0x1670</run_address>
         <size>0x26b</size>
         <input_file_ref idref="fl-2"/>
      </object_component>
      <object_component id="oc-9a">
         <name>.debug_info</name>
         <load_address>0x18db</load_address>
         <run_address>0x18db</run_address>
         <size>0x157</size>
         <input_file_ref idref="fl-2"/>
      </object_component>
      <object_component id="oc-234">
         <name>.debug_info</name>
         <load_address>0x1a32</load_address>
         <run_address>0x1a32</run_address>
         <size>0x306</size>
         <input_file_ref idref="fl-2"/>
      </object_component>
      <object_component id="oc-ba">
         <name>.debug_info</name>
         <load_address>0x1d38</load_address>
         <run_address>0x1d38</run_address>
         <size>0x8b</size>
         <input_file_ref idref="fl-2"/>
      </object_component>
      <object_component id="oc-b5">
         <name>.debug_info</name>
         <load_address>0x1dc3</load_address>
         <run_address>0x1dc3</run_address>
         <size>0x18c</size>
         <input_file_ref idref="fl-2"/>
      </object_component>
      <object_component id="oc-257">
         <name>.debug_info</name>
         <load_address>0x1f4f</load_address>
         <run_address>0x1f4f</run_address>
         <size>0x297</size>
         <input_file_ref idref="fl-2"/>
      </object_component>
      <object_component id="oc-153">
         <name>.debug_info</name>
         <load_address>0x21e6</load_address>
         <run_address>0x21e6</run_address>
         <size>0xbb</size>
         <input_file_ref idref="fl-2"/>
      </object_component>
      <object_component id="oc-199">
         <name>.debug_info</name>
         <load_address>0x22a1</load_address>
         <run_address>0x22a1</run_address>
         <size>0x2c</size>
         <input_file_ref idref="fl-2"/>
      </object_component>
      <object_component id="oc-bf">
         <name>.debug_info</name>
         <load_address>0x22cd</load_address>
         <run_address>0x22cd</run_address>
         <size>0x86</size>
         <input_file_ref idref="fl-2"/>
      </object_component>
      <object_component id="oc-1b5">
         <name>.debug_info</name>
         <load_address>0x2353</load_address>
         <run_address>0x2353</run_address>
         <size>0x437</size>
         <input_file_ref idref="fl-2"/>
      </object_component>
      <object_component id="oc-1fb">
         <name>.debug_info</name>
         <load_address>0x278a</load_address>
         <run_address>0x278a</run_address>
         <size>0x15f</size>
         <input_file_ref idref="fl-2"/>
      </object_component>
      <object_component id="oc-243">
         <name>.debug_info</name>
         <load_address>0x28e9</load_address>
         <run_address>0x28e9</run_address>
         <size>0x152</size>
         <input_file_ref idref="fl-2"/>
      </object_component>
      <object_component id="oc-15f">
         <name>.debug_info</name>
         <load_address>0x2a3b</load_address>
         <run_address>0x2a3b</run_address>
         <size>0x1de</size>
         <input_file_ref idref="fl-2"/>
      </object_component>
      <object_component id="oc-f7">
         <name>.debug_info</name>
         <load_address>0x2c19</load_address>
         <run_address>0x2c19</run_address>
         <size>0x129</size>
         <input_file_ref idref="fl-2"/>
      </object_component>
      <object_component id="oc-248">
         <name>.debug_info</name>
         <load_address>0x2d42</load_address>
         <run_address>0x2d42</run_address>
         <size>0x396</size>
         <input_file_ref idref="fl-2"/>
      </object_component>
      <object_component id="oc-164">
         <name>.debug_info</name>
         <load_address>0x30d8</load_address>
         <run_address>0x30d8</run_address>
         <size>0x435</size>
         <input_file_ref idref="fl-2"/>
      </object_component>
      <object_component id="oc-1d3">
         <name>.debug_info</name>
         <load_address>0x350d</load_address>
         <run_address>0x350d</run_address>
         <size>0x551</size>
         <input_file_ref idref="fl-2"/>
      </object_component>
      <object_component id="oc-169">
         <name>.debug_info</name>
         <load_address>0x3a5e</load_address>
         <run_address>0x3a5e</run_address>
         <size>0x1f9</size>
         <input_file_ref idref="fl-2"/>
      </object_component>
      <object_component id="oc-1bf">
         <name>.debug_info</name>
         <load_address>0x3c57</load_address>
         <run_address>0x3c57</run_address>
         <size>0x3d3</size>
         <input_file_ref idref="fl-2"/>
      </object_component>
      <object_component id="oc-252">
         <name>.debug_info</name>
         <load_address>0x402a</load_address>
         <run_address>0x402a</run_address>
         <size>0x243</size>
         <input_file_ref idref="fl-2"/>
      </object_component>
      <object_component id="oc-16e">
         <name>.debug_info</name>
         <load_address>0x426d</load_address>
         <run_address>0x426d</run_address>
         <size>0x6a6</size>
         <input_file_ref idref="fl-2"/>
      </object_component>
      <object_component id="oc-173">
         <name>.debug_info</name>
         <load_address>0x4913</load_address>
         <run_address>0x4913</run_address>
         <size>0x13e</size>
         <input_file_ref idref="fl-2"/>
      </object_component>
      <object_component id="oc-178">
         <name>.debug_info</name>
         <load_address>0x4a51</load_address>
         <run_address>0x4a51</run_address>
         <size>0x2d0</size>
         <input_file_ref idref="fl-2"/>
      </object_component>
      <object_component id="oc-4a">
         <name>.debug_info</name>
         <load_address>0x4d21</load_address>
         <run_address>0x4d21</run_address>
         <size>0x84</size>
         <input_file_ref idref="fl-4"/>
      </object_component>
      <object_component id="oc-207">
         <name>.debug_info</name>
         <load_address>0x4da5</load_address>
         <run_address>0x4da5</run_address>
         <size>0x83e</size>
         <input_file_ref idref="fl-5"/>
      </object_component>
      <object_component id="oc-20a">
         <name>.debug_info</name>
         <load_address>0x55e3</load_address>
         <run_address>0x55e3</run_address>
         <size>0xd8</size>
         <input_file_ref idref="fl-5"/>
      </object_component>
      <object_component id="oc-134">
         <name>.debug_info</name>
         <load_address>0x56bb</load_address>
         <run_address>0x56bb</run_address>
         <size>0x55d</size>
         <input_file_ref idref="fl-5"/>
      </object_component>
      <object_component id="oc-267">
         <name>.debug_info</name>
         <load_address>0x5c18</load_address>
         <run_address>0x5c18</run_address>
         <size>0x30c</size>
         <input_file_ref idref="fl-6"/>
      </object_component>
      <object_component id="oc-1a6">
         <name>.debug_info</name>
         <load_address>0x5f24</load_address>
         <run_address>0x5f24</run_address>
         <size>0x791</size>
         <input_file_ref idref="fl-6"/>
      </object_component>
      <object_component id="oc-29c">
         <name>.debug_info</name>
         <load_address>0x66b5</load_address>
         <run_address>0x66b5</run_address>
         <size>0x38f</size>
         <input_file_ref idref="fl-6"/>
      </object_component>
      <object_component id="oc-1fa">
         <name>.debug_info</name>
         <load_address>0x6a44</load_address>
         <run_address>0x6a44</run_address>
         <size>0x30e</size>
         <input_file_ref idref="fl-8"/>
      </object_component>
      <object_component id="oc-1f7">
         <name>.debug_info</name>
         <load_address>0x6d52</load_address>
         <run_address>0x6d52</run_address>
         <size>0xe5</size>
         <input_file_ref idref="fl-8"/>
      </object_component>
      <object_component id="oc-12f">
         <name>.debug_info</name>
         <load_address>0x6e37</load_address>
         <run_address>0x6e37</run_address>
         <size>0x1678</size>
         <input_file_ref idref="fl-8"/>
      </object_component>
      <object_component id="oc-297">
         <name>.debug_info</name>
         <load_address>0x84af</load_address>
         <run_address>0x84af</run_address>
         <size>0x2bc</size>
         <input_file_ref idref="fl-a"/>
      </object_component>
      <object_component id="oc-239">
         <name>.debug_info</name>
         <load_address>0x876b</load_address>
         <run_address>0x876b</run_address>
         <size>0x3b8</size>
         <input_file_ref idref="fl-a"/>
      </object_component>
      <object_component id="oc-2c2">
         <name>.debug_info</name>
         <load_address>0x8b23</load_address>
         <run_address>0x8b23</run_address>
         <size>0x22c</size>
         <input_file_ref idref="fl-a"/>
      </object_component>
      <object_component id="oc-ae">
         <name>.debug_info</name>
         <load_address>0x8d4f</load_address>
         <run_address>0x8d4f</run_address>
         <size>0x107</size>
         <input_file_ref idref="fl-b"/>
      </object_component>
      <object_component id="oc-298">
         <name>.debug_info</name>
         <load_address>0x8e56</load_address>
         <run_address>0x8e56</run_address>
         <size>0x291</size>
         <input_file_ref idref="fl-c"/>
      </object_component>
      <object_component id="oc-2c9">
         <name>.debug_info</name>
         <load_address>0x90e7</load_address>
         <run_address>0x90e7</run_address>
         <size>0x155</size>
         <input_file_ref idref="fl-c"/>
      </object_component>
      <object_component id="oc-23e">
         <name>.debug_info</name>
         <load_address>0x923c</load_address>
         <run_address>0x923c</run_address>
         <size>0x116</size>
         <input_file_ref idref="fl-c"/>
      </object_component>
      <object_component id="oc-227">
         <name>.debug_info</name>
         <load_address>0x9352</load_address>
         <run_address>0x9352</run_address>
         <size>0x2ae</size>
         <input_file_ref idref="fl-d"/>
      </object_component>
      <object_component id="oc-147">
         <name>.debug_info</name>
         <load_address>0x9600</load_address>
         <run_address>0x9600</run_address>
         <size>0x19e3</size>
         <input_file_ref idref="fl-d"/>
      </object_component>
      <object_component id="oc-1a1">
         <name>.debug_info</name>
         <load_address>0xafe3</load_address>
         <run_address>0xafe3</run_address>
         <size>0x2bb</size>
         <input_file_ref idref="fl-10"/>
      </object_component>
      <object_component id="oc-6d">
         <name>.debug_info</name>
         <load_address>0xb29e</load_address>
         <run_address>0xb29e</run_address>
         <size>0x6aa</size>
         <input_file_ref idref="fl-10"/>
      </object_component>
      <object_component id="oc-e1">
         <name>.debug_info</name>
         <load_address>0xb948</load_address>
         <run_address>0xb948</run_address>
         <size>0x9e7</size>
         <input_file_ref idref="fl-10"/>
      </object_component>
      <object_component id="oc-fc">
         <name>.debug_info</name>
         <load_address>0xc32f</load_address>
         <run_address>0xc32f</run_address>
         <size>0x313</size>
         <input_file_ref idref="fl-11"/>
      </object_component>
      <object_component id="oc-85">
         <name>.debug_info</name>
         <load_address>0xc642</load_address>
         <run_address>0xc642</run_address>
         <size>0xc9e</size>
         <input_file_ref idref="fl-11"/>
      </object_component>
      <object_component id="oc-1f">
         <name>.debug_info</name>
         <load_address>0xd2e0</load_address>
         <run_address>0xd2e0</run_address>
         <size>0x19e</size>
         <input_file_ref idref="fl-11"/>
      </object_component>
      <object_component id="oc-269">
         <name>.debug_info</name>
         <load_address>0xd47e</load_address>
         <run_address>0xd47e</run_address>
         <size>0x2b0</size>
         <input_file_ref idref="fl-12"/>
      </object_component>
      <object_component id="oc-202">
         <name>.debug_info</name>
         <load_address>0xd72e</load_address>
         <run_address>0xd72e</run_address>
         <size>0x2b9a</size>
         <input_file_ref idref="fl-12"/>
      </object_component>
      <object_component id="oc-1c4">
         <name>.debug_info</name>
         <load_address>0x102c8</load_address>
         <run_address>0x102c8</run_address>
         <size>0x508</size>
         <input_file_ref idref="fl-12"/>
      </object_component>
      <object_component id="oc-262">
         <name>.debug_info</name>
         <load_address>0x107d0</load_address>
         <run_address>0x107d0</run_address>
         <size>0x43c</size>
         <input_file_ref idref="fl-12"/>
      </object_component>
      <object_component id="oc-299">
         <name>.debug_info</name>
         <load_address>0x10c0c</load_address>
         <run_address>0x10c0c</run_address>
         <size>0x2a1</size>
         <input_file_ref idref="fl-15"/>
      </object_component>
      <object_component id="oc-24d">
         <name>.debug_info</name>
         <load_address>0x10ead</load_address>
         <run_address>0x10ead</run_address>
         <size>0x2e2</size>
         <input_file_ref idref="fl-15"/>
      </object_component>
      <object_component id="oc-2d0">
         <name>.debug_info</name>
         <load_address>0x1118f</load_address>
         <run_address>0x1118f</run_address>
         <size>0x34f</size>
         <input_file_ref idref="fl-15"/>
      </object_component>
      <object_component id="oc-268">
         <name>.debug_info</name>
         <load_address>0x114de</load_address>
         <run_address>0x114de</run_address>
         <size>0x2f7</size>
         <input_file_ref idref="fl-18"/>
      </object_component>
      <object_component id="oc-1ab">
         <name>.debug_info</name>
         <load_address>0x117d5</load_address>
         <run_address>0x117d5</run_address>
         <size>0x4de</size>
         <input_file_ref idref="fl-18"/>
      </object_component>
      <object_component id="oc-2a3">
         <name>.debug_info</name>
         <load_address>0x11cb3</load_address>
         <run_address>0x11cb3</run_address>
         <size>0x44e</size>
         <input_file_ref idref="fl-18"/>
      </object_component>
      <object_component id="oc-14d">
         <name>.debug_info</name>
         <load_address>0x12101</load_address>
         <run_address>0x12101</run_address>
         <size>0x61c</size>
         <input_file_ref idref="fl-19"/>
      </object_component>
      <object_component id="oc-94">
         <name>.debug_info</name>
         <load_address>0x1271d</load_address>
         <run_address>0x1271d</run_address>
         <size>0x16c6</size>
         <input_file_ref idref="fl-19"/>
      </object_component>
      <object_component id="oc-1b0">
         <name>.debug_info</name>
         <load_address>0x13de3</load_address>
         <run_address>0x13de3</run_address>
         <size>0x3ce</size>
         <input_file_ref idref="fl-19"/>
      </object_component>
      <object_component id="oc-22f">
         <name>.debug_info</name>
         <load_address>0x141b1</load_address>
         <run_address>0x141b1</run_address>
         <size>0x7cd</size>
         <input_file_ref idref="fl-19"/>
      </object_component>
      <object_component id="oc-14e">
         <name>.debug_info</name>
         <load_address>0x1497e</load_address>
         <run_address>0x1497e</run_address>
         <size>0x673</size>
         <input_file_ref idref="fl-19"/>
      </object_component>
      <object_component id="oc-a7">
         <name>.debug_info</name>
         <load_address>0x14ff1</load_address>
         <run_address>0x14ff1</run_address>
         <size>0x375</size>
         <input_file_ref idref="fl-19"/>
      </object_component>
      <object_component id="oc-1e0">
         <name>.debug_info</name>
         <load_address>0x15366</load_address>
         <run_address>0x15366</run_address>
         <size>0x37b</size>
         <input_file_ref idref="fl-19"/>
      </object_component>
      <object_component id="oc-1ba">
         <name>.debug_info</name>
         <load_address>0x156e1</load_address>
         <run_address>0x156e1</run_address>
         <size>0x1ca</size>
         <input_file_ref idref="fl-19"/>
      </object_component>
      <object_component id="oc-1c9">
         <name>.debug_info</name>
         <load_address>0x158ab</load_address>
         <run_address>0x158ab</run_address>
         <size>0x1de</size>
         <input_file_ref idref="fl-19"/>
      </object_component>
      <object_component id="oc-18b">
         <name>.debug_info</name>
         <load_address>0x15a89</load_address>
         <run_address>0x15a89</run_address>
         <size>0x26c</size>
         <input_file_ref idref="fl-19"/>
      </object_component>
      <object_component id="oc-1d8">
         <name>.debug_info</name>
         <load_address>0x15cf5</load_address>
         <run_address>0x15cf5</run_address>
         <size>0x17a</size>
         <input_file_ref idref="fl-19"/>
      </object_component>
      <object_component id="oc-1a3">
         <name>.debug_info</name>
         <load_address>0x15e6f</load_address>
         <run_address>0x15e6f</run_address>
         <size>0x27d</size>
         <input_file_ref idref="fl-1b"/>
      </object_component>
      <object_component id="oc-e9">
         <name>.debug_info</name>
         <load_address>0x160ec</load_address>
         <run_address>0x160ec</run_address>
         <size>0x212</size>
         <input_file_ref idref="fl-1b"/>
      </object_component>
      <object_component id="oc-a6">
         <name>.debug_info</name>
         <load_address>0x162fe</load_address>
         <run_address>0x162fe</run_address>
         <size>0x338</size>
         <input_file_ref idref="fl-1e"/>
      </object_component>
      <object_component id="oc-a3">
         <name>.debug_info</name>
         <load_address>0x16636</load_address>
         <run_address>0x16636</run_address>
         <size>0xe3</size>
         <input_file_ref idref="fl-1e"/>
      </object_component>
      <object_component id="oc-28">
         <name>.debug_info</name>
         <load_address>0x16719</load_address>
         <run_address>0x16719</run_address>
         <size>0x845</size>
         <input_file_ref idref="fl-1e"/>
      </object_component>
      <object_component id="oc-186">
         <name>.debug_info</name>
         <load_address>0x16f5e</load_address>
         <run_address>0x16f5e</run_address>
         <size>0xb9</size>
         <input_file_ref idref="fl-1e"/>
      </object_component>
      <object_component id="oc-68">
         <name>.debug_info</name>
         <load_address>0x17017</load_address>
         <run_address>0x17017</run_address>
         <size>0x946</size>
         <input_file_ref idref="fl-1f"/>
      </object_component>
      <object_component id="oc-30">
         <name>.debug_info</name>
         <load_address>0x1795d</load_address>
         <run_address>0x1795d</run_address>
         <size>0x10f</size>
         <input_file_ref idref="fl-21"/>
      </object_component>
      <object_component id="oc-26a">
         <name>.debug_info</name>
         <load_address>0x17a6c</load_address>
         <run_address>0x17a6c</run_address>
         <size>0x29c</size>
         <input_file_ref idref="fl-23"/>
      </object_component>
      <object_component id="oc-2ac">
         <name>.debug_info</name>
         <load_address>0x17d08</load_address>
         <run_address>0x17d08</run_address>
         <size>0x242</size>
         <input_file_ref idref="fl-23"/>
      </object_component>
      <object_component id="oc-1ce">
         <name>.debug_info</name>
         <load_address>0x17f4a</load_address>
         <run_address>0x17f4a</run_address>
         <size>0x2af</size>
         <input_file_ref idref="fl-23"/>
      </object_component>
      <object_component id="oc-33">
         <name>.debug_info</name>
         <load_address>0x181f9</load_address>
         <run_address>0x181f9</run_address>
         <size>0x14f</size>
         <input_file_ref idref="fl-24"/>
      </object_component>
      <object_component id="oc-f2">
         <name>.debug_info</name>
         <load_address>0x18348</load_address>
         <run_address>0x18348</run_address>
         <size>0x3e7</size>
         <input_file_ref idref="fl-26"/>
      </object_component>
      <object_component id="oc-f5">
         <name>.debug_info</name>
         <load_address>0x1872f</load_address>
         <run_address>0x1872f</run_address>
         <size>0x66c</size>
         <input_file_ref idref="fl-27"/>
      </object_component>
      <object_component id="oc-7f">
         <name>.debug_info</name>
         <load_address>0x18d9b</load_address>
         <run_address>0x18d9b</run_address>
         <size>0x3319</size>
         <input_file_ref idref="fl-27"/>
      </object_component>
      <object_component id="oc-1a">
         <name>.debug_info</name>
         <load_address>0x1c0b4</load_address>
         <run_address>0x1c0b4</run_address>
         <size>0x5f5</size>
         <input_file_ref idref="fl-28"/>
      </object_component>
      <object_component id="oc-73">
         <name>.debug_info</name>
         <load_address>0x1c6a9</load_address>
         <run_address>0x1c6a9</run_address>
         <size>0x148</size>
         <input_file_ref idref="fl-28"/>
      </object_component>
      <object_component id="oc-a1">
         <name>.debug_info</name>
         <load_address>0x1c7f1</load_address>
         <run_address>0x1c7f1</run_address>
         <size>0x520</size>
         <input_file_ref idref="fl-29"/>
      </object_component>
      <object_component id="oc-25">
         <name>.debug_info</name>
         <load_address>0x1cd11</load_address>
         <run_address>0x1cd11</run_address>
         <size>0xe1</size>
         <input_file_ref idref="fl-29"/>
      </object_component>
      <object_component id="oc-3e">
         <name>.debug_info</name>
         <load_address>0x1cdf2</load_address>
         <run_address>0x1cdf2</run_address>
         <size>0x4e1</size>
         <input_file_ref idref="fl-29"/>
      </object_component>
      <object_component id="oc-3a">
         <name>.debug_info</name>
         <load_address>0x1d2d3</load_address>
         <run_address>0x1d2d3</run_address>
         <size>0x212</size>
         <input_file_ref idref="fl-29"/>
      </object_component>
      <object_component id="oc-17d">
         <name>.debug_info</name>
         <load_address>0x1d4e5</load_address>
         <run_address>0x1d4e5</run_address>
         <size>0x4f</size>
         <input_file_ref idref="fl-29"/>
      </object_component>
      <object_component id="oc-ee">
         <name>.debug_info</name>
         <load_address>0x1d534</load_address>
         <run_address>0x1d534</run_address>
         <size>0x519</size>
         <input_file_ref idref="fl-2a"/>
      </object_component>
      <object_component id="oc-7a">
         <name>.debug_info</name>
         <load_address>0x1da4d</load_address>
         <run_address>0x1da4d</run_address>
         <size>0x8c8</size>
         <input_file_ref idref="fl-2a"/>
      </object_component>
      <object_component id="oc-50">
         <name>.debug_info</name>
         <load_address>0x1e315</load_address>
         <run_address>0x1e315</run_address>
         <size>0x118</size>
         <input_file_ref idref="fl-41"/>
      </object_component>
      <object_component id="oc-1e8">
         <name>.debug_info</name>
         <load_address>0x1e42d</load_address>
         <run_address>0x1e42d</run_address>
         <size>0x4b2</size>
         <input_file_ref idref="fl-44"/>
      </object_component>
      <object_component id="oc-fe">
         <name>.debug_info</name>
         <load_address>0x1e8df</load_address>
         <run_address>0x1e8df</run_address>
         <size>0x1a5</size>
         <input_file_ref idref="fl-44"/>
      </object_component>
      <object_component id="oc-26d">
         <name>.debug_info</name>
         <load_address>0x1ea84</load_address>
         <run_address>0x1ea84</run_address>
         <size>0x39</size>
         <input_file_ref idref="fl-44"/>
      </object_component>
      <object_component id="oc-2b1">
         <name>.debug_info</name>
         <load_address>0x1eabd</load_address>
         <run_address>0x1eabd</run_address>
         <size>0x39</size>
         <input_file_ref idref="fl-44"/>
      </object_component>
      <object_component id="oc-272">
         <name>.debug_info</name>
         <load_address>0x1eaf6</load_address>
         <run_address>0x1eaf6</run_address>
         <size>0x39</size>
         <input_file_ref idref="fl-44"/>
      </object_component>
      <object_component id="oc-277">
         <name>.debug_info</name>
         <load_address>0x1eb2f</load_address>
         <run_address>0x1eb2f</run_address>
         <size>0xcd</size>
         <input_file_ref idref="fl-44"/>
      </object_component>
      <object_component id="oc-d8">
         <name>.debug_info</name>
         <load_address>0x1ebfc</load_address>
         <run_address>0x1ebfc</run_address>
         <size>0x2d3</size>
         <input_file_ref idref="fl-46"/>
      </object_component>
      <object_component id="oc-5c">
         <name>.debug_info</name>
         <load_address>0x1eecf</load_address>
         <run_address>0x1eecf</run_address>
         <size>0x1d1</size>
         <input_file_ref idref="fl-46"/>
      </object_component>
      <object_component id="oc-d3">
         <name>.debug_info</name>
         <load_address>0x1f0a0</load_address>
         <run_address>0x1f0a0</run_address>
         <size>0x46</size>
         <input_file_ref idref="fl-46"/>
      </object_component>
      <object_component id="oc-5a">
         <name>.debug_info</name>
         <load_address>0x1f0e6</load_address>
         <run_address>0x1f0e6</run_address>
         <size>0x2a2</size>
         <input_file_ref idref="fl-47"/>
      </object_component>
      <object_component id="oc-14">
         <name>.debug_info</name>
         <load_address>0x1f388</load_address>
         <run_address>0x1f388</run_address>
         <size>0x1d4</size>
         <input_file_ref idref="fl-47"/>
      </object_component>
      <object_component id="oc-55">
         <name>.debug_info</name>
         <load_address>0x1f55c</load_address>
         <run_address>0x1f55c</run_address>
         <size>0x46</size>
         <input_file_ref idref="fl-47"/>
      </object_component>
      <object_component id="oc-cb">
         <name>.debug_info</name>
         <load_address>0x1f5a2</load_address>
         <run_address>0x1f5a2</run_address>
         <size>0x2c</size>
         <input_file_ref idref="fl-47"/>
      </object_component>
      <object_component id="oc-c9">
         <name>.debug_info</name>
         <load_address>0x1f5ce</load_address>
         <run_address>0x1f5ce</run_address>
         <size>0x29d</size>
         <input_file_ref idref="fl-48"/>
      </object_component>
      <object_component id="oc-d">
         <name>.debug_info</name>
         <load_address>0x1f86b</load_address>
         <run_address>0x1f86b</run_address>
         <size>0x24f</size>
         <input_file_ref idref="fl-48"/>
      </object_component>
      <object_component id="oc-45">
         <name>.debug_info</name>
         <load_address>0x1faba</load_address>
         <run_address>0x1faba</run_address>
         <size>0x60</size>
         <input_file_ref idref="fl-48"/>
      </object_component>
      <object_component id="oc-192">
         <name>.debug_info</name>
         <load_address>0x1fb1a</load_address>
         <run_address>0x1fb1a</run_address>
         <size>0x46</size>
         <input_file_ref idref="fl-48"/>
      </object_component>
      <object_component id="oc-c4">
         <name>.debug_info</name>
         <load_address>0x1fb60</load_address>
         <run_address>0x1fb60</run_address>
         <size>0x39</size>
         <input_file_ref idref="fl-48"/>
      </object_component>
      <object_component id="oc-13e">
         <name>.debug_info</name>
         <load_address>0x1fb99</load_address>
         <run_address>0x1fb99</run_address>
         <size>0x121</size>
         <input_file_ref idref="fl-49"/>
      </object_component>
      <object_component id="oc-2fa">
         <name>.debug_info</name>
         <load_address>0x1fcba</load_address>
         <run_address>0x1fcba</run_address>
         <size>0x98</size>
      </object_component>
      <object_component id="oc-25d">
         <name>.debug_line</name>
         <load_address>0x0</load_address>
         <run_address>0x0</run_address>
         <size>0x9e</size>
         <input_file_ref idref="fl-2"/>
      </object_component>
      <object_component id="oc-8f">
         <name>.debug_line</name>
         <load_address>0x9e</load_address>
         <run_address>0x9e</run_address>
         <size>0x49</size>
         <input_file_ref idref="fl-2"/>
      </object_component>
      <object_component id="oc-215">
         <name>.debug_line</name>
         <load_address>0xe7</load_address>
         <run_address>0xe7</run_address>
         <size>0x61</size>
         <input_file_ref idref="fl-2"/>
      </object_component>
      <object_component id="oc-21a">
         <name>.debug_line</name>
         <load_address>0x148</load_address>
         <run_address>0x148</run_address>
         <size>0x5f</size>
         <input_file_ref idref="fl-2"/>
      </object_component>
      <object_component id="oc-22b">
         <name>.debug_line</name>
         <load_address>0x1a7</load_address>
         <run_address>0x1a7</run_address>
         <size>0x60</size>
         <input_file_ref idref="fl-2"/>
      </object_component>
      <object_component id="oc-15d">
         <name>.debug_line</name>
         <load_address>0x207</load_address>
         <run_address>0x207</run_address>
         <size>0x6f</size>
         <input_file_ref idref="fl-2"/>
      </object_component>
      <object_component id="oc-9d">
         <name>.debug_line</name>
         <load_address>0x276</load_address>
         <run_address>0x276</run_address>
         <size>0x68</size>
         <input_file_ref idref="fl-2"/>
      </object_component>
      <object_component id="oc-237">
         <name>.debug_line</name>
         <load_address>0x2de</load_address>
         <run_address>0x2de</run_address>
         <size>0x63</size>
         <input_file_ref idref="fl-2"/>
      </object_component>
      <object_component id="oc-bd">
         <name>.debug_line</name>
         <load_address>0x341</load_address>
         <run_address>0x341</run_address>
         <size>0x20</size>
         <input_file_ref idref="fl-2"/>
      </object_component>
      <object_component id="oc-b8">
         <name>.debug_line</name>
         <load_address>0x361</load_address>
         <run_address>0x361</run_address>
         <size>0x63</size>
         <input_file_ref idref="fl-2"/>
      </object_component>
      <object_component id="oc-25a">
         <name>.debug_line</name>
         <load_address>0x3c4</load_address>
         <run_address>0x3c4</run_address>
         <size>0x73</size>
         <input_file_ref idref="fl-2"/>
      </object_component>
      <object_component id="oc-156">
         <name>.debug_line</name>
         <load_address>0x437</load_address>
         <run_address>0x437</run_address>
         <size>0x70</size>
         <input_file_ref idref="fl-2"/>
      </object_component>
      <object_component id="oc-19c">
         <name>.debug_line</name>
         <load_address>0x4a7</load_address>
         <run_address>0x4a7</run_address>
         <size>0x6b</size>
         <input_file_ref idref="fl-2"/>
      </object_component>
      <object_component id="oc-c2">
         <name>.debug_line</name>
         <load_address>0x512</load_address>
         <run_address>0x512</run_address>
         <size>0x66</size>
         <input_file_ref idref="fl-2"/>
      </object_component>
      <object_component id="oc-1b8">
         <name>.debug_line</name>
         <load_address>0x578</load_address>
         <run_address>0x578</run_address>
         <size>0x63</size>
         <input_file_ref idref="fl-2"/>
      </object_component>
      <object_component id="oc-1fe">
         <name>.debug_line</name>
         <load_address>0x5db</load_address>
         <run_address>0x5db</run_address>
         <size>0x5f</size>
         <input_file_ref idref="fl-2"/>
      </object_component>
      <object_component id="oc-246">
         <name>.debug_line</name>
         <load_address>0x63a</load_address>
         <run_address>0x63a</run_address>
         <size>0x64</size>
         <input_file_ref idref="fl-2"/>
      </object_component>
      <object_component id="oc-162">
         <name>.debug_line</name>
         <load_address>0x69e</load_address>
         <run_address>0x69e</run_address>
         <size>0x63</size>
         <input_file_ref idref="fl-2"/>
      </object_component>
      <object_component id="oc-fa">
         <name>.debug_line</name>
         <load_address>0x701</load_address>
         <run_address>0x701</run_address>
         <size>0x5f</size>
         <input_file_ref idref="fl-2"/>
      </object_component>
      <object_component id="oc-24b">
         <name>.debug_line</name>
         <load_address>0x760</load_address>
         <run_address>0x760</run_address>
         <size>0x65</size>
         <input_file_ref idref="fl-2"/>
      </object_component>
      <object_component id="oc-167">
         <name>.debug_line</name>
         <load_address>0x7c5</load_address>
         <run_address>0x7c5</run_address>
         <size>0x65</size>
         <input_file_ref idref="fl-2"/>
      </object_component>
      <object_component id="oc-1d6">
         <name>.debug_line</name>
         <load_address>0x82a</load_address>
         <run_address>0x82a</run_address>
         <size>0x62</size>
         <input_file_ref idref="fl-2"/>
      </object_component>
      <object_component id="oc-16c">
         <name>.debug_line</name>
         <load_address>0x88c</load_address>
         <run_address>0x88c</run_address>
         <size>0x63</size>
         <input_file_ref idref="fl-2"/>
      </object_component>
      <object_component id="oc-1c2">
         <name>.debug_line</name>
         <load_address>0x8ef</load_address>
         <run_address>0x8ef</run_address>
         <size>0x63</size>
         <input_file_ref idref="fl-2"/>
      </object_component>
      <object_component id="oc-255">
         <name>.debug_line</name>
         <load_address>0x952</load_address>
         <run_address>0x952</run_address>
         <size>0x63</size>
         <input_file_ref idref="fl-2"/>
      </object_component>
      <object_component id="oc-171">
         <name>.debug_line</name>
         <load_address>0x9b5</load_address>
         <run_address>0x9b5</run_address>
         <size>0x66</size>
         <input_file_ref idref="fl-2"/>
      </object_component>
      <object_component id="oc-176">
         <name>.debug_line</name>
         <load_address>0xa1b</load_address>
         <run_address>0xa1b</run_address>
         <size>0x65</size>
         <input_file_ref idref="fl-2"/>
      </object_component>
      <object_component id="oc-17b">
         <name>.debug_line</name>
         <load_address>0xa80</load_address>
         <run_address>0xa80</run_address>
         <size>0x63</size>
         <input_file_ref idref="fl-2"/>
      </object_component>
      <object_component id="oc-4d">
         <name>.debug_line</name>
         <load_address>0xae3</load_address>
         <run_address>0xae3</run_address>
         <size>0x20</size>
         <input_file_ref idref="fl-4"/>
      </object_component>
      <object_component id="oc-284">
         <name>.debug_line</name>
         <load_address>0xb03</load_address>
         <run_address>0xb03</run_address>
         <size>0xbf</size>
         <input_file_ref idref="fl-5"/>
      </object_component>
      <object_component id="oc-286">
         <name>.debug_line</name>
         <load_address>0xbc2</load_address>
         <run_address>0xbc2</run_address>
         <size>0x3e</size>
         <input_file_ref idref="fl-5"/>
      </object_component>
      <object_component id="oc-138">
         <name>.debug_line</name>
         <load_address>0xc00</load_address>
         <run_address>0xc00</run_address>
         <size>0x132</size>
         <input_file_ref idref="fl-5"/>
      </object_component>
      <object_component id="oc-29b">
         <name>.debug_line</name>
         <load_address>0xd32</load_address>
         <run_address>0xd32</run_address>
         <size>0x20</size>
         <input_file_ref idref="fl-6"/>
      </object_component>
      <object_component id="oc-1a9">
         <name>.debug_line</name>
         <load_address>0xd52</load_address>
         <run_address>0xd52</run_address>
         <size>0x63</size>
         <input_file_ref idref="fl-6"/>
      </object_component>
      <object_component id="oc-29f">
         <name>.debug_line</name>
         <load_address>0xdb5</load_address>
         <run_address>0xdb5</run_address>
         <size>0x5f</size>
         <input_file_ref idref="fl-6"/>
      </object_component>
      <object_component id="oc-281">
         <name>.debug_line</name>
         <load_address>0xe14</load_address>
         <run_address>0xe14</run_address>
         <size>0x20</size>
         <input_file_ref idref="fl-8"/>
      </object_component>
      <object_component id="oc-27f">
         <name>.debug_line</name>
         <load_address>0xe34</load_address>
         <run_address>0xe34</run_address>
         <size>0x3e</size>
         <input_file_ref idref="fl-8"/>
      </object_component>
      <object_component id="oc-12e">
         <name>.debug_line</name>
         <load_address>0xe72</load_address>
         <run_address>0xe72</run_address>
         <size>0x467</size>
         <input_file_ref idref="fl-8"/>
      </object_component>
      <object_component id="oc-2c1">
         <name>.debug_line</name>
         <load_address>0x12d9</load_address>
         <run_address>0x12d9</run_address>
         <size>0x20</size>
         <input_file_ref idref="fl-a"/>
      </object_component>
      <object_component id="oc-23c">
         <name>.debug_line</name>
         <load_address>0x12f9</load_address>
         <run_address>0x12f9</run_address>
         <size>0x63</size>
         <input_file_ref idref="fl-a"/>
      </object_component>
      <object_component id="oc-2c5">
         <name>.debug_line</name>
         <load_address>0x135c</load_address>
         <run_address>0x135c</run_address>
         <size>0x5f</size>
         <input_file_ref idref="fl-a"/>
      </object_component>
      <object_component id="oc-b0">
         <name>.debug_line</name>
         <load_address>0x13bb</load_address>
         <run_address>0x13bb</run_address>
         <size>0x83</size>
         <input_file_ref idref="fl-b"/>
      </object_component>
      <object_component id="oc-2c8">
         <name>.debug_line</name>
         <load_address>0x143e</load_address>
         <run_address>0x143e</run_address>
         <size>0x20</size>
         <input_file_ref idref="fl-c"/>
      </object_component>
      <object_component id="oc-2cc">
         <name>.debug_line</name>
         <load_address>0x145e</load_address>
         <run_address>0x145e</run_address>
         <size>0x5f</size>
         <input_file_ref idref="fl-c"/>
      </object_component>
      <object_component id="oc-241">
         <name>.debug_line</name>
         <load_address>0x14bd</load_address>
         <run_address>0x14bd</run_address>
         <size>0x63</size>
         <input_file_ref idref="fl-c"/>
      </object_component>
      <object_component id="oc-296">
         <name>.debug_line</name>
         <load_address>0x1520</load_address>
         <run_address>0x1520</run_address>
         <size>0x20</size>
         <input_file_ref idref="fl-d"/>
      </object_component>
      <object_component id="oc-14b">
         <name>.debug_line</name>
         <load_address>0x1540</load_address>
         <run_address>0x1540</run_address>
         <size>0x40d</size>
         <input_file_ref idref="fl-d"/>
      </object_component>
      <object_component id="oc-25f">
         <name>.debug_line</name>
         <load_address>0x194d</load_address>
         <run_address>0x194d</run_address>
         <size>0x20</size>
         <input_file_ref idref="fl-10"/>
      </object_component>
      <object_component id="oc-71">
         <name>.debug_line</name>
         <load_address>0x196d</load_address>
         <run_address>0x196d</run_address>
         <size>0x206</size>
         <input_file_ref idref="fl-10"/>
      </object_component>
      <object_component id="oc-e4">
         <name>.debug_line</name>
         <load_address>0x1b73</load_address>
         <run_address>0x1b73</run_address>
         <size>0x72</size>
         <input_file_ref idref="fl-10"/>
      </object_component>
      <object_component id="oc-1e6">
         <name>.debug_line</name>
         <load_address>0x1be5</load_address>
         <run_address>0x1be5</run_address>
         <size>0x5f</size>
         <input_file_ref idref="fl-11"/>
      </object_component>
      <object_component id="oc-88">
         <name>.debug_line</name>
         <load_address>0x1c44</load_address>
         <run_address>0x1c44</run_address>
         <size>0x294</size>
         <input_file_ref idref="fl-11"/>
      </object_component>
      <object_component id="oc-22">
         <name>.debug_line</name>
         <load_address>0x1ed8</load_address>
         <run_address>0x1ed8</run_address>
         <size>0x79</size>
         <input_file_ref idref="fl-11"/>
      </object_component>
      <object_component id="oc-2a9">
         <name>.debug_line</name>
         <load_address>0x1f51</load_address>
         <run_address>0x1f51</run_address>
         <size>0x20</size>
         <input_file_ref idref="fl-12"/>
      </object_component>
      <object_component id="oc-205">
         <name>.debug_line</name>
         <load_address>0x1f71</load_address>
         <run_address>0x1f71</run_address>
         <size>0x83e</size>
         <input_file_ref idref="fl-12"/>
      </object_component>
      <object_component id="oc-1c7">
         <name>.debug_line</name>
         <load_address>0x27af</load_address>
         <run_address>0x27af</run_address>
         <size>0x66</size>
         <input_file_ref idref="fl-12"/>
      </object_component>
      <object_component id="oc-265">
         <name>.debug_line</name>
         <load_address>0x2815</load_address>
         <run_address>0x2815</run_address>
         <size>0x62</size>
         <input_file_ref idref="fl-12"/>
      </object_component>
      <object_component id="oc-2cf">
         <name>.debug_line</name>
         <load_address>0x2877</load_address>
         <run_address>0x2877</run_address>
         <size>0x20</size>
         <input_file_ref idref="fl-15"/>
      </object_component>
      <object_component id="oc-250">
         <name>.debug_line</name>
         <load_address>0x2897</load_address>
         <run_address>0x2897</run_address>
         <size>0x63</size>
         <input_file_ref idref="fl-15"/>
      </object_component>
      <object_component id="oc-2d3">
         <name>.debug_line</name>
         <load_address>0x28fa</load_address>
         <run_address>0x28fa</run_address>
         <size>0x5f</size>
         <input_file_ref idref="fl-15"/>
      </object_component>
      <object_component id="oc-2a2">
         <name>.debug_line</name>
         <load_address>0x2959</load_address>
         <run_address>0x2959</run_address>
         <size>0x20</size>
         <input_file_ref idref="fl-18"/>
      </object_component>
      <object_component id="oc-1ae">
         <name>.debug_line</name>
         <load_address>0x2979</load_address>
         <run_address>0x2979</run_address>
         <size>0x66</size>
         <input_file_ref idref="fl-18"/>
      </object_component>
      <object_component id="oc-2a6">
         <name>.debug_line</name>
         <load_address>0x29df</load_address>
         <run_address>0x29df</run_address>
         <size>0x62</size>
         <input_file_ref idref="fl-18"/>
      </object_component>
      <object_component id="oc-22e">
         <name>.debug_line</name>
         <load_address>0x2a41</load_address>
         <run_address>0x2a41</run_address>
         <size>0x9f</size>
         <input_file_ref idref="fl-19"/>
      </object_component>
      <object_component id="oc-97">
         <name>.debug_line</name>
         <load_address>0x2ae0</load_address>
         <run_address>0x2ae0</run_address>
         <size>0x26a</size>
         <input_file_ref idref="fl-19"/>
      </object_component>
      <object_component id="oc-1b3">
         <name>.debug_line</name>
         <load_address>0x2d4a</load_address>
         <run_address>0x2d4a</run_address>
         <size>0x63</size>
         <input_file_ref idref="fl-19"/>
      </object_component>
      <object_component id="oc-232">
         <name>.debug_line</name>
         <load_address>0x2dad</load_address>
         <run_address>0x2dad</run_address>
         <size>0x63</size>
         <input_file_ref idref="fl-19"/>
      </object_component>
      <object_component id="oc-151">
         <name>.debug_line</name>
         <load_address>0x2e10</load_address>
         <run_address>0x2e10</run_address>
         <size>0x63</size>
         <input_file_ref idref="fl-19"/>
      </object_component>
      <object_component id="oc-aa">
         <name>.debug_line</name>
         <load_address>0x2e73</load_address>
         <run_address>0x2e73</run_address>
         <size>0x5f</size>
         <input_file_ref idref="fl-19"/>
      </object_component>
      <object_component id="oc-1e3">
         <name>.debug_line</name>
         <load_address>0x2ed2</load_address>
         <run_address>0x2ed2</run_address>
         <size>0x68</size>
         <input_file_ref idref="fl-19"/>
      </object_component>
      <object_component id="oc-1bd">
         <name>.debug_line</name>
         <load_address>0x2f3a</load_address>
         <run_address>0x2f3a</run_address>
         <size>0x63</size>
         <input_file_ref idref="fl-19"/>
      </object_component>
      <object_component id="oc-1cc">
         <name>.debug_line</name>
         <load_address>0x2f9d</load_address>
         <run_address>0x2f9d</run_address>
         <size>0x65</size>
         <input_file_ref idref="fl-19"/>
      </object_component>
      <object_component id="oc-18e">
         <name>.debug_line</name>
         <load_address>0x3002</load_address>
         <run_address>0x3002</run_address>
         <size>0x63</size>
         <input_file_ref idref="fl-19"/>
      </object_component>
      <object_component id="oc-1db">
         <name>.debug_line</name>
         <load_address>0x3065</load_address>
         <run_address>0x3065</run_address>
         <size>0x63</size>
         <input_file_ref idref="fl-19"/>
      </object_component>
      <object_component id="oc-261">
         <name>.debug_line</name>
         <load_address>0x30c8</load_address>
         <run_address>0x30c8</run_address>
         <size>0x20</size>
         <input_file_ref idref="fl-1b"/>
      </object_component>
      <object_component id="oc-e8">
         <name>.debug_line</name>
         <load_address>0x30e8</load_address>
         <run_address>0x30e8</run_address>
         <size>0xe3</size>
         <input_file_ref idref="fl-1b"/>
      </object_component>
      <object_component id="oc-185">
         <name>.debug_line</name>
         <load_address>0x31cb</load_address>
         <run_address>0x31cb</run_address>
         <size>0x5f</size>
         <input_file_ref idref="fl-1e"/>
      </object_component>
      <object_component id="oc-183">
         <name>.debug_line</name>
         <load_address>0x322a</load_address>
         <run_address>0x322a</run_address>
         <size>0x3e</size>
         <input_file_ref idref="fl-1e"/>
      </object_component>
      <object_component id="oc-2c">
         <name>.debug_line</name>
         <load_address>0x3268</load_address>
         <run_address>0x3268</run_address>
         <size>0x21b</size>
         <input_file_ref idref="fl-1e"/>
      </object_component>
      <object_component id="oc-189">
         <name>.debug_line</name>
         <load_address>0x3483</load_address>
         <run_address>0x3483</run_address>
         <size>0x3e</size>
         <input_file_ref idref="fl-1e"/>
      </object_component>
      <object_component id="oc-6b">
         <name>.debug_line</name>
         <load_address>0x34c1</load_address>
         <run_address>0x34c1</run_address>
         <size>0x2ef</size>
         <input_file_ref idref="fl-1f"/>
      </object_component>
      <object_component id="oc-2e">
         <name>.debug_line</name>
         <load_address>0x37b0</load_address>
         <run_address>0x37b0</run_address>
         <size>0x5a</size>
         <input_file_ref idref="fl-21"/>
      </object_component>
      <object_component id="oc-2ab">
         <name>.debug_line</name>
         <load_address>0x380a</load_address>
         <run_address>0x380a</run_address>
         <size>0x20</size>
         <input_file_ref idref="fl-23"/>
      </object_component>
      <object_component id="oc-2af">
         <name>.debug_line</name>
         <load_address>0x382a</load_address>
         <run_address>0x382a</run_address>
         <size>0x63</size>
         <input_file_ref idref="fl-23"/>
      </object_component>
      <object_component id="oc-1d1">
         <name>.debug_line</name>
         <load_address>0x388d</load_address>
         <run_address>0x388d</run_address>
         <size>0x63</size>
         <input_file_ref idref="fl-23"/>
      </object_component>
      <object_component id="oc-36">
         <name>.debug_line</name>
         <load_address>0x38f0</load_address>
         <run_address>0x38f0</run_address>
         <size>0x56</size>
         <input_file_ref idref="fl-24"/>
      </object_component>
      <object_component id="oc-f0">
         <name>.debug_line</name>
         <load_address>0x3946</load_address>
         <run_address>0x3946</run_address>
         <size>0x130</size>
         <input_file_ref idref="fl-26"/>
      </object_component>
      <object_component id="oc-1df">
         <name>.debug_line</name>
         <load_address>0x3a76</load_address>
         <run_address>0x3a76</run_address>
         <size>0xef</size>
         <input_file_ref idref="fl-27"/>
      </object_component>
      <object_component id="oc-82">
         <name>.debug_line</name>
         <load_address>0x3b65</load_address>
         <run_address>0x3b65</run_address>
         <size>0xd3b</size>
         <input_file_ref idref="fl-27"/>
      </object_component>
      <object_component id="oc-19">
         <name>.debug_line</name>
         <load_address>0x48a0</load_address>
         <run_address>0x48a0</run_address>
         <size>0x10e</size>
         <input_file_ref idref="fl-28"/>
      </object_component>
      <object_component id="oc-76">
         <name>.debug_line</name>
         <load_address>0x49ae</load_address>
         <run_address>0x49ae</run_address>
         <size>0x5b</size>
         <input_file_ref idref="fl-28"/>
      </object_component>
      <object_component id="oc-159">
         <name>.debug_line</name>
         <load_address>0x4a09</load_address>
         <run_address>0x4a09</run_address>
         <size>0xa2</size>
         <input_file_ref idref="fl-29"/>
      </object_component>
      <object_component id="oc-a0">
         <name>.debug_line</name>
         <load_address>0x4aab</load_address>
         <run_address>0x4aab</run_address>
         <size>0x42</size>
         <input_file_ref idref="fl-29"/>
      </object_component>
      <object_component id="oc-41">
         <name>.debug_line</name>
         <load_address>0x4aed</load_address>
         <run_address>0x4aed</run_address>
         <size>0x1d0</size>
         <input_file_ref idref="fl-29"/>
      </object_component>
      <object_component id="oc-39">
         <name>.debug_line</name>
         <load_address>0x4cbd</load_address>
         <run_address>0x4cbd</run_address>
         <size>0xbd</size>
         <input_file_ref idref="fl-29"/>
      </object_component>
      <object_component id="oc-180">
         <name>.debug_line</name>
         <load_address>0x4d7a</load_address>
         <run_address>0x4d7a</run_address>
         <size>0x42</size>
         <input_file_ref idref="fl-29"/>
      </object_component>
      <object_component id="oc-1a5">
         <name>.debug_line</name>
         <load_address>0x4dbc</load_address>
         <run_address>0x4dbc</run_address>
         <size>0xee</size>
         <input_file_ref idref="fl-2a"/>
      </object_component>
      <object_component id="oc-79">
         <name>.debug_line</name>
         <load_address>0x4eaa</load_address>
         <run_address>0x4eaa</run_address>
[...]
         <object_component_ref idref="oc-67"/>
      </symbol>
      <symbol id="sm-5c9">
         <name>__TI_PINIT_Base</name>
         <value>0xa858</value>
         <object_component_ref idref="oc-67"/>
      </symbol>
      <symbol id="sm-5ca">
         <name>_coreInitRegisters_</name>
         <value>0xa514</value>
         <object_component_ref idref="oc-67"/>
      </symbol>
      <symbol id="sm-5cb">
         <name>_coreClearInstructionFaultAddress_</name>
         <value>0xa75c</value>
         <object_component_ref idref="oc-67"/>
      </symbol>
      <symbol id="sm-5cc">
         <name>_errata_CORTEXR4_66_</name>
         <value>0xa848</value>
         <object_component_ref idref="oc-67"/>
      </symbol>
      <symbol id="sm-5cd">
         <name>_coreEnableRamEcc_</name>
         <value>0xa6c4</value>
         <object_component_ref idref="oc-67"/>
      </symbol>
      <symbol id="sm-5ce">
         <name>_coreClearDataFault_</name>
         <value>0xa720</value>
         <object_component_ref idref="oc-67"/>
      </symbol>
      <symbol id="sm-5cf">
         <name>_coreGetAuxiliaryDataFault_</name>
         <value>0xa768</value>
         <object_component_ref idref="oc-67"/>
      </symbol>
      <symbol id="sm-5d0">
         <name>_enable_interrupt_</name>
         <value>0xa7a8</value>
         <object_component_ref idref="oc-67"/>
      </symbol>
      <symbol id="sm-5d1">
         <name>_coreClearAuxiliaryInstructionFault_</name>
         <value>0xa784</value>
         <object_component_ref idref="oc-67"/>
      </symbol>
      <symbol id="sm-5d2">
         <name>_coreDisableRamEcc_</name>
         <value>0xa6d4</value>
         <object_component_ref idref="oc-67"/>
      </symbol>
      <symbol id="sm-5d3">
         <name>_coreGetDataFaultAddress_</name>
         <value>0xa740</value>
         <object_component_ref idref="oc-67"/>
      </symbol>
      <symbol id="sm-5d4">
         <name>_coreClearInstructionFault_</name>
         <value>0xa734</value>
         <object_component_ref idref="oc-67"/>
      </symbol>
      <symbol id="sm-5d5">
         <name>_getCPSRValue_</name>
         <value>0xa66c</value>
         <object_component_ref idref="oc-67"/>
      </symbol>
      <symbol id="sm-5d6">
         <name>__TI_PINIT_Limit</name>
         <value>0xa85c</value>
         <object_component_ref idref="oc-67"/>
      </symbol>
      <symbol id="sm-5d7">
         <name>_coreEnableFlashEcc_</name>
         <value>0xa6e4</value>
         <object_component_ref idref="oc-67"/>
      </symbol>
      <symbol id="sm-5d8">
         <name>_disable_FIQ_interrupt_</name>
         <value>0xa798</value>
         <object_component_ref idref="oc-67"/>
      </symbol>
      <symbol id="sm-5d9">
         <name>_coreGetAuxiliaryInstructionFault_</name>
         <value>0xa77c</value>
         <object_component_ref idref="oc-67"/>
      </symbol>
      <symbol id="sm-5da">
         <name>_coreInitStackPointer_</name>
         <value>0xa620</value>
         <object_component_ref idref="oc-67"/>
      </symbol>
      <symbol id="sm-5db">
         <name>_esmCcmErrorsClear_</name>
         <value>0xa7b0</value>
         <object_component_ref idref="oc-67"/>
      </symbol>
      <symbol id="sm-5dc">
         <name>_gotoCPUIdle_</name>
         <value>0xa674</value>
         <object_component_ref idref="oc-67"/>
      </symbol>
      <symbol id="sm-5dd">
         <name>_coreEnableIrqVicOffset_</name>
         <value>0xa708</value>
         <object_component_ref idref="oc-67"/>
      </symbol>
      <symbol id="sm-5de">
         <name>_coreGetInstructionFault_</name>
         <value>0xa72c</value>
         <object_component_ref idref="oc-67"/>
      </symbol>
      <symbol id="sm-5df">
         <name>_coreEnableVfp_</name>
         <value>0xa68c</value>
         <object_component_ref idref="oc-67"/>
      </symbol>
      <symbol id="sm-5e0">
         <name>_coreClearAuxiliaryDataFault_</name>
         <value>0xa770</value>
         <object_component_ref idref="oc-67"/>
      </symbol>
      <symbol id="sm-5e1">
         <name>_coreEnableEventBusExport_</name>
         <value>0xa6a4</value>
         <object_component_ref idref="oc-67"/>
      </symbol>
      <symbol id="sm-5ee">
         <name>resetEntry</name>
         <value>0x0</value>
         <object_component_ref idref="oc-2d"/>
      </symbol>
      <symbol id="sm-607">
         <name>phantomInterrupt</name>
         <value>0xb4f0</value>
         <object_component_ref idref="oc-32"/>
      </symbol>
      <symbol id="sm-611">
         <name>_pmuResetCounters_</name>
         <value>0xb30c</value>
         <object_component_ref idref="oc-ef"/>
      </symbol>
      <symbol id="sm-612">
         <name>_pmuGetEventCount_</name>
         <value>0xb340</value>
         <object_component_ref idref="oc-ef"/>
      </symbol>
      <symbol id="sm-613">
         <name>_pmuResetEventCounters_</name>
         <value>0xb2fc</value>
         <object_component_ref idref="oc-ef"/>
      </symbol>
      <symbol id="sm-614">
         <name>_pmuStopCounters_</name>
         <value>0xb324</value>
         <object_component_ref idref="oc-ef"/>
      </symbol>
      <symbol id="sm-615">
         <name>_pmuInit_</name>
         <value>0xb280</value>
         <object_component_ref idref="oc-ef"/>
      </symbol>
      <symbol id="sm-616">
         <name>_pmuGetOverflow_</name>
         <value>0xb34c</value>
         <object_component_ref idref="oc-ef"/>
      </symbol>
      <symbol id="sm-617">
         <name>_pmuResetCycleCounter_</name>
         <value>0xb2ec</value>
         <object_component_ref idref="oc-ef"/>
      </symbol>
      <symbol id="sm-618">
         <name>_pmuSetCountEvent_</name>
         <value>0xb32c</value>
         <object_component_ref idref="oc-ef"/>
      </symbol>
      <symbol id="sm-619">
         <name>_pmuGetCycleCount_</name>
         <value>0xb338</value>
         <object_component_ref idref="oc-ef"/>
      </symbol>
      <symbol id="sm-61a">
         <name>_pmuEnableCountersGlobal_</name>
         <value>0xb2cc</value>
         <object_component_ref idref="oc-ef"/>
      </symbol>
      <symbol id="sm-61b">
         <name>_pmuDisableCountersGlobal_</name>
         <value>0xb2dc</value>
         <object_component_ref idref="oc-ef"/>
      </symbol>
      <symbol id="sm-61c">
         <name>_pmuStartCounters_</name>
         <value>0xb31c</value>
         <object_component_ref idref="oc-ef"/>
      </symbol>
      <symbol id="sm-7dc">
         <name>pbistSelfCheck</name>
         <value>0x2cc</value>
         <object_component_ref idref="oc-7e"/>
      </symbol>
      <symbol id="sm-7dd">
         <name>fmcBus1ParityCheck</name>
         <value>0x22c4</value>
         <object_component_ref idref="oc-7e"/>
      </symbol>
      <symbol id="sm-7de">
         <name>can1ParityCheck</name>
         <value>0x1410</value>
         <object_component_ref idref="oc-7e"/>
      </symbol>
      <symbol id="sm-7df">
         <name>enableParity</name>
         <value>0x2ad0</value>
         <object_component_ref idref="oc-7e"/>
      </symbol>
      <symbol id="sm-7e0">
         <name>dmaParityCheck</name>
         <value>0xeac</value>
         <object_component_ref idref="oc-7e"/>
      </symbol>
      <symbol id="sm-7e1">
         <name>custom_dabort</name>
         <value>0xdf4</value>
         <object_component_ref idref="oc-7e"/>
      </symbol>
      <symbol id="sm-7e2">
         <name>memoryInit</name>
         <value>0x174</value>
         <object_component_ref idref="oc-7e"/>
      </symbol>
      <symbol id="sm-7e3">
         <name>stcSelfCheck</name>
         <value>0x1b8</value>
         <object_component_ref idref="oc-7e"/>
      </symbol>
      <symbol id="sm-7e4">
         <name>efcGetConfigValue</name>
         <value>0x2660</value>
         <object_component_ref idref="oc-7e"/>
      </symbol>
      <symbol id="sm-7e5">
         <name>can2ParityCheck</name>
         <value>0x14e8</value>
         <object_component_ref idref="oc-7e"/>
      </symbol>
      <symbol id="sm-7e6">
         <name>het1ParityCheck</name>
         <value>0xf58</value>
         <object_component_ref idref="oc-7e"/>
      </symbol>
      <symbol id="sm-7e7">
         <name>adc1ParityCheck</name>
         <value>0x126c</value>
         <object_component_ref idref="oc-7e"/>
      </symbol>
      <symbol id="sm-7e8">
         <name>checkefcSelfTest</name>
         <value>0x7bc</value>
         <object_component_ref idref="oc-7e"/>
      </symbol>
      <symbol id="sm-7e9">
         <name>checkRAMECC</name>
         <value>0x19d0</value>
         <object_component_ref idref="oc-7e"/>
      </symbol>
      <symbol id="sm-7ea">
         <name>stcSelfCheckFail</name>
         <value>0xdf8</value>
         <object_component_ref idref="oc-7e"/>
      </symbol>
      <symbol id="sm-7eb">
         <name>ccmSelfCheck</name>
         <value>0x30</value>
         <object_component_ref idref="oc-7e"/>
      </symbol>
      <symbol id="sm-7ec">
         <name>efcCheck</name>
         <value>0x660</value>
         <object_component_ref idref="oc-7e"/>
      </symbol>
      <symbol id="sm-7ed">
         <name>het2ParityCheck</name>
         <value>0x10c0</value>
         <object_component_ref idref="oc-7e"/>
      </symbol>
      <symbol id="sm-7ee">
         <name>adc2ParityCheck</name>
         <value>0x1358</value>
         <object_component_ref idref="oc-7e"/>
      </symbol>
      <symbol id="sm-7ef">
         <name>cpuSelfTest</name>
         <value>0x234</value>
         <object_component_ref idref="oc-7e"/>
      </symbol>
      <symbol id="sm-7f0">
         <name>htu1ParityCheck</name>
         <value>0x1004</value>
         <object_component_ref idref="oc-7e"/>
      </symbol>
      <symbol id="sm-7f1">
         <name>checkFlashECC</name>
         <value>0xd18</value>
         <object_component_ref idref="oc-7e"/>
      </symbol>
      <symbol id="sm-7f2">
         <name>cpuSelfTestFail</name>
         <value>0xdfc</value>
         <object_component_ref idref="oc-7e"/>
      </symbol>
      <symbol id="sm-7f3">
         <name>checkPLL1Slip</name>
         <value>0x1e8c</value>
         <object_component_ref idref="oc-7e"/>
      </symbol>
      <symbol id="sm-7f4">
         <name>mibspi1ParityCheck</name>
         <value>0x1684</value>
         <object_component_ref idref="oc-7e"/>
      </symbol>
      <symbol id="sm-7f5">
         <name>ccmr4GetConfigValue</name>
         <value>0x26fc</value>
         <object_component_ref idref="oc-7e"/>
      </symbol>
      <symbol id="sm-7f6">
         <name>htu2ParityCheck</name>
         <value>0x11bc</value>
         <object_component_ref idref="oc-7e"/>
      </symbol>
      <symbol id="sm-7f7">
         <name>pbistPortTestStatus</name>
         <value>0x608</value>
         <object_component_ref idref="oc-7e"/>
      </symbol>
      <symbol id="sm-7f8">
         <name>checkFlashEEPROMECC</name>
         <value>0x1cf4</value>
         <object_component_ref idref="oc-7e"/>
      </symbol>
      <symbol id="sm-7f9">
         <name>pbistGetConfigValue</name>
         <value>0x2470</value>
         <object_component_ref idref="oc-7e"/>
      </symbol>
      <symbol id="sm-7fa">
         <name>vimParityCheck</name>
         <value>0xe00</value>
         <object_component_ref idref="oc-7e"/>
      </symbol>
      <symbol id="sm-7fb">
         <name>pbistIsTestCompleted</name>
         <value>0x5a8</value>
         <object_component_ref idref="oc-7e"/>
      </symbol>
      <symbol id="sm-7fc">
         <name>disableParity</name>
         <value>0x2b58</value>
         <object_component_ref idref="oc-7e"/>
      </symbol>
      <symbol id="sm-7fd">
         <name>pbistRun</name>
         <value>0x4ac</value>
         <object_component_ref idref="oc-7e"/>
      </symbol>
      <symbol id="sm-7fe">
         <name>pbistFail</name>
         <value>0x23ec</value>
         <object_component_ref idref="oc-7e"/>
      </symbol>
      <symbol id="sm-7ff">
         <name>selftestFailNotification</name>
         <value>0x20</value>
         <object_component_ref idref="oc-7e"/>
      </symbol>
      <symbol id="sm-800">
         <name>errata_PBIST_4</name>
         <value>0x276c</value>
         <object_component_ref idref="oc-7e"/>
      </symbol>
      <symbol id="sm-801">
         <name>mibspi3ParityCheck</name>
         <value>0x178c</value>
         <object_component_ref idref="oc-7e"/>
      </symbol>
      <symbol id="sm-802">
         <name>efcSelfTest</name>
         <value>0x794</value>
         <object_component_ref idref="oc-7e"/>
      </symbol>
      <symbol id="sm-803">
         <name>checkB1RAMECC</name>
         <value>0xb28</value>
         <object_component_ref idref="oc-7e"/>
      </symbol>
      <symbol id="sm-804">
         <name>pbistStop</name>
         <value>0x578</value>
         <object_component_ref idref="oc-7e"/>
      </symbol>
      <symbol id="sm-805">
         <name>can3ParityCheck</name>
         <value>0x15b0</value>
         <object_component_ref idref="oc-7e"/>
      </symbol>
      <symbol id="sm-806">
         <name>checkRAMAddrParity</name>
         <value>0x2050</value>
         <object_component_ref idref="oc-7e"/>
      </symbol>
      <symbol id="sm-807">
         <name>mibspi5ParityCheck</name>
         <value>0x18b0</value>
         <object_component_ref idref="oc-7e"/>
      </symbol>
      <symbol id="sm-808">
         <name>checkB0RAMECC</name>
         <value>0x938</value>
         <object_component_ref idref="oc-7e"/>
      </symbol>
      <symbol id="sm-809">
         <name>stcGetConfigValue</name>
         <value>0x25bc</value>
         <object_component_ref idref="oc-7e"/>
      </symbol>
      <symbol id="sm-80a">
         <name>pbistIsTestPassed</name>
         <value>0x5d4</value>
         <object_component_ref idref="oc-7e"/>
      </symbol>
      <symbol id="sm-80b">
         <name>checkClockMonitor</name>
         <value>0x1c18</value>
         <object_component_ref idref="oc-7e"/>
      </symbol>
      <symbol id="sm-80c">
         <name>fmcECCcheck</name>
         <value>0x898</value>
         <object_component_ref idref="oc-7e"/>
      </symbol>
      <symbol id="sm-80d">
         <name>fmcBus2Check</name>
         <value>0x85c</value>
         <object_component_ref idref="oc-7e"/>
      </symbol>
      <symbol id="sm-80e">
         <name>checkRAMUERRTest</name>
         <value>0x215c</value>
         <object_component_ref idref="oc-7e"/>
      </symbol>
      <symbol id="sm-80f">
         <name>efcStuckZeroTest</name>
         <value>0x6e8</value>
         <object_component_ref idref="oc-7e"/>
      </symbol>
      <symbol id="sm-810">
         <name>checkPLL2Slip</name>
         <value>0x1f8c</value>
         <object_component_ref idref="oc-7e"/>
      </symbol>
      <symbol id="sm-842">
         <name>_c_int00</name>
         <value>0xadf4</value>
         <object_component_ref idref="oc-18"/>
      </symbol>
      <symbol id="sm-843">
         <name>handlePLLLockFail</name>
         <value>0xb4f4</value>
         <object_component_ref idref="oc-72"/>
      </symbol>
      <symbol id="sm-8f3">
         <name>vimChannelMap</name>
         <value>0x6edc</value>
         <object_component_ref idref="oc-3d"/>
      </symbol>
      <symbol id="sm-8f4">
         <name>vimInit</name>
         <value>0x6e08</value>
         <object_component_ref idref="oc-3d"/>
      </symbol>
      <symbol id="sm-8f5">
         <name>vimEnableInterrupt</name>
         <value>0x6f80</value>
         <object_component_ref idref="oc-3d"/>
      </symbol>
      <symbol id="sm-8f6">
         <name>vimDisableInterrupt</name>
         <value>0x7148</value>
         <object_component_ref idref="oc-3d"/>
      </symbol>
      <symbol id="sm-8f7">
         <name>vimGetConfigValue</name>
         <value>0x71f4</value>
         <object_component_ref idref="oc-3d"/>
      </symbol>
      <symbol id="sm-8f8">
         <name>vimParityErrorHandler</name>
         <value>0xa860</value>
         <object_component_ref idref="oc-38"/>
      </symbol>
      <symbol id="sm-953">
         <name>systemGetConfigValue</name>
         <value>0x6630</value>
         <object_component_ref idref="oc-78"/>
      </symbol>
      <symbol id="sm-954">
         <name>trimLPO</name>
         <value>0x6304</value>
         <object_component_ref idref="oc-78"/>
      </symbol>
      <symbol id="sm-955">
         <name>systemInit</name>
         <value>0x6534</value>
         <object_component_ref idref="oc-78"/>
      </symbol>
      <symbol id="sm-956">
         <name>customTrimLPO</name>
         <value>0x6d2c</value>
         <object_component_ref idref="oc-78"/>
      </symbol>
      <symbol id="sm-957">
         <name>tcmflashGetConfigValue</name>
         <value>0x6a44</value>
         <object_component_ref idref="oc-78"/>
      </symbol>
      <symbol id="sm-958">
         <name>sramGetConfigValue</name>
         <value>0x6bf0</value>
         <object_component_ref idref="oc-78"/>
      </symbol>
      <symbol id="sm-959">
         <name>periphInit</name>
         <value>0x63b8</value>
         <object_component_ref idref="oc-78"/>
      </symbol>
      <symbol id="sm-95a">
         <name>setupFlash</name>
         <value>0x6378</value>
         <object_component_ref idref="oc-78"/>
      </symbol>
      <symbol id="sm-95b">
         <name>setupPLL</name>
         <value>0x62a4</value>
         <object_component_ref idref="oc-78"/>
      </symbol>
      <symbol id="sm-95c">
         <name>mapClocks</name>
         <value>0x640c</value>
         <object_component_ref idref="oc-78"/>
      </symbol>
      <symbol id="sm-95d">
         <name>systemPowerDown</name>
         <value>0x6600</value>
         <object_component_ref idref="oc-78"/>
      </symbol>
      <symbol id="sm-98a">
         <name>memcpy</name>
         <value>0xb361</value>
         <object_component_ref idref="oc-4f"/>
      </symbol>
      <symbol id="sm-98b">
         <name>__aeabi_memcpy</name>
         <value>0xb361</value>
         <object_component_ref idref="oc-4f"/>
      </symbol>
      <symbol id="sm-98c">
         <name>__aeabi_memcpy8</name>
         <value>0xb361</value>
         <object_component_ref idref="oc-4f"/>
      </symbol>
      <symbol id="sm-98d">
         <name>__aeabi_memcpy4</name>
         <value>0xb361</value>
         <object_component_ref idref="oc-4f"/>
      </symbol>
      <symbol id="sm-9b7">
         <name>__TI_auto_init_nobinit_nopinit</name>
         <value>0xb469</value>
         <object_component_ref idref="oc-fd"/>
      </symbol>
      <symbol id="sm-9cc">
         <name>__TI_zero_init_nomemset</name>
         <value>0xb4ad</value>
         <object_component_ref idref="oc-5b"/>
      </symbol>
      <symbol id="sm-9e3">
         <name>__TI_decompress_none</name>
         <value>0xb4dd</value>
         <object_component_ref idref="oc-11"/>
      </symbol>
      <symbol id="sm-a06">
         <name>__TI_decompress_lzss</name>
         <value>0xb3fd</value>
         <object_component_ref idref="oc-b"/>
      </symbol>
      <symbol id="sm-a11">
         <name>C$$EXIT</name>
         <value>0xb4eb</value>
         <object_component_ref idref="oc-13a"/>
      </symbol>
      <symbol id="sm-a12">
         <name>abort</name>
         <value>0xb4eb</value>
         <object_component_ref idref="oc-13a"/>
      </symbol>
      <symbol id="sm-a15">
         <name>__TI_static_base__</name>
         <value>0x0</value>
      </symbol>
      <symbol id="sm-a18">
         <name>SHT$$INIT_ARRAY$$Base</name>
         <value>0x0</value>
      </symbol>
      <symbol id="sm-a19">
         <name>SHT$$INIT_ARRAY$$Limit</name>
         <value>0x0</value>
      </symbol>
      <symbol id="sm-a1a">
         <name>_system_post_cinit</name>
         <value>0x0</value>
      </symbol>
   </symbol_table>
   <title>Link successful</title>
</link_info>
