<?xml version="1.0" encoding="ISO-8859-1" ?>
<link_info>
   <banner>TI ARM Linker PC v18.12.4.LTS</banner>
   <copyright>Copyright (c) 1996-2018 Texas Instruments Incorporated</copyright>
   <link_time>0x6a471526</link_time>
   <link_errors>0x0</link_errors>
   <output_file>bms-link-FW.out</output_file>
   <entry_point>
      <name>_c_int00</name>
      <address>0xebd4</address>
   </entry_point>
   <input_file_list>
      <input_file id="fl-2">
         <path>.\</path>
         <kind>object</kind>
         <file>main.obj</file>
         <name>main.obj</name>
      </input_file>
      <input_file id="fl-3">
         <path>.\BMS_Master\source\</path>
         <kind>object</kind>
         <file>Device_TMS570LS12.obj</file>
         <name>Device_TMS570LS12.obj</name>
      </input_file>
      <input_file id="fl-4">
         <path>.\BMS_Master\source\</path>
         <kind>object</kind>
         <file>Fapi_UserDefinedFunctions.obj</file>
         <name>Fapi_UserDefinedFunctions.obj</name>
      </input_file>
      <input_file id="fl-5">
         <path>.\BMS_Master\source\</path>
         <kind>object</kind>
         <file>adc.obj</file>
         <name>adc.obj</name>
      </input_file>
      <input_file id="fl-6">
         <path>.\BMS_Master\source\</path>
         <kind>object</kind>
         <file>ajsm.obj</file>
         <name>ajsm.obj</name>
      </input_file>
      <input_file id="fl-7">
         <path>.\BMS_Master\source\</path>
         <kind>object</kind>
         <file>can.obj</file>
         <name>can.obj</name>
      </input_file>
      <input_file id="fl-8">
         <path>.\BMS_Master\source\</path>
         <kind>object</kind>
         <file>crc.obj</file>
         <name>crc.obj</name>
      </input_file>
      <input_file id="fl-9">
         <path>.\BMS_Master\source\</path>
         <kind>object</kind>
         <file>dabort.obj</file>
         <name>dabort.obj</name>
      </input_file>
      <input_file id="fl-a">
         <path>.\BMS_Master\source\</path>
         <kind>object</kind>
         <file>dcc.obj</file>
         <name>dcc.obj</name>
      </input_file>
      <input_file id="fl-b">
         <path>.\BMS_Master\source\</path>
         <kind>object</kind>
         <file>ecap.obj</file>
         <name>ecap.obj</name>
      </input_file>
      <input_file id="fl-c">
         <path>.\BMS_Master\source\</path>
         <kind>object</kind>
         <file>emac.obj</file>
         <name>emac.obj</name>
      </input_file>
      <input_file id="fl-d">
         <path>.\BMS_Master\source\</path>
         <kind>object</kind>
         <file>eqep.obj</file>
         <name>eqep.obj</name>
      </input_file>
      <input_file id="fl-e">
         <path>.\BMS_Master\source\</path>
         <kind>object</kind>
         <file>errata_SSWF021_45.obj</file>
         <name>errata_SSWF021_45.obj</name>
      </input_file>
      <input_file id="fl-f">
         <path>.\BMS_Master\source\</path>
         <kind>object</kind>
         <file>esm.obj</file>
         <name>esm.obj</name>
      </input_file>
      <input_file id="fl-10">
         <path>.\BMS_Master\source\</path>
         <kind>object</kind>
         <file>etpwm.obj</file>
         <name>etpwm.obj</name>
      </input_file>
      <input_file id="fl-11">
         <path>.\BMS_Master\source\</path>
         <kind>object</kind>
         <file>gio.obj</file>
         <name>gio.obj</name>
      </input_file>
      <input_file id="fl-12">
         <path>.\BMS_Master\source\</path>
         <kind>object</kind>
         <file>het.obj</file>
         <name>het.obj</name>
      </input_file>
      <input_file id="fl-13">
         <path>.\BMS_Master\source\</path>
         <kind>object</kind>
         <file>i2c.obj</file>
         <name>i2c.obj</name>
      </input_file>
      <input_file id="fl-14">
         <path>.\BMS_Master\source\</path>
         <kind>object</kind>
         <file>lin.obj</file>
         <name>lin.obj</name>
      </input_file>
      <input_file id="fl-15">
         <path>.\BMS_Master\source\</path>
         <kind>object</kind>
         <file>mdio.obj</file>
         <name>mdio.obj</name>
      </input_file>
      <input_file id="fl-16">
         <path>.\BMS_Master\source\</path>
         <kind>object</kind>
         <file>mibspi.obj</file>
         <name>mibspi.obj</name>
      </input_file>
      <input_file id="fl-17">
         <path>.\BMS_Master\source\</path>
         <kind>object</kind>
         <file>notification.obj</file>
         <name>notification.obj</name>
      </input_file>
      <input_file id="fl-18">
         <path>.\BMS_Master\source\</path>
         <kind>object</kind>
         <file>phy_dp83640.obj</file>
         <name>phy_dp83640.obj</name>
      </input_file>
      <input_file id="fl-19">
         <path>.\BMS_Master\source\</path>
         <kind>object</kind>
         <file>pinmux.obj</file>
         <name>pinmux.obj</name>
      </input_file>
      <input_file id="fl-1a">
         <path>.\BMS_Master\source\</path>
         <kind>object</kind>
         <file>rti.obj</file>
         <name>rti.obj</name>
      </input_file>
      <input_file id="fl-1b">
         <path>.\BMS_Master\source\</path>
         <kind>object</kind>
         <file>sci.obj</file>
         <name>sci.obj</name>
      </input_file>
      <input_file id="fl-1c">
         <path>.\BMS_Master\source\</path>
         <kind>object</kind>
         <file>spi.obj</file>
         <name>spi.obj</name>
      </input_file>
      <input_file id="fl-1d">
         <path>.\BMS_Master\source\</path>
         <kind>object</kind>
         <file>sys_core.obj</file>
         <name>sys_core.obj</name>
      </input_file>
      <input_file id="fl-1e">
         <path>.\BMS_Master\source\</path>
         <kind>object</kind>
         <file>sys_dma.obj</file>
         <name>sys_dma.obj</name>
      </input_file>
      <input_file id="fl-1f">
         <path>.\BMS_Master\source\</path>
         <kind>object</kind>
         <file>sys_intvecs.obj</file>
         <name>sys_intvecs.obj</name>
      </input_file>
      <input_file id="fl-20">
         <path>.\BMS_Master\source\</path>
         <kind>object</kind>
         <file>sys_mpu.obj</file>
         <name>sys_mpu.obj</name>
      </input_file>
      <input_file id="fl-21">
         <path>.\BMS_Master\source\</path>
         <kind>object</kind>
         <file>sys_pcr.obj</file>
         <name>sys_pcr.obj</name>
      </input_file>
      <input_file id="fl-22">
         <path>.\BMS_Master\source\</path>
         <kind>object</kind>
         <file>sys_phantom.obj</file>
         <name>sys_phantom.obj</name>
      </input_file>
      <input_file id="fl-23">
         <path>.\BMS_Master\source\</path>
         <kind>object</kind>
         <file>sys_pmm.obj</file>
         <name>sys_pmm.obj</name>
      </input_file>
      <input_file id="fl-24">
         <path>.\BMS_Master\source\</path>
         <kind>object</kind>
         <file>sys_pmu.obj</file>
         <name>sys_pmu.obj</name>
      </input_file>
      <input_file id="fl-25">
         <path>.\BMS_Master\source\</path>
         <kind>object</kind>
         <file>sys_selftest.obj</file>
         <name>sys_selftest.obj</name>
      </input_file>
      <input_file id="fl-26">
         <path>.\BMS_Master\source\</path>
         <kind>object</kind>
         <file>sys_startup.obj</file>
         <name>sys_startup.obj</name>
      </input_file>
      <input_file id="fl-27">
         <path>.\BMS_Master\source\</path>
         <kind>object</kind>
         <file>sys_vim.obj</file>
         <name>sys_vim.obj</name>
      </input_file>
      <input_file id="fl-28">
         <path>.\BMS_Master\source\</path>
         <kind>object</kind>
         <file>system.obj</file>
         <name>system.obj</name>
      </input_file>
      <input_file id="fl-29">
         <path>.\BMS_Master\source\</path>
         <kind>object</kind>
         <file>ti_fee_Info.obj</file>
         <name>ti_fee_Info.obj</name>
      </input_file>
      <input_file id="fl-2a">
         <path>.\BMS_Master\source\</path>
         <kind>object</kind>
         <file>ti_fee_cancel.obj</file>
         <name>ti_fee_cancel.obj</name>
      </input_file>
      <input_file id="fl-2b">
         <path>.\BMS_Master\source\</path>
         <kind>object</kind>
         <file>ti_fee_cfg.obj</file>
         <name>ti_fee_cfg.obj</name>
      </input_file>
      <input_file id="fl-2c">
         <path>.\BMS_Master\source\</path>
         <kind>object</kind>
         <file>ti_fee_eraseimmediateblock.obj</file>
         <name>ti_fee_eraseimmediateblock.obj</name>
      </input_file>
      <input_file id="fl-2d">
         <path>.\BMS_Master\source\</path>
         <kind>object</kind>
         <file>ti_fee_format.obj</file>
         <name>ti_fee_format.obj</name>
      </input_file>
      <input_file id="fl-2e">
         <path>.\BMS_Master\source\</path>
         <kind>object</kind>
         <file>ti_fee_ini.obj</file>
         <name>ti_fee_ini.obj</name>
      </input_file>
      <input_file id="fl-2f">
         <path>.\BMS_Master\source\</path>
         <kind>object</kind>
         <file>ti_fee_invalidateblock.obj</file>
         <name>ti_fee_invalidateblock.obj</name>
      </input_file>
      <input_file id="fl-30">
         <path>.\BMS_Master\source\</path>
         <kind>object</kind>
         <file>ti_fee_main.obj</file>
         <name>ti_fee_main.obj</name>
      </input_file>
      <input_file id="fl-31">
         <path>.\BMS_Master\source\</path>
         <kind>object</kind>
         <file>ti_fee_read.obj</file>
         <name>ti_fee_read.obj</name>
      </input_file>
      <input_file id="fl-32">
         <path>.\BMS_Master\source\</path>
         <kind>object</kind>
         <file>ti_fee_readSync.obj</file>
         <name>ti_fee_readSync.obj</name>
      </input_file>
      <input_file id="fl-33">
         <path>.\BMS_Master\source\</path>
         <kind>object</kind>
         <file>ti_fee_shutdown.obj</file>
         <name>ti_fee_shutdown.obj</name>
      </input_file>
      <input_file id="fl-34">
         <path>.\BMS_Master\source\</path>
         <kind>object</kind>
         <file>ti_fee_util.obj</file>
         <name>ti_fee_util.obj</name>
      </input_file>
      <input_file id="fl-35">
         <path>.\BMS_Master\source\</path>
         <kind>object</kind>
         <file>ti_fee_writeAsync.obj</file>
         <name>ti_fee_writeAsync.obj</name>
      </input_file>
      <input_file id="fl-36">
         <path>.\BMS_Master\source\</path>
         <kind>object</kind>
         <file>ti_fee_writeSync.obj</file>
         <name>ti_fee_writeSync.obj</name>
      </input_file>
      <input_file id="fl-37">
         <path>.\Phantom_drivers\source\</path>
         <kind>object</kind>
         <file>BMS_Tasks.obj</file>
         <name>BMS_Tasks.obj</name>
      </input_file>
      <input_file id="fl-38">
         <path>.\Phantom_drivers\source\</path>
         <kind>object</kind>
         <file>BatteryData.obj</file>
         <name>BatteryData.obj</name>
      </input_file>
      <input_file id="fl-39">
         <path>.\Phantom_drivers\source\</path>
         <kind>object</kind>
         <file>Charger.obj</file>
         <name>Charger.obj</name>
      </input_file>
      <input_file id="fl-3a">
         <path>.\Phantom_drivers\source\</path>
         <kind>object</kind>
         <file>Fans.obj</file>
         <name>Fans.obj</name>
      </input_file>
      <input_file id="fl-3b">
         <path>.\Phantom_drivers\source\</path>
         <kind>object</kind>
         <file>Fault_handler.obj</file>
         <name>Fault_handler.obj</name>
      </input_file>
      <input_file id="fl-3c">
         <path>.\Phantom_drivers\source\</path>
         <kind>object</kind>
         <file>IMD.obj</file>
         <name>IMD.obj</name>
      </input_file>
      <input_file id="fl-3d">
         <path>.\Phantom_drivers\source\</path>
         <kind>object</kind>
         <file>PhantomHelpers.obj</file>
         <name>PhantomHelpers.obj</name>
      </input_file>
      <input_file id="fl-3e">
         <path>.\Phantom_drivers\source\</path>
         <kind>object</kind>
         <file>Phantom_Can.obj</file>
         <name>Phantom_Can.obj</name>
      </input_file>
      <input_file id="fl-3f">
         <path>.\Phantom_drivers\source\</path>
         <kind>object</kind>
         <file>SlaveCommunation_Functions.obj</file>
         <name>SlaveCommunation_Functions.obj</name>
      </input_file>
      <input_file id="fl-40">
         <path>.\Phantom_drivers\source\</path>
         <kind>object</kind>
         <file>SlaveCommunication_Drivers.obj</file>
         <name>SlaveCommunication_Drivers.obj</name>
      </input_file>
      <input_file id="fl-41">
         <path>.\Phantom_drivers\source\</path>
         <kind>object</kind>
         <file>SlaveCommunication_Routines.obj</file>
         <name>SlaveCommunication_Routines.obj</name>
      </input_file>
      <input_file id="fl-42">
         <path>.\Phantom_drivers\source\</path>
         <kind>object</kind>
         <file>SlaveCommunication_Services_additions.obj</file>
         <name>SlaveCommunication_Services_additions.obj</name>
      </input_file>
      <input_file id="fl-43">
         <path>.\Phantom_drivers\source\</path>
         <kind>object</kind>
         <file>spi_drivers.obj</file>
         <name>spi_drivers.obj</name>
      </input_file>
      <input_file id="fl-44">
         <path>.\Test\</path>
         <kind>object</kind>
         <file>GIO_main.obj</file>
         <name>GIO_main.obj</name>
      </input_file>
      <input_file id="fl-45">
         <path>.\Test\</path>
         <kind>object</kind>
         <file>SlaveCommunations_main.obj</file>
         <name>SlaveCommunations_main.obj</name>
      </input_file>
      <input_file id="fl-49">
         <kind>object</kind>
         <file>&lt;internal&gt;</file>
         <name>&lt;internal&gt;</name>
      </input_file>
      <input_file id="fl-4a">
         <path>C:\ti\ccs930\ccs\tools\compiler\ti-cgt-arm_18.12.4.LTS\lib\</path>
         <kind>archive</kind>
         <file>rtsv7R4_T_be_v3D16_eabi.lib</file>
         <name>s_floor.c.obj</name>
      </input_file>
      <input_file id="fl-4b">
         <path>C:\ti\ccs930\ccs\tools\compiler\ti-cgt-arm_18.12.4.LTS\lib\</path>
         <kind>archive</kind>
         <file>rtsv7R4_T_be_v3D16_eabi.lib</file>
         <name>ll_lsl_t2.asm.obj</name>
      </input_file>
      <input_file id="fl-4c">
         <path>C:\ti\ccs930\ccs\tools\compiler\ti-cgt-arm_18.12.4.LTS\lib\</path>
         <kind>archive</kind>
         <file>rtsv7R4_T_be_v3D16_eabi.lib</file>
         <name>ll_lsr_t2.asm.obj</name>
      </input_file>
      <input_file id="fl-4d">
         <path>C:\ti\ccs930\ccs\tools\compiler\ti-cgt-arm_18.12.4.LTS\lib\</path>
         <kind>archive</kind>
         <file>rtsv7R4_T_be_v3D16_eabi.lib</file>
         <name>memcpy_t2.asm.obj</name>
      </input_file>
      <input_file id="fl-4e">
         <path>C:\ti\ccs930\ccs\tools\compiler\ti-cgt-arm_18.12.4.LTS\lib\</path>
         <kind>archive</kind>
         <file>rtsv7R4_T_be_v3D16_eabi.lib</file>
         <name>i_div32.asm.obj</name>
      </input_file>
      <input_file id="fl-4f">
         <path>C:\ti\ccs930\ccs\tools\compiler\ti-cgt-arm_18.12.4.LTS\lib\</path>
         <kind>archive</kind>
         <file>rtsv7R4_T_be_v3D16_eabi.lib</file>
         <name>u_div32.asm.obj</name>
      </input_file>
      <input_file id="fl-50">
         <path>C:\ti\ccs930\ccs\tools\compiler\ti-cgt-arm_18.12.4.LTS\lib\</path>
         <kind>archive</kind>
         <file>rtsv7R4_T_be_v3D16_eabi.lib</file>
         <name>memset_t2.asm.obj</name>
      </input_file>
      <input_file id="fl-51">
         <path>C:\ti\ccs930\ccs\tools\compiler\ti-cgt-arm_18.12.4.LTS\lib\</path>
         <kind>archive</kind>
         <file>rtsv7R4_T_be_v3D16_eabi.lib</file>
         <name>autoinit.c.obj</name>
      </input_file>
      <input_file id="fl-52">
         <path>C:\ti\ccs930\ccs\tools\compiler\ti-cgt-arm_18.12.4.LTS\lib\</path>
         <kind>archive</kind>
         <file>rtsv7R4_T_be_v3D16_eabi.lib</file>
         <name>cpy_tbl.c.obj</name>
      </input_file>
      <input_file id="fl-53">
         <path>C:\ti\ccs930\ccs\tools\compiler\ti-cgt-arm_18.12.4.LTS\lib\</path>
         <kind>archive</kind>
         <file>rtsv7R4_T_be_v3D16_eabi.lib</file>
         <name>copy_zero_init.c.obj</name>
      </input_file>
      <input_file id="fl-54">
         <path>C:\ti\ccs930\ccs\tools\compiler\ti-cgt-arm_18.12.4.LTS\lib\</path>
         <kind>archive</kind>
         <file>rtsv7R4_T_be_v3D16_eabi.lib</file>
         <name>copy_decompress_none.c.obj</name>
      </input_file>
      <input_file id="fl-55">
         <path>C:\ti\ccs930\ccs\tools\compiler\ti-cgt-arm_18.12.4.LTS\lib\</path>
         <kind>archive</kind>
         <file>rtsv7R4_T_be_v3D16_eabi.lib</file>
         <name>copy_decompress_lzss.c.obj</name>
      </input_file>
      <input_file id="fl-56">
         <path>C:\ti\ccs930\ccs\tools\compiler\ti-cgt-arm_18.12.4.LTS\lib\</path>
         <kind>archive</kind>
         <file>rtsv7R4_T_be_v3D16_eabi.lib</file>
         <name>exit.c.obj</name>
      </input_file>
      <input_file id="fl-57">
         <path>C:\ti\ccs930\ccs\tools\compiler\ti-cgt-arm_18.12.4.LTS\lib\</path>
         <kind>archive</kind>
         <file>rtsv7R4_T_be_v3D16_eabi.lib</file>
         <name>_lock.c.obj</name>
      </input_file>
      <input_file id="fl-58">
         <path>C:\ti\ccs930\ccs\tools\compiler\ti-cgt-arm_18.12.4.LTS\lib\</path>
         <kind>archive</kind>
         <file>rtsv7R4_T_be_v3D16_eabi.lib</file>
         <name>div0.asm.obj</name>
      </input_file>
   </input_file_list>
   <object_component_list>
      <object_component id="oc-4b">
         <name>.intvecs</name>
         <load_address>0x0</load_address>
         <run_address>0x0</run_address>
         <size>0x20</size>
         <input_file_ref idref="fl-1f"/>
      </object_component>
      <object_component id="oc-9c">
         <name>.text</name>
         <load_address>0x20</load_address>
         <run_address>0x20</run_address>
         <size>0x2cdc</size>
         <input_file_ref idref="fl-25"/>
      </object_component>
      <object_component id="oc-162">
         <name>.text</name>
         <load_address>0x2cfc</load_address>
         <run_address>0x2cfc</run_address>
         <size>0x1038</size>
         <input_file_ref idref="fl-3d"/>
      </object_component>
      <object_component id="oc-283">
         <name>.text</name>
         <load_address>0x3d34</load_address>
         <run_address>0x3d34</run_address>
         <size>0xee4</size>
         <input_file_ref idref="fl-1c"/>
      </object_component>
      <object_component id="oc-2ae">
         <name>.text</name>
         <load_address>0x4c18</load_address>
         <run_address>0x4c18</run_address>
         <size>0xe70</size>
         <input_file_ref idref="fl-3f"/>
      </object_component>
      <object_component id="oc-2a8">
         <name>.text</name>
         <load_address>0x5a88</load_address>
         <run_address>0x5a88</run_address>
         <size>0xbfc</size>
         <input_file_ref idref="fl-40"/>
      </object_component>
      <object_component id="oc-1c0">
         <name>.text</name>
         <load_address>0x6684</load_address>
         <run_address>0x6684</run_address>
         <size>0xb9c</size>
         <input_file_ref idref="fl-7"/>
      </object_component>
      <object_component id="oc-96">
         <name>.text</name>
         <load_address>0x7220</load_address>
         <run_address>0x7220</run_address>
         <size>0xb64</size>
         <input_file_ref idref="fl-28"/>
      </object_component>
      <object_component id="oc-168">
         <name>.text</name>
         <load_address>0x7d84</load_address>
         <run_address>0x7d84</run_address>
         <size>0xa70</size>
         <input_file_ref idref="fl-41"/>
      </object_component>
      <object_component id="oc-57">
         <name>.text</name>
         <load_address>0x87f4</load_address>
         <run_address>0x87f4</run_address>
         <size>0xa58</size>
         <input_file_ref idref="fl-27"/>
      </object_component>
      <object_component id="oc-1f8">
         <name>.text</name>
         <load_address>0x924c</load_address>
         <run_address>0x924c</run_address>
         <size>0x93c</size>
         <input_file_ref idref="fl-b"/>
      </object_component>
      <object_component id="oc-1ad">
         <name>.text</name>
         <load_address>0x9b88</load_address>
         <run_address>0x9b88</run_address>
         <size>0x8f4</size>
         <input_file_ref idref="fl-12"/>
      </object_component>
      <object_component id="oc-116">
         <name>.text</name>
         <load_address>0xa47c</load_address>
         <run_address>0xa47c</run_address>
         <size>0x8d4</size>
         <input_file_ref idref="fl-19"/>
      </object_component>
      <object_component id="oc-190">
         <name>.text</name>
         <load_address>0xad50</load_address>
         <run_address>0xad50</run_address>
         <size>0x6f0</size>
         <input_file_ref idref="fl-3b"/>
      </object_component>
      <object_component id="oc-8a">
         <name>.text</name>
         <load_address>0xb440</load_address>
         <run_address>0xb440</run_address>
         <size>0x664</size>
         <input_file_ref idref="fl-e"/>
      </object_component>
      <object_component id="oc-289">
         <name>.text</name>
         <load_address>0xbaa4</load_address>
         <run_address>0xbaa4</run_address>
         <size>0x638</size>
         <input_file_ref idref="fl-1a"/>
      </object_component>
      <object_component id="oc-1c6">
         <name>.text</name>
         <load_address>0xc0dc</load_address>
         <run_address>0xc0dc</run_address>
         <size>0x608</size>
         <input_file_ref idref="fl-39"/>
      </object_component>
      <object_component id="oc-a2">
         <name>.text</name>
         <load_address>0xc6e4</load_address>
         <run_address>0xc6e4</run_address>
         <size>0x5bc</size>
         <input_file_ref idref="fl-f"/>
      </object_component>
      <object_component id="oc-c6">
         <name>.text</name>
         <load_address>0xcca0</load_address>
         <run_address>0xcca0</run_address>
         <size>0x51c</size>
         <input_file_ref idref="fl-3c"/>
      </object_component>
      <object_component id="oc-45">
         <name>.text:retain</name>
         <load_address>0xd1bc</load_address>
         <run_address>0xd1bc</run_address>
         <size>0x518</size>
         <input_file_ref idref="fl-1c"/>
      </object_component>
      <object_component id="oc-315">
         <name>.text</name>
         <load_address>0xd6d4</load_address>
         <run_address>0xd6d4</run_address>
         <size>0x484</size>
         <input_file_ref idref="fl-11"/>
      </object_component>
      <object_component id="oc-175">
         <name>.text</name>
         <load_address>0xdb58</load_address>
         <run_address>0xdb58</run_address>
         <size>0x440</size>
         <input_file_ref idref="fl-38"/>
      </object_component>
      <object_component id="oc-3e9">
         <name>.text</name>
         <load_address>0xdf98</load_address>
         <run_address>0xdf98</run_address>
         <size>0x390</size>
         <input_file_ref idref="fl-43"/>
      </object_component>
      <object_component id="oc-85">
         <name>.text</name>
         <load_address>0xe328</load_address>
         <run_address>0xe328</run_address>
         <size>0x34c</size>
         <input_file_ref idref="fl-1d"/>
      </object_component>
      <object_component id="oc-56">
         <name>.text:retain</name>
         <load_address>0xe674</load_address>
         <run_address>0xe674</run_address>
         <size>0x2cc</size>
         <input_file_ref idref="fl-27"/>
      </object_component>
      <object_component id="oc-b1">
         <name>.text</name>
         <load_address>0xe940</load_address>
         <run_address>0xe940</run_address>
         <size>0x294</size>
         <input_file_ref idref="fl-17"/>
      </object_component>
      <object_component id="oc-18">
         <name>.text:retain</name>
         <load_address>0xebd4</load_address>
         <run_address>0xebd4</run_address>
         <size>0x290</size>
         <input_file_ref idref="fl-26"/>
      </object_component>
      <object_component id="oc-b7">
         <name>.text</name>
         <load_address>0xee64</load_address>
         <run_address>0xee64</run_address>
         <size>0x238</size>
         <input_file_ref idref="fl-3e"/>
      </object_component>
      <object_component id="oc-15c">
         <name>.text</name>
         <load_address>0xf09c</load_address>
         <run_address>0xf09c</run_address>
         <size>0x1b0</size>
         <input_file_ref idref="fl-37"/>
      </object_component>
      <object_component id="oc-28f">
         <name>.text</name>
         <load_address>0xf24c</load_address>
         <run_address>0xf24c</run_address>
         <size>0x174</size>
         <input_file_ref idref="fl-3a"/>
      </object_component>
      <object_component id="oc-39">
         <name>.text:retain</name>
         <load_address>0xf3c0</load_address>
         <run_address>0xf3c0</run_address>
         <size>0x15c</size>
         <input_file_ref idref="fl-12"/>
      </object_component>
      <object_component id="oc-33">
         <name>.text:retain</name>
         <load_address>0xf51c</load_address>
         <run_address>0xf51c</run_address>
         <size>0x128</size>
         <input_file_ref idref="fl-11"/>
      </object_component>
      <object_component id="oc-3f">
         <name>.text:retain</name>
         <load_address>0xf644</load_address>
         <run_address>0xf644</run_address>
         <size>0x124</size>
         <input_file_ref idref="fl-1a"/>
      </object_component>
      <object_component id="oc-2d">
         <name>.text:retain</name>
         <load_address>0xf768</load_address>
         <run_address>0xf768</run_address>
         <size>0x114</size>
         <input_file_ref idref="fl-f"/>
      </object_component>
      <object_component id="oc-1e">
         <name>.text:retain</name>
         <load_address>0xf87c</load_address>
         <run_address>0xf87c</run_address>
         <size>0x100</size>
         <input_file_ref idref="fl-7"/>
      </object_component>
      <object_component id="oc-db">
         <name>.text</name>
         <load_address>0xf97c</load_address>
         <run_address>0xf97c</run_address>
         <size>0xe8</size>
         <input_file_ref idref="fl-9"/>
      </object_component>
      <object_component id="oc-11e">
         <name>.text</name>
         <load_address>0xfa64</load_address>
         <run_address>0xfa64</run_address>
         <size>0xe0</size>
         <input_file_ref idref="fl-24"/>
      </object_component>
      <object_component id="oc-6d">
         <name>.text</name>
         <load_address>0xfb44</load_address>
         <run_address>0xfb44</run_address>
         <size>0x9c</size>
         <input_file_ref idref="fl-4d"/>
      </object_component>
      <object_component id="oc-a9">
         <name>.text</name>
         <load_address>0xfbe0</load_address>
         <run_address>0xfbe0</run_address>
         <size>0x94</size>
         <input_file_ref idref="fl-2"/>
      </object_component>
      <object_component id="oc-27">
         <name>.text:retain</name>
         <load_address>0xfc74</load_address>
         <run_address>0xfc74</run_address>
         <size>0x88</size>
         <input_file_ref idref="fl-b"/>
      </object_component>
      <object_component id="oc-108">
         <name>.text</name>
         <load_address>0xfcfc</load_address>
         <run_address>0xfcfc</run_address>
         <size>0x7a</size>
         <input_file_ref idref="fl-50"/>
      </object_component>
      <object_component id="oc-b">
         <name>.text:decompress:lzss:__TI_decompress_lzss</name>
         <load_address>0xfd76</load_address>
         <run_address>0xfd76</run_address>
         <size>0x6c</size>
         <input_file_ref idref="fl-55"/>
      </object_component>
      <object_component id="oc-39d">
         <name>.text</name>
         <load_address>0xfde2</load_address>
         <run_address>0xfde2</run_address>
         <size>0x2</size>
         <input_file_ref idref="fl-58"/>
      </object_component>
      <object_component id="oc-42a">
         <name>.text</name>
         <load_address>0xfde4</load_address>
         <run_address>0xfde4</run_address>
         <size>0x54</size>
         <input_file_ref idref="fl-4e"/>
      </object_component>
      <object_component id="oc-1fe">
         <name>.text</name>
         <load_address>0xfe38</load_address>
         <run_address>0xfe38</run_address>
         <size>0x50</size>
         <input_file_ref idref="fl-4f"/>
      </object_component>
      <object_component id="oc-2f2">
         <name>.text:Slave_ADC2Volt</name>
         <load_address>0xfe88</load_address>
         <run_address>0xfe88</run_address>
         <size>0x4c</size>
         <input_file_ref idref="fl-38"/>
      </object_component>
      <object_component id="oc-12c">
         <name>.text:__TI_auto_init_nobinit_nopinit:__TI_auto_init_nobinit_nopinit</name>
         <load_address>0xfed4</load_address>
         <run_address>0xfed4</run_address>
         <size>0x44</size>
         <input_file_ref idref="fl-51"/>
      </object_component>
      <object_component id="oc-30e">
         <name>.text:CellVolts2SoC</name>
         <load_address>0xff18</load_address>
         <run_address>0xff18</run_address>
         <size>0x40</size>
         <input_file_ref idref="fl-38"/>
      </object_component>
      <object_component id="oc-2f9">
         <name>.text:BalanceCellNibbleVaule</name>
         <load_address>0xff58</load_address>
         <run_address>0xff58</run_address>
         <size>0x3c</size>
         <input_file_ref idref="fl-38"/>
      </object_component>
      <object_component id="oc-189">
         <name>.text:GetAvgCellSOC</name>
         <load_address>0xff94</load_address>
         <run_address>0xff94</run_address>
         <size>0x20</size>
         <input_file_ref idref="fl-38"/>
      </object_component>
      <object_component id="oc-2d7">
         <name>.text:GetMaxCellSOC</name>
         <load_address>0xffb4</load_address>
         <run_address>0xffb4</run_address>
         <size>0x20</size>
         <input_file_ref idref="fl-38"/>
      </object_component>
      <object_component id="oc-485">
         <name>.text</name>
         <load_address>0xffd4</load_address>
         <run_address>0xffd4</run_address>
         <size>0x1e</size>
         <input_file_ref idref="fl-4b"/>
      </object_component>
      <object_component id="oc-480">
         <name>.text</name>
         <load_address>0xfff2</load_address>
         <run_address>0xfff2</run_address>
         <size>0x1e</size>
         <input_file_ref idref="fl-4c"/>
      </object_component>
      <object_component id="oc-79">
         <name>.text:decompress:ZI:__TI_zero_init_nomemset:__TI_zero_init_nomemset</name>
         <load_address>0x10010</load_address>
         <run_address>0x10010</run_address>
         <size>0x1c</size>
         <input_file_ref idref="fl-53"/>
      </object_component>
      <object_component id="oc-2c9">
         <name>.text:GetAvgCellVolt</name>
         <load_address>0x1002c</load_address>
         <run_address>0x1002c</run_address>
         <size>0x18</size>
         <input_file_ref idref="fl-38"/>
      </object_component>
      <object_component id="oc-40e">
         <name>.text:GetMaxCellVolt</name>
         <load_address>0x10044</load_address>
         <run_address>0x10044</run_address>
         <size>0x14</size>
         <input_file_ref idref="fl-38"/>
      </object_component>
      <object_component id="oc-307">
         <name>.text:GetMinCellVolt</name>
         <load_address>0x10058</load_address>
         <run_address>0x10058</run_address>
         <size>0x14</size>
         <input_file_ref idref="fl-38"/>
      </object_component>
      <object_component id="oc-17b">
         <name>.text:GetAvgCellVolt_float</name>
         <load_address>0x1006c</load_address>
         <run_address>0x1006c</run_address>
         <size>0x10</size>
         <input_file_ref idref="fl-38"/>
      </object_component>
      <object_component id="oc-2d0">
         <name>.text:GetChargingStatus</name>
         <load_address>0x1007c</load_address>
         <run_address>0x1007c</run_address>
         <size>0x10</size>
         <input_file_ref idref="fl-38"/>
      </object_component>
      <object_component id="oc-182">
         <name>.text:GetMinCellVolt_float</name>
         <load_address>0x1008c</load_address>
         <run_address>0x1008c</run_address>
         <size>0x10</size>
         <input_file_ref idref="fl-38"/>
      </object_component>
      <object_component id="oc-11">
         <name>.text:decompress:none:__TI_decompress_none</name>
         <load_address>0x1009c</load_address>
         <run_address>0x1009c</run_address>
         <size>0xe</size>
         <input_file_ref idref="fl-54"/>
      </object_component>
      <object_component id="oc-2bb">
         <name>.text:GetCellTempWritePrt</name>
         <load_address>0x100ac</load_address>
         <run_address>0x100ac</run_address>
         <size>0xc</size>
         <input_file_ref idref="fl-38"/>
      </object_component>
      <object_component id="oc-16e">
         <name>.text:GetCellVoltReadPrt</name>
         <load_address>0x100b8</load_address>
         <run_address>0x100b8</run_address>
         <size>0xc</size>
         <input_file_ref idref="fl-38"/>
      </object_component>
      <object_component id="oc-2c2">
         <name>.text:GetCellVoltWritePrt</name>
         <load_address>0x100c4</load_address>
         <run_address>0x100c4</run_address>
         <size>0xc</size>
         <input_file_ref idref="fl-38"/>
      </object_component>
      <object_component id="oc-2b4">
         <name>.text:GetRefVolt2ndWritePrt</name>
         <load_address>0x100d0</load_address>
         <run_address>0x100d0</run_address>
         <size>0xc</size>
         <input_file_ref idref="fl-38"/>
      </object_component>
      <object_component id="oc-1a1">
         <name>.text:abort:abort</name>
         <load_address>0x100dc</load_address>
         <run_address>0x100dc</run_address>
         <size>0x4</size>
         <input_file_ref idref="fl-56"/>
      </object_component>
      <object_component id="oc-50">
         <name>.text:retain</name>
         <load_address>0x100e0</load_address>
         <run_address>0x100e0</run_address>
         <size>0x4</size>
         <input_file_ref idref="fl-22"/>
      </object_component>
      <object_component id="oc-90">
         <name>.text</name>
         <load_address>0x100e4</load_address>
         <run_address>0x100e4</run_address>
         <size>0x4</size>
         <input_file_ref idref="fl-26"/>
      </object_component>
      <object_component id="oc-349">
         <name>.const:het1PROGRAM</name>
         <load_address>0x100e8</load_address>
         <run_address>0x100e8</run_address>
         <size>0x3a0</size>
         <input_file_ref idref="fl-12"/>
      </object_component>
      <object_component id="oc-24">
         <name>.const:s_vim_init</name>
         <load_address>0x10488</load_address>
         <run_address>0x10488</run_address>
         <size>0x200</size>
         <input_file_ref idref="fl-27"/>
      </object_component>
      <object_component id="oc-37b">
         <name>.const:s_canByteOrder</name>
         <load_address>0x10688</load_address>
         <run_address>0x10688</run_address>
         <size>0x20</size>
         <input_file_ref idref="fl-7"/>
      </object_component>
      <object_component id="oc-34c">
         <name>.const:s_het1pwmPolarity</name>
         <load_address>0x106a8</load_address>
         <run_address>0x106a8</run_address>
         <size>0x20</size>
         <input_file_ref idref="fl-12"/>
      </object_component>
      <object_component id="oc-3d5">
         <name>.const:$P$T0$1</name>
         <load_address>0x106c8</load_address>
         <run_address>0x106c8</run_address>
         <size>0x10</size>
         <input_file_ref idref="fl-3a"/>
      </object_component>
      <object_component id="oc-2de">
         <name>.const:$P$T0$1</name>
         <load_address>0x106d8</load_address>
         <run_address>0x106d8</run_address>
         <size>0x10</size>
         <input_file_ref idref="fl-41"/>
      </object_component>
      <object_component id="oc-2e1">
         <name>.const:$P$T1$2</name>
         <load_address>0x106e8</load_address>
         <run_address>0x106e8</run_address>
         <size>0x10</size>
         <input_file_ref idref="fl-41"/>
      </object_component>
      <object_component id="oc-196">
         <name>.const:.string:$P$T0$1</name>
         <load_address>0x106f8</load_address>
         <run_address>0x106f8</run_address>
         <size>0x9</size>
         <input_file_ref idref="fl-2"/>
      </object_component>
      <object_component id="oc-407">
         <name>.const:$P$T5$6</name>
         <load_address>0x10702</load_address>
         <run_address>0x10702</run_address>
         <size>0x8</size>
         <input_file_ref idref="fl-3f"/>
      </object_component>
      <object_component id="oc-404">
         <name>.const:$P$T4$5</name>
         <load_address>0x1070a</load_address>
         <run_address>0x1070a</run_address>
         <size>0x4</size>
         <input_file_ref idref="fl-3f"/>
      </object_component>
      <object_component id="oc-40a">
         <name>.const:$P$T6$7</name>
         <load_address>0x1070e</load_address>
         <run_address>0x1070e</run_address>
         <size>0x4</size>
         <input_file_ref idref="fl-3f"/>
      </object_component>
      <object_component id="oc-3f8">
         <name>.const:$P$T0$1</name>
         <load_address>0x10712</load_address>
         <run_address>0x10712</run_address>
         <size>0x2</size>
         <input_file_ref idref="fl-3f"/>
      </object_component>
      <object_component id="oc-3fb">
         <name>.const:$P$T1$2</name>
         <load_address>0x10714</load_address>
         <run_address>0x10714</run_address>
         <size>0x2</size>
         <input_file_ref idref="fl-3f"/>
      </object_component>
      <object_component id="oc-3fe">
         <name>.const:$P$T2$3</name>
         <load_address>0x10716</load_address>
         <run_address>0x10716</run_address>
         <size>0x2</size>
         <input_file_ref idref="fl-3f"/>
      </object_component>
      <object_component id="oc-401">
         <name>.const:$P$T3$4</name>
         <load_address>0x10718</load_address>
         <run_address>0x10718</run_address>
         <size>0x2</size>
         <input_file_ref idref="fl-3f"/>
      </object_component>
      <object_component id="oc-500">
         <name>.cinit..data.load</name>
         <load_address>0x10720</load_address>
         <run_address>0x10720</run_address>
         <size>0x24</size>
      </object_component>
      <object_component id="oc-4fd">
         <name>__TI_handler_table</name>
         <load_address>0x10744</load_address>
         <run_address>0x10744</run_address>
         <size>0xc</size>
      </object_component>
      <object_component id="oc-4ff">
         <name>.cinit..bss.load</name>
         <load_address>0x10750</load_address>
         <run_address>0x10750</run_address>
         <size>0x8</size>
      </object_component>
      <object_component id="oc-4fe">
         <name>__TI_cinit_table</name>
         <load_address>0x10758</load_address>
         <run_address>0x10758</run_address>
         <size>0x10</size>
      </object_component>
      <object_component id="oc-d1">
         <name>.bss:g_spiPacket_t</name>
         <uninitialized>true</uninitialized>
         <run_address>0x8001500</run_address>
         <size>0x78</size>
         <input_file_ref idref="fl-1c"/>
      </object_component>
      <object_component id="oc-31b">
         <name>.bss</name>
         <uninitialized>true</uninitialized>
         <run_address>0x8001612</run_address>
         <size>0x1</size>
         <input_file_ref idref="fl-3b"/>
      </object_component>
      <object_component id="oc-2a0">
         <name>.bss:rti_timer_last</name>
         <uninitialized>true</uninitialized>
         <run_address>0x80015a0</run_address>
         <size>0x20</size>
         <input_file_ref idref="fl-3d"/>
      </object_component>
      <object_component id="oc-2a3">
         <name>.bss:rti_timer_valid</name>
         <uninitialized>true</uninitialized>
         <run_address>0x8001604</run_address>
         <size>0x8</size>
         <input_file_ref idref="fl-3d"/>
      </object_component>
      <object_component id="oc-3f2">
         <name>.bss:SubDataWords</name>
         <uninitialized>true</uninitialized>
         <run_address>0x80015fc</run_address>
         <size>0x8</size>
         <input_file_ref idref="fl-40"/>
      </object_component>
      <object_component id="oc-2e7">
         <name>.common:BatteryData</name>
         <uninitialized>true</uninitialized>
         <run_address>0x8001578</run_address>
         <size>0x28</size>
      </object_component>
      <object_component id="oc-31e">
         <name>.common:BMSFaultsData</name>
         <uninitialized>true</uninitialized>
         <run_address>0x800160c</run_address>
         <size>0x6</size>
      </object_component>
      <object_component id="oc-385">
         <name>.common:ChargerData</name>
         <uninitialized>true</uninitialized>
         <run_address>0x80015c0</run_address>
         <size>0x14</size>
      </object_component>
      <object_component id="oc-3f7">
         <name>.common:ConfigRegWriteData</name>
         <uninitialized>true</uninitialized>
         <run_address>0x80015e4</run_address>
         <size>0xc</size>
      </object_component>
      <object_component id="oc-3f6">
         <name>.common:StatusRegData</name>
         <uninitialized>true</uninitialized>
         <run_address>0x80015d4</run_address>
         <size>0x10</size>
      </object_component>
      <object_component id="oc-206">
         <name>.common:ecapIMDData</name>
         <uninitialized>true</uninitialized>
         <run_address>0x80015f0</run_address>
         <size>0xc</size>
      </object_component>
      <object_component id="oc-3ef">
         <name>.common:pec15Table</name>
         <uninitialized>true</uninitialized>
         <run_address>0x8001300</run_address>
         <size>0x200</size>
      </object_component>
      <object_component id="oc-295">
         <name>.data:SlaveComunationSubTask</name>
         <load_address>0x8001614</load_address>
         <run_address>0x8001614</run_address>
         <size>0x24</size>
         <input_file_ref idref="fl-37"/>
      </object_component>
      <object_component id="oc-300">
         <name>.data</name>
         <load_address>0x8001642</load_address>
         <run_address>0x8001642</run_address>
         <size>0x1</size>
         <input_file_ref idref="fl-38"/>
      </object_component>
      <object_component id="oc-386">
         <name>.data</name>
         <load_address>0x8001638</load_address>
         <run_address>0x8001638</run_address>
         <size>0x8</size>
         <input_file_ref idref="fl-39"/>
      </object_component>
      <object_component id="oc-203">
         <name>.data:IMDData</name>
         <load_address>0x8001640</load_address>
         <run_address>0x8001640</run_address>
         <size>0x2</size>
         <input_file_ref idref="fl-3c"/>
      </object_component>
      <object_component id="oc-48a">
         <name>.data</name>
         <load_address>0x8001643</load_address>
         <run_address>0x8001643</run_address>
         <size>0x1</size>
         <input_file_ref idref="fl-43"/>
      </object_component>
      <object_component id="oc-19a">
         <name>.debug_info</name>
         <load_address>0x0</load_address>
         <run_address>0x0</run_address>
         <size>0x6ef</size>
         <input_file_ref idref="fl-2"/>
      </object_component>
      <object_component id="oc-197">
         <name>.debug_info</name>
         <load_address>0x6ef</load_address>
         <run_address>0x6ef</run_address>
         <size>0x109</size>
         <input_file_ref idref="fl-2"/>
      </object_component>
      <object_component id="oc-aa">
         <name>.debug_info</name>
         <load_address>0x7f8</load_address>
         <run_address>0x7f8</run_address>
         <size>0x359</size>
         <input_file_ref idref="fl-2"/>
      </object_component>
      <object_component id="oc-462">
         <name>.debug_info</name>
         <load_address>0xb51</load_address>
         <run_address>0xb51</run_address>
         <size>0xc6d</size>
         <input_file_ref idref="fl-2"/>
      </object_component>
      <object_component id="oc-302">
         <name>.debug_info</name>
         <load_address>0x17be</load_address>
         <run_address>0x17be</run_address>
         <size>0xfb</size>
         <input_file_ref idref="fl-2"/>
      </object_component>
      <object_component id="oc-29b">
         <name>.debug_info</name>
         <load_address>0x18b9</load_address>
         <run_address>0x18b9</run_address>
         <size>0xa0</size>
         <input_file_ref idref="fl-2"/>
      </object_component>
      <object_component id="oc-3e4">
         <name>.debug_info</name>
         <load_address>0x1959</load_address>
         <run_address>0x1959</run_address>
         <size>0x8c</size>
         <input_file_ref idref="fl-2"/>
      </object_component>
      <object_component id="oc-322">
         <name>.debug_info</name>
         <load_address>0x19e5</load_address>
         <run_address>0x19e5</run_address>
         <size>0x18f</size>
         <input_file_ref idref="fl-2"/>
      </object_component>
      <object_component id="oc-398">
         <name>.debug_info</name>
         <load_address>0x1b74</load_address>
         <run_address>0x1b74</run_address>
         <size>0x359</size>
         <input_file_ref idref="fl-2"/>
      </object_component>
      <object_component id="oc-1d0">
         <name>.debug_info</name>
         <load_address>0x1ecd</load_address>
         <run_address>0x1ecd</run_address>
         <size>0x26b</size>
         <input_file_ref idref="fl-2"/>
      </object_component>
      <object_component id="oc-be">
         <name>.debug_info</name>
         <load_address>0x2138</load_address>
         <run_address>0x2138</run_address>
         <size>0x157</size>
         <input_file_ref idref="fl-2"/>
      </object_component>
      <object_component id="oc-32b">
         <name>.debug_info</name>
         <load_address>0x228f</load_address>
         <run_address>0x228f</run_address>
         <size>0x306</size>
         <input_file_ref idref="fl-2"/>
      </object_component>
      <object_component id="oc-d6">
         <name>.debug_info</name>
         <load_address>0x2595</load_address>
         <run_address>0x2595</run_address>
         <size>0x375</size>
         <input_file_ref idref="fl-2"/>
      </object_component>
      <object_component id="oc-e8">
         <name>.debug_info</name>
         <load_address>0x290a</load_address>
         <run_address>0x290a</run_address>
         <size>0x8b</size>
         <input_file_ref idref="fl-2"/>
      </object_component>
      <object_component id="oc-33a">
         <name>.debug_info</name>
         <load_address>0x2995</load_address>
         <run_address>0x2995</run_address>
         <size>0x297</size>
         <input_file_ref idref="fl-2"/>
      </object_component>
      <object_component id="oc-19c">
         <name>.debug_info</name>
         <load_address>0x2c2c</load_address>
         <run_address>0x2c2c</run_address>
         <size>0xbb</size>
         <input_file_ref idref="fl-2"/>
      </object_component>
      <object_component id="oc-226">
         <name>.debug_info</name>
         <load_address>0x2ce7</load_address>
         <run_address>0x2ce7</run_address>
         <size>0x2c</size>
         <input_file_ref idref="fl-2"/>
      </object_component>
      <object_component id="oc-ed">
         <name>.debug_info</name>
         <load_address>0x2d13</load_address>
         <run_address>0x2d13</run_address>
         <size>0x86</size>
         <input_file_ref idref="fl-2"/>
      </object_component>
      <object_component id="oc-242">
         <name>.debug_info</name>
         <load_address>0x2d99</load_address>
         <run_address>0x2d99</run_address>
         <size>0x437</size>
         <input_file_ref idref="fl-2"/>
      </object_component>
      <object_component id="oc-380">
         <name>.debug_info</name>
         <load_address>0x31d0</load_address>
         <run_address>0x31d0</run_address>
         <size>0x15f</size>
         <input_file_ref idref="fl-2"/>
      </object_component>
      <object_component id="oc-3cf">
         <name>.debug_info</name>
         <load_address>0x332f</load_address>
         <run_address>0x332f</run_address>
         <size>0x1d4</size>
         <input_file_ref idref="fl-2"/>
      </object_component>
      <object_component id="oc-330">
         <name>.debug_info</name>
         <load_address>0x3503</load_address>
         <run_address>0x3503</run_address>
         <size>0x152</size>
         <input_file_ref idref="fl-2"/>
      </object_component>
      <object_component id="oc-335">
         <name>.debug_info</name>
         <load_address>0x3655</load_address>
         <run_address>0x3655</run_address>
         <size>0x396</size>
         <input_file_ref idref="fl-2"/>
      </object_component>
      <object_component id="oc-1da">
         <name>.debug_info</name>
         <load_address>0x39eb</load_address>
         <run_address>0x39eb</run_address>
         <size>0x435</size>
         <input_file_ref idref="fl-2"/>
      </object_component>
      <object_component id="oc-260">
         <name>.debug_info</name>
         <load_address>0x3e20</load_address>
         <run_address>0x3e20</run_address>
         <size>0x551</size>
         <input_file_ref idref="fl-2"/>
      </object_component>
      <object_component id="oc-1df">
         <name>.debug_info</name>
         <load_address>0x4371</load_address>
         <run_address>0x4371</run_address>
         <size>0x1f9</size>
         <input_file_ref idref="fl-2"/>
      </object_component>
      <object_component id="oc-4a9">
         <name>.debug_info</name>
         <load_address>0x456a</load_address>
         <run_address>0x456a</run_address>
         <size>0x12a</size>
         <input_file_ref idref="fl-2"/>
      </object_component>
      <object_component id="oc-24c">
         <name>.debug_info</name>
         <load_address>0x4694</load_address>
         <run_address>0x4694</run_address>
         <size>0x3d3</size>
         <input_file_ref idref="fl-2"/>
      </object_component>
      <object_component id="oc-1b6">
         <name>.debug_info</name>
         <load_address>0x4a67</load_address>
         <run_address>0x4a67</run_address>
         <size>0x2e3</size>
         <input_file_ref idref="fl-2"/>
      </object_component>
      <object_component id="oc-218">
         <name>.debug_info</name>
         <load_address>0x4d4a</load_address>
         <run_address>0x4d4a</run_address>
         <size>0x26c</size>
         <input_file_ref idref="fl-2"/>
      </object_component>
      <object_component id="oc-1e4">
         <name>.debug_info</name>
         <load_address>0x4fb6</load_address>
         <run_address>0x4fb6</run_address>
         <size>0x6a6</size>
         <input_file_ref idref="fl-2"/>
      </object_component>
      <object_component id="oc-1e9">
         <name>.debug_info</name>
         <load_address>0x565c</load_address>
         <run_address>0x565c</run_address>
         <size>0x13e</size>
         <input_file_ref idref="fl-2"/>
      </object_component>
      <object_component id="oc-68">
         <name>.debug_info</name>
         <load_address>0x579a</load_address>
         <run_address>0x579a</run_address>
         <size>0x84</size>
         <input_file_ref idref="fl-4"/>
      </object_component>
      <object_component id="oc-21e">
         <name>.debug_info</name>
         <load_address>0x581e</load_address>
         <run_address>0x581e</run_address>
         <size>0x34f</size>
         <input_file_ref idref="fl-5"/>
      </object_component>
      <object_component id="oc-233">
         <name>.debug_info</name>
         <load_address>0x5b6d</load_address>
         <run_address>0x5b6d</run_address>
         <size>0x791</size>
         <input_file_ref idref="fl-5"/>
      </object_component>
      <object_component id="oc-e3">
         <name>.debug_info</name>
         <load_address>0x62fe</load_address>
         <run_address>0x62fe</run_address>
         <size>0x18c</size>
         <input_file_ref idref="fl-5"/>
      </object_component>
      <object_component id="oc-3a9">
         <name>.debug_info</name>
         <load_address>0x648a</load_address>
         <run_address>0x648a</run_address>
         <size>0x38f</size>
         <input_file_ref idref="fl-5"/>
      </object_component>
      <object_component id="oc-1ee">
         <name>.debug_info</name>
         <load_address>0x6819</load_address>
         <run_address>0x6819</run_address>
         <size>0x2d0</size>
         <input_file_ref idref="fl-5"/>
      </object_component>
      <object_component id="oc-37f">
         <name>.debug_info</name>
         <load_address>0x6ae9</load_address>
         <run_address>0x6ae9</run_address>
         <size>0x423</size>
         <input_file_ref idref="fl-7"/>
      </object_component>
      <object_component id="oc-37c">
         <name>.debug_info</name>
         <load_address>0x6f0c</load_address>
         <run_address>0x6f0c</run_address>
         <size>0x128</size>
         <input_file_ref idref="fl-7"/>
      </object_component>
      <object_component id="oc-1c3">
         <name>.debug_info</name>
         <load_address>0x7034</load_address>
         <run_address>0x7034</run_address>
         <size>0x15e1</size>
         <input_file_ref idref="fl-7"/>
      </object_component>
      <object_component id="oc-1f">
         <name>.debug_info</name>
         <load_address>0x8615</load_address>
         <run_address>0x8615</run_address>
         <size>0x211</size>
         <input_file_ref idref="fl-7"/>
      </object_component>
      <object_component id="oc-449">
         <name>.debug_info</name>
         <load_address>0x8826</load_address>
         <run_address>0x8826</run_address>
         <size>0x2ff</size>
         <input_file_ref idref="fl-8"/>
      </object_component>
      <object_component id="oc-358">
         <name>.debug_info</name>
         <load_address>0x8b25</load_address>
         <run_address>0x8b25</run_address>
         <size>0x3b8</size>
         <input_file_ref idref="fl-8"/>
      </object_component>
      <object_component id="oc-4b3">
         <name>.debug_info</name>
         <load_address>0x8edd</load_address>
         <run_address>0x8edd</run_address>
         <size>0x22c</size>
         <input_file_ref idref="fl-8"/>
      </object_component>
      <object_component id="oc-dc">
         <name>.debug_info</name>
         <load_address>0x9109</load_address>
         <run_address>0x9109</run_address>
         <size>0x14a</size>
         <input_file_ref idref="fl-9"/>
      </object_component>
      <object_component id="oc-44a">
         <name>.debug_info</name>
         <load_address>0x9253</load_address>
         <run_address>0x9253</run_address>
         <size>0x2d4</size>
         <input_file_ref idref="fl-a"/>
      </object_component>
      <object_component id="oc-4ba">
         <name>.debug_info</name>
         <load_address>0x9527</load_address>
         <run_address>0x9527</run_address>
         <size>0x155</size>
         <input_file_ref idref="fl-a"/>
      </object_component>
      <object_component id="oc-35d">
         <name>.debug_info</name>
         <load_address>0x967c</load_address>
         <run_address>0x967c</run_address>
         <size>0x116</size>
         <input_file_ref idref="fl-a"/>
      </object_component>
      <object_component id="oc-397">
         <name>.debug_info</name>
         <load_address>0x9792</load_address>
         <run_address>0x9792</run_address>
         <size>0x328</size>
         <input_file_ref idref="fl-b"/>
      </object_component>
      <object_component id="oc-1fc">
         <name>.debug_info</name>
         <load_address>0x9aba</load_address>
         <run_address>0x9aba</run_address>
         <size>0x1a26</size>
         <input_file_ref idref="fl-b"/>
      </object_component>
      <object_component id="oc-29">
         <name>.debug_info</name>
         <load_address>0xb4e0</load_address>
         <run_address>0xb4e0</run_address>
         <size>0x1ad</size>
         <input_file_ref idref="fl-b"/>
      </object_component>
      <object_component id="oc-44b">
         <name>.debug_info</name>
         <load_address>0xb68d</load_address>
         <run_address>0xb68d</run_address>
         <size>0x630</size>
         <input_file_ref idref="fl-c"/>
      </object_component>
      <object_component id="oc-362">
         <name>.debug_info</name>
         <load_address>0xbcbd</load_address>
         <run_address>0xbcbd</run_address>
         <size>0x515</size>
         <input_file_ref idref="fl-c"/>
      </object_component>
      <object_component id="oc-44d">
         <name>.debug_info</name>
         <load_address>0xc1d2</load_address>
         <run_address>0xc1d2</run_address>
         <size>0x2d5</size>
         <input_file_ref idref="fl-d"/>
      </object_component>
      <object_component id="oc-4c3">
         <name>.debug_info</name>
         <load_address>0xc4a7</load_address>
         <run_address>0xc4a7</run_address>
         <size>0x669</size>
         <input_file_ref idref="fl-d"/>
      </object_component>
      <object_component id="oc-367">
         <name>.debug_info</name>
         <load_address>0xcb10</load_address>
         <run_address>0xcb10</run_address>
         <size>0x22e</size>
         <input_file_ref idref="fl-d"/>
      </object_component>
      <object_component id="oc-22e">
         <name>.debug_info</name>
         <load_address>0xcd3e</load_address>
         <run_address>0xcd3e</run_address>
         <size>0x2fe</size>
         <input_file_ref idref="fl-e"/>
      </object_component>
      <object_component id="oc-8e">
         <name>.debug_info</name>
         <load_address>0xd03c</load_address>
         <run_address>0xd03c</run_address>
         <size>0x6ed</size>
         <input_file_ref idref="fl-e"/>
      </object_component>
      <object_component id="oc-110">
         <name>.debug_info</name>
         <load_address>0xd729</load_address>
         <run_address>0xd729</run_address>
         <size>0x9e7</size>
         <input_file_ref idref="fl-e"/>
      </object_component>
      <object_component id="oc-12b">
         <name>.debug_info</name>
         <load_address>0xe110</load_address>
         <run_address>0xe110</run_address>
         <size>0x356</size>
         <input_file_ref idref="fl-f"/>
      </object_component>
      <object_component id="oc-a3">
         <name>.debug_info</name>
         <load_address>0xe466</load_address>
         <run_address>0xe466</run_address>
         <size>0xce1</size>
         <input_file_ref idref="fl-f"/>
      </object_component>
      <object_component id="oc-2e">
         <name>.debug_info</name>
         <load_address>0xf147</load_address>
         <run_address>0xf147</run_address>
         <size>0x1e1</size>
         <input_file_ref idref="fl-f"/>
      </object_component>
      <object_component id="oc-1d5">
         <name>.debug_info</name>
         <load_address>0xf328</load_address>
         <run_address>0xf328</run_address>
         <size>0x1de</size>
         <input_file_ref idref="fl-f"/>
      </object_component>
      <object_component id="oc-126">
         <name>.debug_info</name>
         <load_address>0xf506</load_address>
         <run_address>0xf506</run_address>
         <size>0x129</size>
         <input_file_ref idref="fl-f"/>
      </object_component>
      <object_component id="oc-3b8">
         <name>.debug_info</name>
         <load_address>0xf62f</load_address>
         <run_address>0xf62f</run_address>
         <size>0x2f3</size>
         <input_file_ref idref="fl-10"/>
      </object_component>
      <object_component id="oc-251">
         <name>.debug_info</name>
         <load_address>0xf922</load_address>
         <run_address>0xf922</run_address>
         <size>0x508</size>
         <input_file_ref idref="fl-10"/>
      </object_component>
      <object_component id="oc-3b2">
         <name>.debug_info</name>
         <load_address>0xfe2a</load_address>
         <run_address>0xfe2a</run_address>
         <size>0x43c</size>
         <input_file_ref idref="fl-10"/>
      </object_component>
      <object_component id="oc-430">
         <name>.debug_info</name>
         <load_address>0x10266</load_address>
         <run_address>0x10266</run_address>
         <size>0x30e</size>
         <input_file_ref idref="fl-11"/>
      </object_component>
      <object_component id="oc-316">
         <name>.debug_info</name>
         <load_address>0x10574</load_address>
         <run_address>0x10574</run_address>
         <size>0x7ff</size>
         <input_file_ref idref="fl-11"/>
      </object_component>
      <object_component id="oc-34">
         <name>.debug_info</name>
         <load_address>0x10d73</load_address>
         <run_address>0x10d73</run_address>
         <size>0x28c</size>
         <input_file_ref idref="fl-11"/>
      </object_component>
      <object_component id="oc-350">
         <name>.debug_info</name>
         <load_address>0x10fff</load_address>
         <run_address>0x10fff</run_address>
         <size>0x3a2</size>
         <input_file_ref idref="fl-12"/>
      </object_component>
      <object_component id="oc-34d">
         <name>.debug_info</name>
         <load_address>0x113a1</load_address>
         <run_address>0x113a1</run_address>
         <size>0x12e</size>
         <input_file_ref idref="fl-12"/>
      </object_component>
      <object_component id="oc-34a">
         <name>.debug_info</name>
         <load_address>0x114cf</load_address>
         <run_address>0x114cf</run_address>
         <size>0x122</size>
         <input_file_ref idref="fl-12"/>
      </object_component>
      <object_component id="oc-1ae">
         <name>.debug_info</name>
         <load_address>0x115f1</load_address>
         <run_address>0x115f1</run_address>
         <size>0xf0a</size>
         <input_file_ref idref="fl-12"/>
      </object_component>
      <object_component id="oc-3a">
         <name>.debug_info</name>
         <load_address>0x124fb</load_address>
         <run_address>0x124fb</run_address>
         <size>0x2b2</size>
         <input_file_ref idref="fl-12"/>
      </object_component>
      <object_component id="oc-44e">
         <name>.debug_info</name>
         <load_address>0x127ad</load_address>
         <run_address>0x127ad</run_address>
         <size>0x2e4</size>
         <input_file_ref idref="fl-13"/>
      </object_component>
      <object_component id="oc-36c">
         <name>.debug_info</name>
         <load_address>0x12a91</load_address>
         <run_address>0x12a91</run_address>
         <size>0x2e2</size>
         <input_file_ref idref="fl-13"/>
      </object_component>
      <object_component id="oc-4ca">
         <name>.debug_info</name>
         <load_address>0x12d73</load_address>
         <run_address>0x12d73</run_address>
         <size>0x34f</size>
         <input_file_ref idref="fl-13"/>
      </object_component>
      <object_component id="oc-44f">
         <name>.debug_info</name>
         <load_address>0x130c2</load_address>
         <run_address>0x130c2</run_address>
         <size>0x305</size>
         <input_file_ref idref="fl-14"/>
      </object_component>
      <object_component id="oc-371">
         <name>.debug_info</name>
         <load_address>0x133c7</load_address>
         <run_address>0x133c7</run_address>
         <size>0x2bc</size>
         <input_file_ref idref="fl-14"/>
      </object_component>
      <object_component id="oc-4d1">
         <name>.debug_info</name>
         <load_address>0x13683</load_address>
         <run_address>0x13683</run_address>
         <size>0x186</size>
         <input_file_ref idref="fl-14"/>
      </object_component>
      <object_component id="oc-3b7">
         <name>.debug_info</name>
         <load_address>0x13809</load_address>
         <run_address>0x13809</run_address>
         <size>0x33a</size>
         <input_file_ref idref="fl-16"/>
      </object_component>
      <object_component id="oc-238">
         <name>.debug_info</name>
         <load_address>0x13b43</load_address>
         <run_address>0x13b43</run_address>
         <size>0x4de</size>
         <input_file_ref idref="fl-16"/>
      </object_component>
      <object_component id="oc-45b">
         <name>.debug_info</name>
         <load_address>0x14021</load_address>
         <run_address>0x14021</run_address>
         <size>0x44e</size>
         <input_file_ref idref="fl-16"/>
      </object_component>
      <object_component id="oc-1b4">
         <name>.debug_info</name>
         <load_address>0x1446f</load_address>
         <run_address>0x1446f</run_address>
         <size>0x6fa</size>
         <input_file_ref idref="fl-17"/>
      </object_component>
      <object_component id="oc-b2">
         <name>.debug_info</name>
         <load_address>0x14b69</load_address>
         <run_address>0x14b69</run_address>
         <size>0x1a9c</size>
         <input_file_ref idref="fl-17"/>
      </object_component>
      <object_component id="oc-23d">
         <name>.debug_info</name>
         <load_address>0x16605</load_address>
         <run_address>0x16605</run_address>
         <size>0x3ce</size>
         <input_file_ref idref="fl-17"/>
      </object_component>
      <object_component id="oc-353">
         <name>.debug_info</name>
         <load_address>0x169d3</load_address>
         <run_address>0x169d3</run_address>
         <size>0x7cd</size>
         <input_file_ref idref="fl-17"/>
      </object_component>
      <object_component id="oc-1bb">
         <name>.debug_info</name>
         <load_address>0x171a0</load_address>
         <run_address>0x171a0</run_address>
         <size>0x673</size>
         <input_file_ref idref="fl-17"/>
      </object_component>
      <object_component id="oc-26d">
         <name>.debug_info</name>
         <load_address>0x17813</load_address>
         <run_address>0x17813</run_address>
         <size>0x37b</size>
         <input_file_ref idref="fl-17"/>
      </object_component>
      <object_component id="oc-247">
         <name>.debug_info</name>
         <load_address>0x17b8e</load_address>
         <run_address>0x17b8e</run_address>
         <size>0x1ca</size>
         <input_file_ref idref="fl-17"/>
      </object_component>
      <object_component id="oc-256">
         <name>.debug_info</name>
         <load_address>0x17d58</load_address>
         <run_address>0x17d58</run_address>
         <size>0x1de</size>
         <input_file_ref idref="fl-17"/>
      </object_component>
      <object_component id="oc-376">
         <name>.debug_info</name>
         <load_address>0x17f36</load_address>
         <run_address>0x17f36</run_address>
         <size>0x243</size>
         <input_file_ref idref="fl-17"/>
      </object_component>
      <object_component id="oc-265">
         <name>.debug_info</name>
         <load_address>0x18179</load_address>
         <run_address>0x18179</run_address>
         <size>0x17a</size>
         <input_file_ref idref="fl-17"/>
      </object_component>
      <object_component id="oc-230">
         <name>.debug_info</name>
         <load_address>0x182f3</load_address>
         <run_address>0x182f3</run_address>
         <size>0x2c0</size>
         <input_file_ref idref="fl-19"/>
      </object_component>
      <object_component id="oc-11a">
         <name>.debug_info</name>
         <load_address>0x185b3</load_address>
         <run_address>0x185b3</run_address>
         <size>0x255</size>
         <input_file_ref idref="fl-19"/>
      </object_component>
      <object_component id="oc-3d4">
         <name>.debug_info</name>
         <load_address>0x18808</load_address>
         <run_address>0x18808</run_address>
         <size>0x329</size>
         <input_file_ref idref="fl-1a"/>
      </object_component>
      <object_component id="oc-28a">
         <name>.debug_info</name>
         <load_address>0x18b31</load_address>
         <run_address>0x18b31</run_address>
         <size>0xf35</size>
         <input_file_ref idref="fl-1a"/>
      </object_component>
      <object_component id="oc-40">
         <name>.debug_info</name>
         <load_address>0x19a66</load_address>
         <run_address>0x19a66</run_address>
         <size>0x360</size>
         <input_file_ref idref="fl-1a"/>
      </object_component>
      <object_component id="oc-d5">
         <name>.debug_info</name>
         <load_address>0x19dc6</load_address>
         <run_address>0x19dc6</run_address>
         <size>0x37b</size>
         <input_file_ref idref="fl-1c"/>
      </object_component>
      <object_component id="oc-d2">
         <name>.debug_info</name>
         <load_address>0x1a141</load_address>
         <run_address>0x1a141</run_address>
         <size>0x126</size>
         <input_file_ref idref="fl-1c"/>
      </object_component>
      <object_component id="oc-284">
         <name>.debug_info</name>
         <load_address>0x1a267</load_address>
         <run_address>0x1a267</run_address>
         <size>0x11df</size>
         <input_file_ref idref="fl-1c"/>
      </object_component>
      <object_component id="oc-46">
         <name>.debug_info</name>
         <load_address>0x1b446</load_address>
         <run_address>0x1b446</run_address>
         <size>0x4cc</size>
         <input_file_ref idref="fl-1c"/>
      </object_component>
      <object_component id="oc-213">
         <name>.debug_info</name>
         <load_address>0x1b912</load_address>
         <run_address>0x1b912</run_address>
         <size>0xb9</size>
         <input_file_ref idref="fl-1c"/>
      </object_component>
      <object_component id="oc-87">
         <name>.debug_info</name>
         <load_address>0x1b9cb</load_address>
         <run_address>0x1b9cb</run_address>
         <size>0x989</size>
         <input_file_ref idref="fl-1d"/>
      </object_component>
      <object_component id="oc-4e">
         <name>.debug_info</name>
         <load_address>0x1c354</load_address>
         <run_address>0x1c354</run_address>
         <size>0x152</size>
         <input_file_ref idref="fl-1f"/>
      </object_component>
      <object_component id="oc-3b9">
         <name>.debug_info</name>
         <load_address>0x1c4a6</load_address>
         <run_address>0x1c4a6</run_address>
         <size>0x2df</size>
         <input_file_ref idref="fl-21"/>
      </object_component>
      <object_component id="oc-469">
         <name>.debug_info</name>
         <load_address>0x1c785</load_address>
         <run_address>0x1c785</run_address>
         <size>0x242</size>
         <input_file_ref idref="fl-21"/>
      </object_component>
      <object_component id="oc-25b">
         <name>.debug_info</name>
         <load_address>0x1c9c7</load_address>
         <run_address>0x1c9c7</run_address>
         <size>0x2af</size>
         <input_file_ref idref="fl-21"/>
      </object_component>
      <object_component id="oc-53">
         <name>.debug_info</name>
         <load_address>0x1cc76</load_address>
         <run_address>0x1cc76</run_address>
         <size>0x192</size>
         <input_file_ref idref="fl-22"/>
      </object_component>
      <object_component id="oc-121">
         <name>.debug_info</name>
         <load_address>0x1ce08</load_address>
         <run_address>0x1ce08</run_address>
         <size>0x42a</size>
         <input_file_ref idref="fl-24"/>
      </object_component>
      <object_component id="oc-124">
         <name>.debug_info</name>
         <load_address>0x1d232</load_address>
         <run_address>0x1d232</run_address>
         <size>0x6af</size>
         <input_file_ref idref="fl-25"/>
      </object_component>
      <object_component id="oc-9d">
         <name>.debug_info</name>
         <load_address>0x1d8e1</load_address>
         <run_address>0x1d8e1</run_address>
         <size>0x335c</size>
         <input_file_ref idref="fl-25"/>
      </object_component>
      <object_component id="oc-19">
         <name>.debug_info</name>
         <load_address>0x20c3d</load_address>
         <run_address>0x20c3d</run_address>
         <size>0x638</size>
         <input_file_ref idref="fl-26"/>
      </object_component>
      <object_component id="oc-92">
         <name>.debug_info</name>
         <load_address>0x21275</load_address>
         <run_address>0x21275</run_address>
         <size>0x18b</size>
         <input_file_ref idref="fl-26"/>
      </object_component>
      <object_component id="oc-c5">
         <name>.debug_info</name>
         <load_address>0x21400</load_address>
         <run_address>0x21400</run_address>
         <size>0x6dd</size>
         <input_file_ref idref="fl-27"/>
      </object_component>
      <object_component id="oc-25">
         <name>.debug_info</name>
         <load_address>0x21add</load_address>
         <run_address>0x21add</run_address>
         <size>0x124</size>
         <input_file_ref idref="fl-27"/>
      </object_component>
      <object_component id="oc-59">
         <name>.debug_info</name>
         <load_address>0x21c01</load_address>
         <run_address>0x21c01</run_address>
         <size>0x524</size>
         <input_file_ref idref="fl-27"/>
      </object_component>
      <object_component id="oc-5d">
         <name>.debug_info</name>
         <load_address>0x22125</load_address>
         <run_address>0x22125</run_address>
         <size>0x255</size>
         <input_file_ref idref="fl-27"/>
      </object_component>
      <object_component id="oc-1f3">
         <name>.debug_info</name>
         <load_address>0x2237a</load_address>
         <run_address>0x2237a</run_address>
         <size>0x4f</size>
         <input_file_ref idref="fl-27"/>
      </object_component>
      <object_component id="oc-11d">
         <name>.debug_info</name>
         <load_address>0x223c9</load_address>
         <run_address>0x223c9</run_address>
         <size>0x55c</size>
         <input_file_ref idref="fl-28"/>
      </object_component>
      <object_component id="oc-98">
         <name>.debug_info</name>
         <load_address>0x22925</load_address>
         <run_address>0x22925</run_address>
         <size>0x90b</size>
         <input_file_ref idref="fl-28"/>
      </object_component>
      <object_component id="oc-299">
         <name>.debug_info</name>
         <load_address>0x23230</load_address>
         <run_address>0x23230</run_address>
         <size>0x778</size>
         <input_file_ref idref="fl-37"/>
      </object_component>
      <object_component id="oc-296">
         <name>.debug_info</name>
         <load_address>0x239a8</load_address>
         <run_address>0x239a8</run_address>
         <size>0x144</size>
         <input_file_ref idref="fl-37"/>
      </object_component>
      <object_component id="oc-15d">
         <name>.debug_info</name>
         <load_address>0x23aec</load_address>
         <run_address>0x23aec</run_address>
         <size>0x852</size>
         <input_file_ref idref="fl-37"/>
      </object_component>
      <object_component id="oc-38a">
         <name>.debug_info</name>
         <load_address>0x2433e</load_address>
         <run_address>0x2433e</run_address>
         <size>0x170</size>
         <input_file_ref idref="fl-37"/>
      </object_component>
      <object_component id="oc-391">
         <name>.debug_info</name>
         <load_address>0x244ae</load_address>
         <run_address>0x244ae</run_address>
         <size>0x63</size>
         <input_file_ref idref="fl-37"/>
      </object_component>
      <object_component id="oc-2e8">
         <name>.debug_info</name>
         <load_address>0x24511</load_address>
         <run_address>0x24511</run_address>
         <size>0x43d</size>
         <input_file_ref idref="fl-38"/>
      </object_component>
      <object_component id="oc-2f3">
         <name>.debug_info</name>
         <load_address>0x2494e</load_address>
         <run_address>0x2494e</run_address>
         <size>0x20f</size>
         <input_file_ref idref="fl-38"/>
      </object_component>
      <object_component id="oc-30f">
         <name>.debug_info</name>
         <load_address>0x24b5d</load_address>
         <run_address>0x24b5d</run_address>
         <size>0x21d</size>
         <input_file_ref idref="fl-38"/>
      </object_component>
      <object_component id="oc-2d1">
         <name>.debug_info</name>
         <load_address>0x24d7a</load_address>
         <run_address>0x24d7a</run_address>
         <size>0x1a6</size>
         <input_file_ref idref="fl-38"/>
      </object_component>
      <object_component id="oc-16f">
         <name>.debug_info</name>
         <load_address>0x24f20</load_address>
         <run_address>0x24f20</run_address>
         <size>0x1a8</size>
         <input_file_ref idref="fl-38"/>
      </object_component>
      <object_component id="oc-2c3">
         <name>.debug_info</name>
         <load_address>0x250c8</load_address>
         <run_address>0x250c8</run_address>
         <size>0x1aa</size>
         <input_file_ref idref="fl-38"/>
      </object_component>
      <object_component id="oc-2bd">
         <name>.debug_info</name>
         <load_address>0x25272</load_address>
         <run_address>0x25272</run_address>
         <size>0x1aa</size>
         <input_file_ref idref="fl-38"/>
      </object_component>
      <object_component id="oc-2b6">
         <name>.debug_info</name>
         <load_address>0x2541c</load_address>
         <run_address>0x2541c</run_address>
         <size>0x1ae</size>
         <input_file_ref idref="fl-38"/>
      </object_component>
      <object_component id="oc-2ca">
         <name>.debug_info</name>
         <load_address>0x255ca</load_address>
         <run_address>0x255ca</run_address>
         <size>0x1cb</size>
         <input_file_ref idref="fl-38"/>
      </object_component>
      <object_component id="oc-40f">
         <name>.debug_info</name>
         <load_address>0x25795</load_address>
         <run_address>0x25795</run_address>
         <size>0x1cb</size>
         <input_file_ref idref="fl-38"/>
      </object_component>
      <object_component id="oc-308">
         <name>.debug_info</name>
         <load_address>0x25960</load_address>
         <run_address>0x25960</run_address>
         <size>0x1cb</size>
         <input_file_ref idref="fl-38"/>
      </object_component>
      <object_component id="oc-17c">
         <name>.debug_info</name>
         <load_address>0x25b2b</load_address>
         <run_address>0x25b2b</run_address>
         <size>0x1d6</size>
         <input_file_ref idref="fl-38"/>
      </object_component>
      <object_component id="oc-183">
         <name>.debug_info</name>
         <load_address>0x25d01</load_address>
         <run_address>0x25d01</run_address>
         <size>0x1d6</size>
         <input_file_ref idref="fl-38"/>
      </object_component>
      <object_component id="oc-18a">
         <name>.debug_info</name>
[...]
      </symbol>
      <symbol id="sm-d16">
         <name>canMessageNotification</name>
         <value>0xf014</value>
         <object_component_ref idref="oc-b7"/>
      </symbol>
      <symbol id="sm-d17">
         <name>transmit_BMS2VCU_BatteryVoltage</name>
         <value>0xef54</value>
         <object_component_ref idref="oc-b7"/>
      </symbol>
      <symbol id="sm-d18">
         <name>receive_BMS2VCU_FAULT</name>
         <value>0xef38</value>
         <object_component_ref idref="oc-b7"/>
      </symbol>
      <symbol id="sm-d19">
         <name>transmit_BMS2VCU_FAULT</name>
         <value>0xef1c</value>
         <object_component_ref idref="oc-b7"/>
      </symbol>
      <symbol id="sm-d1a">
         <name>transmit_BMS2CHARGER_DATA</name>
         <value>0xefc0</value>
         <object_component_ref idref="oc-b7"/>
      </symbol>
      <symbol id="sm-d1b">
         <name>BMS2VCU_FAULT_FullRoutine</name>
         <value>0xf000</value>
         <object_component_ref idref="oc-b7"/>
      </symbol>
      <symbol id="sm-d1c">
         <name>VCU2BMS_DATA_FullRoutine</name>
         <value>0xf008</value>
         <object_component_ref idref="oc-b7"/>
      </symbol>
      <symbol id="sm-d1d">
         <name>receive_BMS2VCU_BatteryVoltage</name>
         <value>0xef84</value>
         <object_component_ref idref="oc-b7"/>
      </symbol>
      <symbol id="sm-d1e">
         <name>receive_CHARGER2BMS_DATA</name>
         <value>0xefdc</value>
         <object_component_ref idref="oc-b7"/>
      </symbol>
      <symbol id="sm-d1f">
         <name>wasCanVaild</name>
         <value>0xeef4</value>
         <object_component_ref idref="oc-b7"/>
      </symbol>
      <symbol id="sm-dc2">
         <name>ClearSlaveRegs</name>
         <value>0x560c</value>
         <object_component_ref idref="oc-2ae"/>
      </symbol>
      <symbol id="sm-dc3">
         <name>MeasureSTATCmd</name>
         <value>0x5688</value>
         <object_component_ref idref="oc-2ae"/>
      </symbol>
      <symbol id="sm-dc4">
         <name>Config_Words2Struct</name>
         <value>0x4d44</value>
         <object_component_ref idref="oc-2ae"/>
      </symbol>
      <symbol id="sm-dc5">
         <name>Write_CFGR</name>
         <value>0x5108</value>
         <object_component_ref idref="oc-2ae"/>
      </symbol>
      <symbol id="sm-dc6">
         <name>GetGPIOReadings_Analog</name>
         <value>0x58f0</value>
         <object_component_ref idref="oc-2ae"/>
      </symbol>
      <symbol id="sm-dc7">
         <name>Start_S_CTRL_Pulsing</name>
         <value>0x57d4</value>
         <object_component_ref idref="oc-2ae"/>
      </symbol>
      <symbol id="sm-dc8">
         <name>CheckSTATCmd</name>
         <value>0x5624</value>
         <object_component_ref idref="oc-2ae"/>
      </symbol>
      <symbol id="sm-dc9">
         <name>ClearSCtrlCMD</name>
         <value>0x55fc</value>
         <object_component_ref idref="oc-2ae"/>
      </symbol>
      <symbol id="sm-dca">
         <name>SendDummyCMD</name>
         <value>0x5a08</value>
         <object_component_ref idref="oc-2ae"/>
      </symbol>
      <symbol id="sm-dcb">
         <name>Config_Struct2Words</name>
         <value>0x4c20</value>
         <object_component_ref idref="oc-2ae"/>
      </symbol>
      <symbol id="sm-dcc">
         <name>ClearCellsCMD</name>
         <value>0x55cc</value>
         <object_component_ref idref="oc-2ae"/>
      </symbol>
      <symbol id="sm-dcd">
         <name>ClearStatCMD</name>
         <value>0x55ec</value>
         <object_component_ref idref="oc-2ae"/>
      </symbol>
      <symbol id="sm-dce">
         <name>Stat_Words2Struct</name>
         <value>0x4edc</value>
         <object_component_ref idref="oc-2ae"/>
      </symbol>
      <symbol id="sm-dcf">
         <name>waitDummyCMD</name>
         <value>0x5a18</value>
         <object_component_ref idref="oc-2ae"/>
      </symbol>
      <symbol id="sm-dd0">
         <name>Write_PWM</name>
         <value>0x5828</value>
         <object_component_ref idref="oc-2ae"/>
      </symbol>
      <symbol id="sm-dd1">
         <name>Read_PWM</name>
         <value>0x5840</value>
         <object_component_ref idref="oc-2ae"/>
      </symbol>
      <symbol id="sm-dd2">
         <name>MeasureCellsCmd</name>
         <value>0x56ec</value>
         <object_component_ref idref="oc-2ae"/>
      </symbol>
      <symbol id="sm-dd3">
         <name>GetVoltageReadings</name>
         <value>0x58b4</value>
         <object_component_ref idref="oc-2ae"/>
      </symbol>
      <symbol id="sm-dd4">
         <name>Read_S_CTRL</name>
         <value>0x5810</value>
         <object_component_ref idref="oc-2ae"/>
      </symbol>
      <symbol id="sm-dd5">
         <name>Read_STAT</name>
         <value>0x52b0</value>
         <object_component_ref idref="oc-2ae"/>
      </symbol>
      <symbol id="sm-dd6">
         <name>GetStatusRegData</name>
         <value>0x4c18</value>
         <object_component_ref idref="oc-2ae"/>
      </symbol>
      <symbol id="sm-dd7">
         <name>WriteThenRead_CFGR</name>
         <value>0x5184</value>
         <object_component_ref idref="oc-2ae"/>
      </symbol>
      <symbol id="sm-dd8">
         <name>Write_S_CTRL</name>
         <value>0x57f8</value>
         <object_component_ref idref="oc-2ae"/>
      </symbol>
      <symbol id="sm-dd9">
         <name>ClearAUXCMD</name>
         <value>0x55dc</value>
         <object_component_ref idref="oc-2ae"/>
      </symbol>
      <symbol id="sm-dda">
         <name>ReadConfig_DCC</name>
         <value>0x5388</value>
         <object_component_ref idref="oc-2ae"/>
      </symbol>
      <symbol id="sm-ddb">
         <name>Read_CFGR</name>
         <value>0x5134</value>
         <object_component_ref idref="oc-2ae"/>
      </symbol>
      <symbol id="sm-ddc">
         <name>SetAllPWM_Regs</name>
         <value>0x5874</value>
         <object_component_ref idref="oc-2ae"/>
      </symbol>
      <symbol id="sm-ddd">
         <name>ReadConfig_gpio_allZero</name>
         <value>0x54c8</value>
         <object_component_ref idref="oc-2ae"/>
      </symbol>
      <symbol id="sm-dde">
         <name>SetConfig_gpio</name>
         <value>0x5564</value>
         <object_component_ref idref="oc-2ae"/>
      </symbol>
      <symbol id="sm-ddf">
         <name>SetConfig_DCC</name>
         <value>0x53f4</value>
         <object_component_ref idref="oc-2ae"/>
      </symbol>
      <symbol id="sm-de0">
         <name>ReadConfig_gpio</name>
         <value>0x5460</value>
         <object_component_ref idref="oc-2ae"/>
      </symbol>
      <symbol id="sm-de1">
         <name>MeasureAUXCmd</name>
         <value>0x5774</value>
         <object_component_ref idref="oc-2ae"/>
      </symbol>
      <symbol id="sm-de2">
         <name>initConfig</name>
         <value>0x5920</value>
         <object_component_ref idref="oc-2ae"/>
      </symbol>
      <symbol id="sm-de3">
         <name>WriteThenRead_PWM</name>
         <value>0x5858</value>
         <object_component_ref idref="oc-2ae"/>
      </symbol>
      <symbol id="sm-e53">
         <name>pec15Table</name>
         <value>0x8001300</value>
      </symbol>
      <symbol id="sm-e54">
         <name>ReadRegGroup</name>
         <value>0x6024</value>
         <object_component_ref idref="oc-2a8"/>
      </symbol>
      <symbol id="sm-e55">
         <name>ReadBytesFromRegGroup</name>
         <value>0x65a4</value>
         <object_component_ref idref="oc-2a8"/>
      </symbol>
      <symbol id="sm-e56">
         <name>calc_cmd_pec15</name>
         <value>0x5c2c</value>
         <object_component_ref idref="oc-2a8"/>
      </symbol>
      <symbol id="sm-e57">
         <name>wakeup_sleep</name>
         <value>0x5c98</value>
         <object_component_ref idref="oc-2a8"/>
      </symbol>
      <symbol id="sm-e58">
         <name>WriteThenReadRegGroup_Bytes</name>
         <value>0x65ec</value>
         <object_component_ref idref="oc-2a8"/>
      </symbol>
      <symbol id="sm-e59">
         <name>SendCMD2Slave_pollAndWait</name>
         <value>0x5eec</value>
         <object_component_ref idref="oc-2a8"/>
      </symbol>
      <symbol id="sm-e5a">
         <name>ReadRegGroup_NoPecCheck</name>
         <value>0x5f24</value>
         <object_component_ref idref="oc-2a8"/>
      </symbol>
      <symbol id="sm-e5b">
         <name>init_PEC15_Table</name>
         <value>0x5a88</value>
         <object_component_ref idref="oc-2a8"/>
      </symbol>
      <symbol id="sm-e5c">
         <name>pec15_calc</name>
         <value>0x5b3c</value>
         <object_component_ref idref="oc-2a8"/>
      </symbol>
      <symbol id="sm-e5d">
         <name>WriteBytes2RegGroup</name>
         <value>0x6574</value>
         <object_component_ref idref="oc-2a8"/>
      </symbol>
      <symbol id="sm-e5e">
         <name>WriteThenReadMultiRegGroups</name>
         <value>0x63b8</value>
         <object_component_ref idref="oc-2a8"/>
      </symbol>
      <symbol id="sm-e5f">
         <name>WriteMultiRegGroups</name>
         <value>0x62c0</value>
         <object_component_ref idref="oc-2a8"/>
      </symbol>
      <symbol id="sm-e60">
         <name>WriteThenReadRegGroup</name>
         <value>0x6118</value>
         <object_component_ref idref="oc-2a8"/>
      </symbol>
      <symbol id="sm-e61">
         <name>SendClearThenCheckCMD</name>
         <value>0x64c8</value>
         <object_component_ref idref="oc-2a8"/>
      </symbol>
      <symbol id="sm-e62">
         <name>ReadMultiRegGroups</name>
         <value>0x61a4</value>
         <object_component_ref idref="oc-2a8"/>
      </symbol>
      <symbol id="sm-e63">
         <name>pollAndWait</name>
         <value>0x5e40</value>
         <object_component_ref idref="oc-2a8"/>
      </symbol>
      <symbol id="sm-e64">
         <name>WriteRegGroup</name>
         <value>0x6088</value>
         <object_component_ref idref="oc-2a8"/>
      </symbol>
      <symbol id="sm-e65">
         <name>Read_Data</name>
         <value>0x5d7c</value>
         <object_component_ref idref="oc-2a8"/>
      </symbol>
      <symbol id="sm-e66">
         <name>SendCmdAndPec2Slave</name>
         <value>0x5dfc</value>
         <object_component_ref idref="oc-2a8"/>
      </symbol>
      <symbol id="sm-e67">
         <name>Write_Data</name>
         <value>0x5d08</value>
         <object_component_ref idref="oc-2a8"/>
      </symbol>
      <symbol id="sm-e68">
         <name>wakeup_idle</name>
         <value>0x5c44</value>
         <object_component_ref idref="oc-2a8"/>
      </symbol>
      <symbol id="sm-e69">
         <name>SendCMD2Slave_alone</name>
         <value>0x5ec0</value>
         <object_component_ref idref="oc-2a8"/>
      </symbol>
      <symbol id="sm-eeb">
         <name>ReadStatAndGetFlagsSubRoutine</name>
         <value>0x8744</value>
         <object_component_ref idref="oc-168"/>
      </symbol>
      <symbol id="sm-eec">
         <name>initLink</name>
         <value>0x7d84</value>
         <object_component_ref idref="oc-168"/>
      </symbol>
      <symbol id="sm-eed">
         <name>MeasureRef2ndVoltageSubRoutine_NoErrorHandling</name>
         <value>0x80a0</value>
         <object_component_ref idref="oc-168"/>
      </symbol>
      <symbol id="sm-eee">
         <name>keepAwake</name>
         <value>0x7da4</value>
         <object_component_ref idref="oc-168"/>
      </symbol>
      <symbol id="sm-eef">
         <name>CellVoltageControlRoutine</name>
         <value>0x8754</value>
         <object_component_ref idref="oc-168"/>
      </symbol>
      <symbol id="sm-ef0">
         <name>MeasureRef2ndVoltageSubRoutine</name>
         <value>0x8714</value>
         <object_component_ref idref="oc-168"/>
      </symbol>
      <symbol id="sm-ef1">
         <name>checkStatFlags</name>
         <value>0x7db0</value>
         <object_component_ref idref="oc-168"/>
      </symbol>
      <symbol id="sm-ef2">
         <name>MonitorCellTempRoutine</name>
         <value>0x87bc</value>
         <object_component_ref idref="oc-168"/>
      </symbol>
      <symbol id="sm-ef3">
         <name>MeasureGPIOVoltageSubRoutine</name>
         <value>0x8704</value>
         <object_component_ref idref="oc-168"/>
      </symbol>
      <symbol id="sm-ef4">
         <name>SubRoutine_ErrorHandler</name>
         <value>0x86a8</value>
         <object_component_ref idref="oc-168"/>
      </symbol>
      <symbol id="sm-ef5">
         <name>MeasureAUXVoltageSubRoutine_NoErrorHandling</name>
         <value>0x823c</value>
         <object_component_ref idref="oc-168"/>
      </symbol>
      <symbol id="sm-ef6">
         <name>MeasureCellVoltageSubRoutine</name>
         <value>0x8724</value>
         <object_component_ref idref="oc-168"/>
      </symbol>
      <symbol id="sm-ef7">
         <name>BalanceCellsSubRoutine_NoErrorHandling</name>
         <value>0x854c</value>
         <object_component_ref idref="oc-168"/>
      </symbol>
      <symbol id="sm-ef8">
         <name>BalanceCellsSubRoutine</name>
         <value>0x8734</value>
         <object_component_ref idref="oc-168"/>
      </symbol>
      <symbol id="sm-ef9">
         <name>MeasureCellVoltageSubRoutine_NoErrorHandling</name>
         <value>0x84a8</value>
         <object_component_ref idref="oc-168"/>
      </symbol>
      <symbol id="sm-efa">
         <name>SlaveFlagsRoutine</name>
         <value>0x87c8</value>
         <object_component_ref idref="oc-168"/>
      </symbol>
      <symbol id="sm-efb">
         <name>ReadStatAndGetFlagsSubRoutine_NoErrorHandling</name>
         <value>0x8598</value>
         <object_component_ref idref="oc-168"/>
      </symbol>
      <symbol id="sm-f2d">
         <name>SPI_SR2Link_MultiBYTE</name>
         <value>0xe16c</value>
         <object_component_ref idref="oc-3e9"/>
      </symbol>
      <symbol id="sm-f2e">
         <name>SPI_SR2Link_BYTE</name>
         <value>0xe108</value>
         <object_component_ref idref="oc-3e9"/>
      </symbol>
      <symbol id="sm-f2f">
         <name>ToggleCS</name>
         <value>0xe01c</value>
         <object_component_ref idref="oc-3e9"/>
      </symbol>
      <symbol id="sm-f30">
         <name>SPI_SR2Link_QWORD</name>
         <value>0xe294</value>
         <object_component_ref idref="oc-3e9"/>
      </symbol>
      <symbol id="sm-f31">
         <name>GetCS</name>
         <value>0xe004</value>
         <object_component_ref idref="oc-3e9"/>
      </symbol>
      <symbol id="sm-f32">
         <name>Current_CS_Level</name>
         <value>0x8001643</value>
         <object_component_ref idref="oc-48a"/>
      </symbol>
      <symbol id="sm-f33">
         <name>SPI_Clock_BYTES</name>
         <value>0xe2c8</value>
         <object_component_ref idref="oc-3e9"/>
      </symbol>
      <symbol id="sm-f34">
         <name>SPI_SR2Link_2Bits</name>
         <value>0xe0a0</value>
         <object_component_ref idref="oc-3e9"/>
      </symbol>
      <symbol id="sm-f35">
         <name>SPI_SR2Link_WORD</name>
         <value>0xe23c</value>
         <object_component_ref idref="oc-3e9"/>
      </symbol>
      <symbol id="sm-f36">
         <name>SPI_SR2Link_DWORD</name>
         <value>0xe268</value>
         <object_component_ref idref="oc-3e9"/>
      </symbol>
      <symbol id="sm-f37">
         <name>setCS</name>
         <value>0xdf98</value>
         <object_component_ref idref="oc-3e9"/>
      </symbol>
      <symbol id="sm-f4b">
         <name>__aeabi_llsl</name>
         <value>0xffd5</value>
         <object_component_ref idref="oc-485"/>
      </symbol>
      <symbol id="sm-f54">
         <name>__aeabi_llsr</name>
         <value>0xfff3</value>
         <object_component_ref idref="oc-480"/>
      </symbol>
      <symbol id="sm-f6f">
         <name>memcpy</name>
         <value>0xfb45</value>
         <object_component_ref idref="oc-6d"/>
      </symbol>
      <symbol id="sm-f70">
         <name>__aeabi_memcpy</name>
         <value>0xfb45</value>
         <object_component_ref idref="oc-6d"/>
      </symbol>
      <symbol id="sm-f71">
         <name>__aeabi_memcpy8</name>
         <value>0xfb45</value>
         <object_component_ref idref="oc-6d"/>
      </symbol>
      <symbol id="sm-f72">
         <name>__aeabi_memcpy4</name>
         <value>0xfb45</value>
         <object_component_ref idref="oc-6d"/>
      </symbol>
      <symbol id="sm-f7e">
         <name>__aeabi_idivmod</name>
         <value>0xfde4</value>
         <object_component_ref idref="oc-42a"/>
      </symbol>
      <symbol id="sm-f7f">
         <name>__aeabi_idiv</name>
         <value>0xfde4</value>
         <object_component_ref idref="oc-42a"/>
      </symbol>
      <symbol id="sm-f8b">
         <name>__aeabi_uidivmod</name>
         <value>0xfe38</value>
         <object_component_ref idref="oc-1fe"/>
      </symbol>
      <symbol id="sm-f8c">
         <name>__aeabi_uidiv</name>
         <value>0xfe38</value>
         <object_component_ref idref="oc-1fe"/>
      </symbol>
      <symbol id="sm-f9b">
         <name>__aeabi_memset</name>
         <value>0xfcff</value>
         <object_component_ref idref="oc-108"/>
      </symbol>
      <symbol id="sm-f9c">
         <name>memset</name>
         <value>0xfd05</value>
         <object_component_ref idref="oc-108"/>
      </symbol>
      <symbol id="sm-f9d">
         <name>__aeabi_memset8</name>
         <value>0xfcff</value>
         <object_component_ref idref="oc-108"/>
      </symbol>
      <symbol id="sm-f9e">
         <name>__aeabi_memset4</name>
         <value>0xfcff</value>
         <object_component_ref idref="oc-108"/>
      </symbol>
      <symbol id="sm-f9f">
         <name>__aeabi_memclr8</name>
         <value>0xfcfd</value>
         <object_component_ref idref="oc-108"/>
      </symbol>
      <symbol id="sm-fa0">
         <name>__aeabi_memclr4</name>
         <value>0xfcfd</value>
         <object_component_ref idref="oc-108"/>
      </symbol>
      <symbol id="sm-fa1">
         <name>__aeabi_memclr</name>
         <value>0xfcfd</value>
         <object_component_ref idref="oc-108"/>
      </symbol>
      <symbol id="sm-fc9">
         <name>__TI_auto_init_nobinit_nopinit</name>
         <value>0xfed5</value>
         <object_component_ref idref="oc-12c"/>
      </symbol>
      <symbol id="sm-fde">
         <name>__TI_zero_init_nomemset</name>
         <value>0x10011</value>
         <object_component_ref idref="oc-79"/>
      </symbol>
      <symbol id="sm-ff5">
         <name>__TI_decompress_none</name>
         <value>0x1009d</value>
         <object_component_ref idref="oc-11"/>
      </symbol>
      <symbol id="sm-1018">
         <name>__TI_decompress_lzss</name>
         <value>0xfd77</value>
         <object_component_ref idref="oc-b"/>
      </symbol>
      <symbol id="sm-1023">
         <name>C$$EXIT</name>
         <value>0x100dd</value>
         <object_component_ref idref="oc-1a1"/>
      </symbol>
      <symbol id="sm-1024">
         <name>abort</name>
         <value>0x100dd</value>
         <object_component_ref idref="oc-1a1"/>
      </symbol>
      <symbol id="sm-102f">
         <name>__aeabi_idiv0</name>
         <value>0xfde3</value>
         <object_component_ref idref="oc-39d"/>
      </symbol>
      <symbol id="sm-1030">
         <name>__aeabi_ldiv0</name>
         <value>0xfde3</value>
         <object_component_ref idref="oc-39d"/>
      </symbol>
      <symbol id="sm-1031">
         <name>__TI_static_base__</name>
         <value>0x0</value>
      </symbol>
      <symbol id="sm-1034">
         <name>SHT$$INIT_ARRAY$$Base</name>
         <value>0x0</value>
      </symbol>
      <symbol id="sm-1035">
         <name>SHT$$INIT_ARRAY$$Limit</name>
         <value>0x0</value>
      </symbol>
      <symbol id="sm-1036">
         <name>_system_post_cinit</name>
         <value>0x0</value>
      </symbol>
   </symbol_table>
   <title>Link successful</title>
</link_info>
