******************************************************************************
                  TI ARM Linker PC v18.12.4                    
******************************************************************************
>> Linked Fri Aug 21 17:49:03 2026

OUTPUT FILE NAME:   <bms-link-FW.out>
ENTRY POINT SYMBOL: "_c_int00"  address: 0000ee74


MEMORY CONFIGURATION

         name            origin    length      used     unused   attr    fill
----------------------  --------  ---------  --------  --------  ----  --------
  VECTORS               00000000   00000020  00000020  00000000     X
  FLASH0                00000020   0013ffe0  000112f0  0012ecf0  R  X
  STACKS                08000000   00001300  00000000  00001300  RW  
  RAM                   08001300   0002ed00  000003d8  0002e928  RW  


SEGMENT ALLOCATION MAP

run origin  load origin   length   init length attrs members
----------  ----------- ---------- ----------- ----- -------
00000000    00000000    00011310   00011310    r-x
  00000000    00000000    00000020   00000020    r-x .intvecs
  00000020    00000020    00010c68   00010c68    r-x .text
  00010c88    00010c88    00000628   00000628    r-- .const
  000112b0    000112b0    00000060   00000060    r-- .cinit
08001300    08001300    000003da   00000000    rw-
  08001300    08001300    0000034e   00000000    rw- .bss
  08001650    08001650    0000008a   00000000    rw- .data


SECTION ALLOCATION MAP

 output                                  attributes/
section   page    origin      length       input sections
--------  ----  ----------  ----------   ----------------
.intvecs   0    00000000    00000020     
                  00000000    00000020     sys_intvecs.obj (.intvecs)

.text      0    00000020    00010c68     
                  00000020    00002cdc     sys_selftest.obj (.text)
                  00002cfc    00001384     SlaveCommunation_Functions.obj (.text)
                  00004080    00000ee8     spi.obj (.text)
                  00004f68    00000da8     PhantomHelpers.obj (.text)
                  00005d10    00000c9c     can.obj (.text)
                  000069ac    00000bf8     SlaveCommunication_Drivers.obj (.text)
                  000075a4    00000b64     system.obj (.text)
                  00008108    00000a58     sys_vim.obj (.text)
                  00008b60    00000a2c     sci.obj (.text)
                  0000958c    000008f4     het.obj (.text)
                  00009e80    000008d8     pinmux.obj (.text)
                  0000a758    00000888     ecap.obj (.text)
                  0000afe0    000007cc     BMS_Routines.obj (.text)
                  0000b7ac    00000664     errata_SSWF021_45.obj (.text)
                  0000be10    00000638     rti.obj (.text)
                  0000c448    000005bc     esm.obj (.text)
                  0000ca04    000004c4     Fault_handler.obj (.text)
                  0000cec8    000004b0     Charger.obj (.text)
                  0000d378    000004a8     SendDataSerial.obj (.text)
                  0000d820    00000484     gio.obj (.text)
                  0000dca4    00000468     BatteryData.obj (.text)
                  0000e10c    000003ac     spi_helpers.obj (.text)
                  0000e4b8    000003a4     PhantomTimers.obj (.text)
                  0000e85c    0000034c     sys_core.obj (.text)
                  0000eba8    000002cc     sys_vim.obj (.text:retain)
                  0000ee74    00000290     sys_startup.obj (.text:retain)
                  0000f104    00000280     IMD.obj (.text)
                  0000f384    00000228     notification.obj (.text)
                  0000f5ac    0000019c     can.obj (.text:retain)
                  0000f748    0000018c     Phantom_Can.obj (.text)
                  0000f8d4    0000016c     Fans.obj (.text)
                  0000fa40    00000130     BMS_Tasks.obj (.text)
                  0000fb70    00000128     IMD.obj (.text:CalcIMDState)
                  0000fc98    00000128     gio.obj (.text:retain)
                  0000fdc0    00000124     rti.obj (.text:retain)
                  0000fee4    00000114     esm.obj (.text:retain)
                  0000fff8    000000f0     GIO_helpers.obj (.text)
                  000100e8    000000e8     dabort.obj (.text)
                  000101d0    000000e0     rtsv7R4_T_be_v3D16_eabi.lib : s_floor.c.obj (.text:floor)
                  000102b0    000000e0     sys_pmu.obj (.text)
                  00010390    000000d8     main.obj (.text)
                  00010468    000000b0     het.obj (.text:retain)
                  00010518    0000009c     rtsv7R4_T_be_v3D16_eabi.lib : memcpy_t2.asm.obj (.text)
                  000105b4    00000088     IMD.obj (.text:CalcIsolationState)
                  0001063c    00000088     ecap.obj (.text:retain)
                  000106c4    0000007a     rtsv7R4_T_be_v3D16_eabi.lib : memset_t2.asm.obj (.text)
                  0001073e    00000002                                 : div0.asm.obj (.text)
                  00010740    00000078     HV_Data.obj (.text)
                  000107b8    0000006c     rtsv7R4_T_be_v3D16_eabi.lib : copy_decompress_lzss.c.obj (.text:decompress:lzss:__TI_decompress_lzss)
                  00010824    0000005c     BatteryData.obj (.text:Slave_ADC2Celcius)
                  00010880    00000054     rtsv7R4_T_be_v3D16_eabi.lib : i_div32.asm.obj (.text)
                  000108d4    00000050                                 : u_div32.asm.obj (.text)
                  00010924    0000004c     BatteryData.obj (.text:Slave_ADC2Volt)
                  00010970    00000044     rtsv7R4_T_be_v3D16_eabi.lib : autoinit.c.obj (.text:__TI_auto_init_nobinit_nopinit:__TI_auto_init_nobinit_nopinit)
                  000109b4    00000040     BatteryData.obj (.text:CellVolts2SoC)
                  000109f4    0000003c     BatteryData.obj (.text:BalanceCellNibbleVaule)
                  00010a30    00000024     BatteryData.obj (.text:SetEcapIMDData)
                  00010a54    00000020     BMS_Routines.obj (.text:BalanceCellsSubRoutine)
                  00010a74    00000020     BatteryData.obj (.text:GetAvgCellSOC)
                  00010a94    00000020     BatteryData.obj (.text:GetEcapIMDData)
                  00010ab4    00000020     BatteryData.obj (.text:GetMaxCellSOC)
                  00010ad4    00000020     BMS_Routines.obj (.text:MeasureCellResistanceSubRoutine)
                  00010af4    00000020     BMS_Routines.obj (.text:MeasureCellVoltageSubRoutine)
                  00010b14    00000020     BatteryData.obj (.text:SetChargingStatus)
                  00010b34    0000001c     rtsv7R4_T_be_v3D16_eabi.lib : copy_zero_init.c.obj (.text:decompress:ZI:__TI_zero_init_nomemset:__TI_zero_init_nomemset)
                  00010b50    00000018     BatteryData.obj (.text:GetAvgCellVolt)
                  00010b68    00000018     BMS_Routines.obj (.text:HV_DataSubRoutine)
                  00010b80    00000018     BMS_Routines.obj (.text:MeasureGPIOVoltageSubRoutine)
                  00010b98    00000018     BMS_Routines.obj (.text:MeasureRef2ndVoltageSubRoutine)
                  00010bb0    00000018     BMS_Routines.obj (.text:ReadStatAndGetFlagsSubRoutine)
                  00010bc8    00000014     BatteryData.obj (.text:GetMaxCellVolt)
                  00010bdc    00000014     BatteryData.obj (.text:GetMinCellVolt)
                  00010bf0    00000010     BatteryData.obj (.text:GetAvgCellVolt_float)
                  00010c00    00000010     BatteryData.obj (.text:GetChargingStatus)
                  00010c10    00000010     BatteryData.obj (.text:GetMaxCellVolt_float)
                  00010c20    00000010     BatteryData.obj (.text:GetMinCellVolt_float)
                  00010c30    0000000e     rtsv7R4_T_be_v3D16_eabi.lib : copy_decompress_none.c.obj (.text:decompress:none:__TI_decompress_none)
                  00010c3e    00000002     --HOLE-- [fill = 0]
                  00010c40    0000000c     BatteryData.obj (.text:GetCellDCCReadPrt)
                  00010c4c    0000000c     BatteryData.obj (.text:GetCellDCCWritePrt)
                  00010c58    0000000c     BatteryData.obj (.text:GetCellTempWritePrt)
                  00010c64    0000000c     BatteryData.obj (.text:GetCellVoltReadPrt)
                  00010c70    0000000c     BatteryData.obj (.text:GetCellVoltWritePrt)
                  00010c7c    00000004     rtsv7R4_T_be_v3D16_eabi.lib : exit.c.obj (.text:abort:abort)
                  00010c80    00000004     sys_phantom.obj (.text:retain)
                  00010c84    00000004     sys_startup.obj (.text)

.const     0    00010c88    00000628     
                  00010c88    000003a0     het.obj (.const:het1PROGRAM)
                  00011028    00000200     sys_vim.obj (.const:s_vim_init)
                  00011228    00000020     can.obj (.const:s_canByteOrder)
                  00011248    00000020     het.obj (.const:s_het1pwmPolarity)
                  00011268    00000010     BMS_Routines.obj (.const:$P$T0$1)
                  00011278    00000010     Fans.obj (.const:$P$T0$1)
                  00011288    00000010     BMS_Routines.obj (.const:$P$T1$2)
                  00011298    00000008     SlaveCommunation_Functions.obj (.const:$P$T5$6)
                  000112a0    00000004     SlaveCommunation_Functions.obj (.const:$P$T4$5)
                  000112a4    00000004     SlaveCommunation_Functions.obj (.const:$P$T6$7)
                  000112a8    00000002     SlaveCommunation_Functions.obj (.const:$P$T0$1)
                  000112aa    00000002     SlaveCommunation_Functions.obj (.const:$P$T1$2)
                  000112ac    00000002     SlaveCommunation_Functions.obj (.const:$P$T2$3)
                  000112ae    00000002     SlaveCommunation_Functions.obj (.const:$P$T3$4)

.cinit     0    000112b0    00000060     
                  000112b0    0000003b     (.cinit..data.load) [load image, compression = lzss]
                  000112eb    00000001     --HOLE-- [fill = 0]
                  000112ec    0000000c     (__TI_handler_table)
                  000112f8    00000008     (.cinit..bss.load) [load image, compression = zero_init]
                  00011300    00000010     (__TI_cinit_table)

.bss       0    08001300    0000034e     UNINITIALIZED
                  08001300    00000200     (.common:pec15Table)
                  08001500    00000078     spi.obj (.bss:g_spiPacket_t)
                  08001578    00000042     (.common:BatteryData)
                  080015ba    00000002     --HOLE--
                  080015bc    00000028     sci.obj (.bss:g_sciTransfer_t)
                  080015e4    00000020     PhantomTimers.obj (.bss:rti_timer_last)
                  08001604    00000014     Charger.obj (.bss:ChargerData)
                  08001618    00000014     (.common:StatusRegData)
                  0800162c    0000000c     (.common:ConfigRegWriteData)
                  08001638    00000008     SlaveCommunication_Drivers.obj (.bss:SubDataWords)
                  08001640    00000008     PhantomTimers.obj (.bss:rti_timer_valid)
                  08001648    00000006     (.common:BMSFaultsData)

.data      0    08001650    0000008a     UNINITIALIZED
                  08001650    00000050     BMS_Tasks.obj (.data:BMSTask)
                  080016a0    00000030     SendDataSerial.obj (.data:PeriodicLastSentTick_arr)
                  080016d0    00000008     Charger.obj (.data)
                  080016d8    00000001     BatteryData.obj (.data)
                  080016d9    00000001     spi_helpers.obj (.data)

MODULE SUMMARY

       Module                           code    ro data   rw data
       ------                           ----    -------   -------
    .\
       main.obj                         216     0         104    
    +--+--------------------------------+-------+---------+---------+
       Total:                           216     0         104    
                                                                 
    .\BMS_Master\source\
       sys_selftest.obj                 11484   0         0      
       spi.obj                          3816    0         120    
       sys_vim.obj                      3364    512       0      
       can.obj                          3640    32        0      
       het.obj                          2468    960       0      
       system.obj                       2916    0         0      
       sci.obj                          2604    0         40     
       ecap.obj                         2320    0         0      
       pinmux.obj                       2264    0         0      
       rti.obj                          1884    0         0      
       esm.obj                          1744    0         0      
       errata_SSWF021_45.obj            1636    0         0      
       gio.obj                          1452    0         0      
       sys_core.obj                     844     0         0      
       sys_startup.obj                  660     0         0      
       notification.obj                 552     0         0      
       dabort.obj                       232     0         0      
       sys_pmu.obj                      224     0         0      
       sys_intvecs.obj                  32      0         0      
       sys_phantom.obj                  4       0         0      
    +--+--------------------------------+-------+---------+---------+
       Total:                           44140   1504      160    
                                                                 
    .\Phantom_drivers\source\
       SlaveCommunation_Functions.obj   4996    24        0      
       SlaveCommunication_Drivers.obj   3064    0         520    
       PhantomHelpers.obj               3496    0         0      
       BMS_Routines.obj                 2188    32        0      
       BatteryData.obj                  1772    0         1      
       SendDataSerial.obj               1192    0         48     
       Charger.obj                      1200    0         28     
       Fault_handler.obj                1220    0         0      
       IMD.obj                          1072    0         0      
       PhantomTimers.obj                932     0         40     
       spi_helpers.obj                  940     0         1      
       Phantom_Can.obj                  396     0         0      
       BMS_Tasks.obj                    304     0         80     
       Fans.obj                         364     16        0      
       GIO_helpers.obj                  240     0         0      
       HV_Data.obj                      120     0         0      
    +--+--------------------------------+-------+---------+---------+
       Total:                           23496   72        718    
                                                                 
    C:/ti/ccs930/ccs/tools/compiler/ti-cgt-arm_18.12.4.LTS/lib/rtsv7R4_T_be_v3D16_eabi.lib
       s_floor.c.obj                    224     0         0      
       memcpy_t2.asm.obj                156     0         0      
       memset_t2.asm.obj                122     0         0      
       copy_decompress_lzss.c.obj       108     0         0      
       i_div32.asm.obj                  84      0         0      
       u_div32.asm.obj                  80      0         0      
       autoinit.c.obj                   68      0         0      
       copy_zero_init.c.obj             28      0         0      
       copy_decompress_none.c.obj       14      0         0      
       exit.c.obj                       4       0         0      
       div0.asm.obj                     2       0         0      
    +--+--------------------------------+-------+---------+---------+
       Total:                           890     0         0      
                                                                 
       Linker Generated:                0       95        0      
    +--+--------------------------------+-------+---------+---------+
       Grand Total:                     68742   1671      982    


LINKER GENERATED COPY TABLES

__TI_cinit_table @ 00011300 records: 2, size/record: 8, table size: 16
	.data: load addr=000112b0, load size=0000003b bytes, run addr=08001650, run size=0000008a bytes, compression=lzss
	.bss: load addr=000112f8, load size=00000008 bytes, run addr=08001300, run size=0000034e bytes, compression=zero_init


LINKER GENERATED HANDLER TABLE

__TI_handler_table @ 000112ec records: 3, size/record: 4, table size: 12
	index: 0, handler: __TI_zero_init
	index: 1, handler: __TI_decompress_lzss
	index: 2, handler: __TI_decompress_none


GLOBAL SYMBOLS: SORTED ALPHABETICALLY BY Name 

address   name                                           
-------   ----                                           
0000cde0  AddBMSFaults                                   
0000cce4  AddSlaveFaults                                 
0000caa0  AnyBMSFaults                                   
0000cb48  AnyFaults                                      
0000caf8  AnyIMDFaults                                   
0000cacc  AnySlaveFaults                                 
0000f838  BMS2ALL_FAULT_FullRoutine                      
0000f844  BMS2CHARGER_DATA_FullRoutine                   
0000f83c  BMS2VCU_Data_FullRoutine                       
08001648  BMSFaultsData                                  
08001650  BMSTask                                        
000109f4  BalanceCellNibbleVaule                         
00010a54  BalanceCellsSubRoutine                         
0000b350  BalanceCellsSubRoutine_NoErrorHandling         
08001578  BatteryData                                    
00010c7d  C$$EXIT                                        
0000d358  CHARGER2BMS_DATA_FullRoutine                   
0000f108  CalcIMDData                                    
0000f144  CalcIMDResistance                              
0000fb70  CalcIMDState                                   
000105b4  CalcIsolationState                             
0000d27c  CalcNewCurrentSetting                          
0000b70c  CellVoltageControlRoutine                      
000109b4  CellVolts2SoC                                  
0000d208  ChangeNewChargerState                          
0000cefc  Charger_GetStatus                              
0000cec8  Charger_SendCmd                                
00003b28  CheckSTATCmd                                   
00003ae0  ClearAUXCMD                                    
0000cc68  ClearAllBMSFaults                              
0000cc78  ClearAllFaults                                 
0000cc58  ClearAllSlaveFaults                            
00003ad0  ClearCellsCMD                                  
00003b00  ClearSCtrlCMD                                  
00003b10  ClearSlaveRegs                                 
00003af0  ClearStatCMD                                   
0800162c  ConfigRegWriteData                             
00002d04  Config_Struct2Words                            
00002e28  Config_Words2Struct                            
080016d9  Current_CS_Level                               
0000ca04  Debug_GIO_Notification                         
0000fa9c  DoNothing                                      
0000fb58  Do_BMS_Tasks                                   
0000d190  DoneCharging                                   
00005060  ExtractByteFromWord                            
0000cc94  Fault_Handler                                  
0000cb98  GetAllSlaveFaults                              
00005178  GetAndInsertBit                                
00010a74  GetAvgCellSOC                                  
00010b50  GetAvgCellVolt                                 
00010bf0  GetAvgCellVolt_float                           
0000cbc0  GetBMSFault_bool                               
0000cb90  GetBMSFaultsData                               
0000df2c  GetBalanceDCC                                  
0000ddf0  GetBalanceNibbles                              
0000e0a8  GetBatteryData                                 
0000dd5c  GetBatterySOC                                  
0000e180  GetCS                                          
00010c40  GetCellDCCReadPrt                              
00010c4c  GetCellDCCWritePrt                             
00010c58  GetCellTempWritePrt                            
00010c64  GetCellVoltReadPrt                             
00010c70  GetCellVoltWritePrt                            
0000dd7c  GetCellsUnbalanceState                         
0000d338  GetChargerDataPrt                              
0000cffc  GetChargerOutputCurrent                        
0000cfec  GetChargerOutputVoltage                        
0000d02c  GetChargerStatus                               
0000cfb8  GetChargerStatusWraper                         
0000cfdc  GetChargerTargetCurrent                        
0000cfcc  GetChargerTargetVoltage                        
00010c00  GetChargingStatus                              
00010a94  GetEcapIMDData                                 
0000ca6c  GetFault_Cans                                  
00003ed0  GetGPIOReadings_Analog                         
0000cba4  GetIMDFaults                                   
00010ab4  GetMaxCellSOC                                  
00010bc8  GetMaxCellVolt                                 
00010c10  GetMaxCellVolt_float                           
00010bdc  GetMinCellVolt                                 
00010c20  GetMinCellVolt_float                           
0000cc0c  GetSlaveFault_bool                             
00002cfc  GetStatusRegData                               
00003e94  GetVoltageReadings                             
00010740  Get_HV_Data_Raw                                
0000dd34  Get_HV_Voltage                                 
0001077c  HV_ADC2VOLTS                                   
00010b68  HV_DataSubRoutine                              
0000b664  HV_DataSubRoutine_NoErrorHandling              
0000ca20  IMD_FAULT_GIO_Notification                     
0000510c  InvertAndInsertBit                             
0000c17c  IsdwdKeySequenceCorrect                        
00003d1c  MeasureAUXCmd                                  
00003d64  MeasureAUXCmd_All                              
0000b0cc  MeasureAUXVoltageSubRoutine_NoErrorHandling    
0000b78c  MeasureCellResistanceRoutine                   
00010ad4  MeasureCellResistanceSubRoutine                
0000b398  MeasureCellResistanceSubRoutine_NoErrorHandling
00010af4  MeasureCellVoltageSubRoutine                   
0000b2a0  MeasureCellVoltageSubRoutine_NoErrorHandling   
00003c2c  MeasureCellsCmd                                
00003c9c  MeasureCellsCmd_All_NoDis                      
00003cf8  MeasureCellsCmd_Dis                            
00010b80  MeasureGPIOVoltageSubRoutine                   
00010b98  MeasureRef2ndVoltageSubRoutine                 
0000afe0  MeasureRef2ndVoltageSubRoutine_NoErrorHandling 
00003b8c  MeasureSTATCmd                                 
00003bd8  MeasureSTATCmd_All                             
0000b758  MonitorCellTempRoutine                         
0000b780  MonitorFullBatteryDataRoutine                  
000074c4  ReadBytesFromRegGroup                          
00003470  ReadConfig_DCC                                 
0000361c  ReadConfig_gpio                                
00003684  ReadConfig_gpio_allZero                        
000070c4  ReadMultiRegGroups                             
00006f50  ReadRegGroup                                   
00006e2c  ReadRegGroup_NoPecCheck                        
00010bb0  ReadStatAndGetFlagsSubRoutine                  
0000b574  ReadStatAndGetFlagsSubRoutine_NoErrorHandling  
00003220  Read_CFGR                                      
00006ca0  Read_Data                                      
00003e20  Read_PWM                                       
0000339c  Read_STAT                                      
00003df0  Read_S_CTRL                                    
0000f1e8  ReportEcapIMDData                              
UNDEFED   SHT$$INIT_ARRAY$$Base                          
UNDEFED   SHT$$INIT_ARRAY$$Limit                         
0000e414  SPI_Clock_BYTES                                
0000e27c  SPI_SR2Link_BYTE                               
0000e3b8  SPI_SR2Link_DWORD                              
0000e2e0  SPI_SR2Link_MultiBYTE                          
0000e3e0  SPI_SR2Link_QWORD                              
0000e390  SPI_SR2Link_WORD                               
0000e45c  SPI_SR2Link_WORD_FAST                          
00006dc8  SendCMD2Slave_alone                            
00006df4  SendCMD2Slave_pollAndWait                      
0000d48c  SendCellDCC_Serial                             
0000d488  SendCellRes_Serial                             
0000d458  SendCellTemp_Serial                            
0000d438  SendCellVoltage_Serial                         
0000d484  SendChargerData_Serial                         
000073e8  SendClearThenCheckCMD                          
00006d20  SendCmdAndPec2Slave                            
0000d3b0  SendDataSerial                                 
00003fe8  SendDummyCMD                                   
0000d45c  SendFanData_Serial                             
0000ca38  SendFault_Cans                                 
0000d460  SendIMDData_Serial                             
0000d40c  SendMsgSerial_DL                               
0000d69c  SendPeriodic                                   
0000d5d0  SendSlaveState_Serial                          
0000d674  Send_BMSFaultsData_Serial                      
0000f1d4  Sendfault_IMD                                  
0000354c  SetAllConfig_DCC                               
0000f954  SetAllFansDuty                                 
0000f99c  SetAllFansSignal                               
000035b0  SetAllHigh_DCC                                 
00003e54  SetAllPWM_Regs                                 
0000ccc8  SetAllSlaveFaults                              
0000cd74  SetBMSFault                                    
0000ce04  SetBMSFault_bool                               
0000ce48  SetBMSFault_bool_HIGH                          
0000d0a4  SetChargerCurrent                              
0000d0c4  SetChargerLimits                               
0000d084  SetChargerVoltage                              
00010b14  SetChargingStatus                              
000034dc  SetConfig_DCC                                  
00003720  SetConfig_gpio                                 
00010a30  SetEcapIMDData                                 
0000ce70  SetIMDFaults                                   
0000cd08  SetSlaveFault_bool                             
0000cd4c  SetSlaveFault_bool_HIGH                        
0000dd40  Set_HV_Voltage                                 
0000d1c0  ShutDownCharger_Fault                          
0000b764  SlaveFlagsRoutine                              
00010824  Slave_ADC2Celcius                              
00010924  Slave_ADC2Volt                                 
0000dca4  Slave_ADC2Volt_arr                             
00004a3c  SpiRxStatus                                    
000049b0  SpiTxStatus                                    
0000f914  StartAllFans                                   
0000d178  StartCharging                                  
0000d378  StartMsg                                       
00003db4  Start_S_CTRL_Pulsing                           
00002fc0  Stat_Words2Struct                              
08001618  StatusRegData                                  
0000f8d4  StopAllFans                                    
0000d1a8  StopCharging                                   
0000b6b0  SubRoutine_ErrorHandler_Decorator              
0000fab0  TaskSuperLoop                                  
0000e198  ToggleCS                                       
0000d114  TurnChargerOff                                 
0000d0f8  TurnChargerOn                                  
0000f840  VCU2BMS_DATA_FullRoutine                       
00007494  WriteBytes2RegGroup                            
000071e0  WriteMultiRegGroups                            
00006fb4  WriteRegGroup                                  
000072d8  WriteThenReadMultiRegGroups                    
00007038  WriteThenReadRegGroup                          
0000750c  WriteThenReadRegGroup_Bytes                    
00003270  WriteThenRead_CFGR                             
00003e38  WriteThenRead_PWM                              
000031f4  Write_CFGR                                     
00006c2c  Write_Data                                     
00003e08  Write_PWM                                      
00003dd8  Write_S_CTRL                                   
00011300  __TI_CINIT_Base                                
00011310  __TI_CINIT_Limit                               
000112ec  __TI_Handler_Table_Base                        
000112f8  __TI_Handler_Table_Limit                       
0000eba0  __TI_PINIT_Base                                
0000eba4  __TI_PINIT_Limit                               
00010971  __TI_auto_init_nobinit_nopinit                 
000107b9  __TI_decompress_lzss                           
00010c31  __TI_decompress_none                           
ffffffff  __TI_pprof_out_hndl                            
ffffffff  __TI_prof_data_size                            
ffffffff  __TI_prof_data_start                           
00000000  __TI_static_base__                             
00010b35  __TI_zero_init_nomemset                        
00010880  __aeabi_idiv                                   
0001073f  __aeabi_idiv0                                  
00010880  __aeabi_idivmod                                
0001073f  __aeabi_ldiv0                                  
000106c5  __aeabi_memclr                                 
000106c5  __aeabi_memclr4                                
000106c5  __aeabi_memclr8                                
00010519  __aeabi_memcpy                                 
00010519  __aeabi_memcpy4                                
00010519  __aeabi_memcpy8                                
000106c7  __aeabi_memset                                 
000106c7  __aeabi_memset4                                
000106c7  __aeabi_memset8                                
000108d4  __aeabi_uidiv                                  
000108d4  __aeabi_uidivmod                               
ffffffff  __binit__                                      
ffffffff  __c_args__                                     
0000ee74  _c_int00                                       
0000eab8  _coreClearAuxiliaryDataFault_                  
0000eacc  _coreClearAuxiliaryInstructionFault_           
0000ea90  _coreClearDataFaultAddress_                    
0000ea68  _coreClearDataFault_                           
0000eaa4  _coreClearInstructionFaultAddress_             
0000ea7c  _coreClearInstructionFault_                    
0000e9fc  _coreDisableEventBusExport_                    
0000ea40  _coreDisableFlashEcc_                          
0000ea1c  _coreDisableRamEcc_                            
0000e9ec  _coreEnableEventBusExport_                     
0000ea2c  _coreEnableFlashEcc_                           
0000ea50  _coreEnableIrqVicOffset_                       
0000ea0c  _coreEnableRamEcc_                             
0000e9d4  _coreEnableVfp_                                
0000eab0  _coreGetAuxiliaryDataFault_                    
0000eac4  _coreGetAuxiliaryInstructionFault_             
0000ea88  _coreGetDataFaultAddress_                      
0000ea60  _coreGetDataFault_                             
0000ea9c  _coreGetInstructionFaultAddress_               
0000ea74  _coreGetInstructionFault_                      
0000e85c  _coreInitRegisters_                            
0000e968  _coreInitStackPointer_                         
000100e8  _dabort                                        
0000eae0  _disable_FIQ_interrupt_                        
0000eae8  _disable_IRQ_interrupt_                        
0000ead8  _disable_interrupt_                            
0000eaf0  _enable_interrupt_                             
0000eb80  _errata_CORTEXR4_57_                           
0000eb90  _errata_CORTEXR4_66_                           
0000b7ac  _errata_SSWF021_45_both_plls                   
0000b9a0  _errata_SSWF021_45_pll1                        
0000bb18  _errata_SSWF021_45_pll2                        
0000eaf8  _esmCcmErrorsClear_                            
0000e9b4  _getCPSRValue_                                 
0000e9bc  _gotoCPUIdle_                                  
0001030c  _pmuDisableCountersGlobal_                     
000102fc  _pmuEnableCountersGlobal_                      
00010368  _pmuGetCycleCount_                             
00010370  _pmuGetEventCount_                             
0001037c  _pmuGetOverflow_                               
000102b0  _pmuInit_                                      
0001033c  _pmuResetCounters_                             
0001031c  _pmuResetCycleCounter_                         
0001032c  _pmuResetEventCounters_                        
0001035c  _pmuSetCountEvent_                             
0001034c  _pmuStartCounters_                             
00010354  _pmuStopCounters_                              
UNDEFED   _system_post_cinit                             
00010c7d  abort                                          
0000126c  adc1ParityCheck                                
00001358  adc2ParityCheck                                
0000f3ec  adcNotification                                
0000574c  array16_avg                                    
00005800  array16_eq_all                                 
00005ae4  array16_eq_any                                 
00005880  array16_eq_element                             
00005b58  array16_eq_every                               
00005c40  array16_greater_any                            
00005a18  array16_greater_element                        
00005bcc  array16_less_any                               
0000594c  array16_less_element                           
00005654  array16_max                                    
0000551c  array16_maxAndIdx                              
000055cc  array16_min                                    
0000546c  array16_minAndIdx                              
000056dc  array16_sum                                    
00005788  array8_eq_all                                  
ffffffff  binit                                          
00004f9c  bytes2word_BigEndian                           
00004fe0  bytes2word_LittleEndian                        
00005340  bytes2words_arr                                
00006b50  calc_cmd_pec15                                 
000067c4  can1GetConfigValue                             
0000f5ac  can1HighLevelInterrupt                         
0000f694  can1LowLevelInterrupt                          
00001410  can1ParityCheck                                
000014e8  can2ParityCheck                                
000015b0  can3ParityCheck                                
00006664  canDisableErrorNotification                    
00006644  canDisableStatusChangeNotification             
000066bc  canDisableloopback                             
00006604  canEnableErrorNotification                     
00006624  canEnableStatusChangeNotification              
00006684  canEnableloopback                              
0000f400  canErrorNotification                           
000063ac  canFillMessageObjectData                       
000060d4  canGetData                                     
000065e0  canGetErrorLevel                               
0000622c  canGetID                                       
000065bc  canGetLastError                                
00005d10  canInit                                        
000067a8  canIoRxGetBit                                  
000066ec  canIoSetDirection                              
0000673c  canIoSetPort                                   
0000678c  canIoTxGetBit                                  
00006560  canIsMessageBoxValid                           
00006504  canIsRxMessageArrived                          
000064a8  canIsTxMessagePending                          
0000f84c  canMessageNotification                         
0000630c  canSendRemoteFrame                             
0000f414  canStatusChangeNotification                    
00005fd8  canTransmit                                    
00006294  canUpdateID                                    
0000f7d8  can_receive_data                               
0000f770  can_transmit_data                              
00009b98  capGetSignal                                   
00000030  ccmSelfCheck                                   
000026fc  ccmr4GetConfigValue                            
0000d03c  changeChargeState                              
00000938  checkB0RAMECC                                  
00000b28  checkB1RAMECC                                  
00001c18  checkClockMonitor                              
00000d18  checkFlashECC                                  
00001cf4  checkFlashEEPROMECC                            
00001e8c  checkPLL1Slip                                  
00001f8c  checkPLL2Slip                                  
00002050  checkRAMAddrParity                             
000019d0  checkRAMECC                                    
0000215c  checkRAMUERRTest                               
00003788  checkStatFlags                                 
000007bc  checkefcSelfTest                               
00000234  cpuSelfTest                                    
00000dfc  cpuSelfTestFail                                
0000f518  crcNotification                                
0000802c  customTrimLPO                                  
00000df4  custom_dabort                                  
0000f43c  dccNotification                                
0000e764  debounceBool                                   
0000e4b8  delay_ms_us                                    
00002b58  disableParity                                  
0000f578  dmaGroupANotification                          
00000eac  dmaParityCheck                                 
0000c1e4  dwdClearFlag                                   
0000c118  dwdCounterEnable                               
0000c160  dwdGenerateSysReset                            
0000c1b0  dwdGetStatus                                   
0000c1f4  dwdGetViolationStatus                          
0000c09c  dwdInit                                        
0000c144  dwdReset                                       
0000c128  dwdSetPreload                                  
0000c10c  dwwdGetCurrentDownCounter                      
0000c0c4  dwwdInit                                       
0000ac08  ecap1GetConfigValue                            
0000ac9c  ecap2GetConfigValue                            
0000ad30  ecap3GetConfigValue                            
0000adc4  ecap4GetConfigValue                            
0000ae58  ecap5GetConfigValue                            
0000aeec  ecap6GetConfigValue                            
0001063c  ecap6Interrupt                                 
0000ab88  ecapClearFlag                                  
0000aae8  ecapDisableAPWMMode                            
0000a9d8  ecapDisableCapture                             
0000a7d0  ecapDisableCounterLoadOnSync                   
0000ab34  ecapDisableInterrupt                           
0000aa7c  ecapEnableAPWMmode                             
0000a9b8  ecapEnableCapture                              
0000a7a0  ecapEnableCounterLoadOnSync                    
0000ab0c  ecapEnableInterrupt                            
0000aba8  ecapGetCAP1                                    
0000abc0  ecapGetCAP2                                    
0000abd8  ecapGetCAP3                                    
0000abf0  ecapGetCAP4                                    
0000ab64  ecapGetEventStatus                             
0000a758  ecapInit                                       
0000f1fc  ecapNotification                               
0000a830  ecapSetCaptureEvent1                           
0000a87c  ecapSetCaptureEvent2                           
0000a8cc  ecapSetCaptureEvent3                           
0000a91c  ecapSetCaptureEvent4                           
0000a96c  ecapSetCaptureMode                             
0000a780  ecapSetCounter                                 
0000a7f4  ecapSetEventPrescaler                          
0000aa40  ecapSetSyncOut                                 
0000a9fc  ecapStartCounter                               
0000aa1c  ecapStopCounter                                
00009b58  edgeDisableNotification                        
00009b1c  edgeEnableNotification                         
00009af0  edgeGetCounter                                 
0000f4f0  edgeNotification                               
00009ac4  edgeResetCounter                               
00000660  efcCheck                                       
00002660  efcGetConfigValue                              
00000794  efcSelfTest                                    
000006e8  efcStuckZeroTest                               
0000f59c  emacRxNotification                             
0000f58c  emacTxNotification                             
0000fa40  enableAllInterrupts                            
00002ad0  enableParity                                   
0000d39c  endMsg                                         
0000f550  eqepNotification                               
0000276c  errata_PBIST_4                                 
0000c5cc  esmActivateNormalOperation                     
0000c6a0  esmClearStatus                                 
0000c6e0  esmClearStatusBuffer                           
0000c594  esmDisableError                                
0000c604  esmDisableInterrupt                            
0000c56c  esmEnableError                                 
0000c5dc  esmEnableInterrupt                             
0000c7d8  esmEnterSelfTest                               
0000c550  esmError                                       
0000c8b0  esmGetConfigValue                              
0000c71c  esmGetStatus                                   
0000c7a0  esmGetStatusBuffer                             
0000f384  esmGroup1Notification                          
0000f394  esmGroup2Notification                          
0000fee4  esmHighInterrupt                               
0000c448  esmInit                                        
0000c860  esmSelfTestStatus                              
0000c6fc  esmSetCounterPreloadValue                      
0000c62c  esmSetInterruptLevel                           
0000c5bc  esmTriggerErrorPinReset                        
0000f52c  etpwmNotification                              
0000f53c  etpwmTripNotification                          
000101d1  floor                                          
000101d1  floorl                                         
000022c4  fmcBus1ParityCheck                             
0000085c  fmcBus2Check                                   
00000898  fmcECCcheck                                    
0000e09c  getBMS_State                                   
0000e6e8  getNow_ms                                      
0000e6b8  getNow_tick                                    
0000e6d4  getNow_us                                      
0000da80  gioDisableNotification                         
0000da18  gioEnableNotification                          
0000d980  gioGetBit                                      
0000fff8  gioGetBitHelper                                
0000dae8  gioGetConfigValue                              
0000d9a8  gioGetPort                                     
0000fc98  gioHighLevelInterrupt                          
0000d820  gioInit                                        
0000fd24  gioLowLevelInterrupt                           
00010098  gioNotification                                
0000d910  gioSetBit                                      
00010028  gioSetBitHelper                                
0000d8f0  gioSetDirection                                
0000d960  gioSetPort                                     
0000d9c0  gioToggleBit                                   
00010074  gioToggleBitHelper                             
00010c84  handlePLLLockFail                              
00009ca4  het1GetConfigValue                             
00010468  het1LowLevelInterrupt                          
00000f58  het1ParityCheck                                
000010c0  het2ParityCheck                                
00009c8c  hetGetTimestamp                                
0000958c  hetInit                                        
0000f504  hetNotification                                
00009c70  hetResetTimestamp                              
00001004  htu1ParityCheck                                
000011bc  htu2ParityCheck                                
0000f464  i2cNotification                                
00005cb4  initArray8                                     
0000e0b0  initBatteryData                                
0000d340  initCharger                                    
00003f00  initConfig                                     
00004044  initLink                                       
0000ce90  init_BMS_Faults                                
0000fa54  init_BMS_system                                
000069ac  init_PEC15_Table                               
0000fa08  init_fans                                      
0000f104  initalizeIMD                                   
0000d00c  isChargerEnabled                               
0000d130  isCharging                                     
0000d15c  isChargingDone                                 
0000e224  is_SPI_busy                                    
0000e250  is_SPI_free                                    
0000b798  keepSlavesAwakeRoutine                         
00010390  main                                           
0000770c  mapClocks                                      
00010519  memcpy                                         
00000174  memoryInit                                     
0000f3a4  memoryPort0TestFailNotification                
0000f3c0  memoryPort1TestFailNotification                
000106cd  memset                                         
00001684  mibspi1ParityCheck                             
0000178c  mibspi3ParityCheck                             
000018b0  mibspi5ParityCheck                             
0000f48c  mibspiGroupNotification                        
0000f478  mibspiNotification                             
00009e80  muxInit                                        
000023ec  pbistFail                                      
00002470  pbistGetConfigValue                            
000005a8  pbistIsTestCompleted                           
000005d4  pbistIsTestPassed                              
00000608  pbistPortTestStatus                            
000004ac  pbistRun                                       
000002cc  pbistSelfCheck                                 
00000578  pbistStop                                      
08001300  pec15Table                                     
00006a60  pec15_calc                                     
000076b8  periphInit                                     
00010c80  phantomInterrupt                               
0000a334  pinmuxGetConfigValue                           
00006d48  pollAndWait                                    
00009a94  pwmDisableNotification                         
00009a4c  pwmEnableNotification                          
0000996c  pwmGetSignal                                   
0000f4d8  pwmNotification                                
000096b4  pwmSetDuty                                     
000097f0  pwmSetSignal                                   
0000964c  pwmStart                                       
00009680  pwmStop                                        
00000000  resetEntry                                     
0000faa8  returnFalse                                    
0000faa0  returnTrue                                     
0000540c  round16                                        
0000fdc0  rtiCompare0Interrupt                           
0000fe08  rtiCompare1Interrupt                           
0000fe50  rtiCompare2Interrupt                           
0000fe98  rtiCompare3Interrupt                           
0000c2a4  rtiDisableNotification                         
0000c27c  rtiEnableNotification                          
0000c2c0  rtiGetConfigValue                              
0000c010  rtiGetCurrentTick                              
0000bfe8  rtiGetPeriod                                   
0000be10  rtiInit                                        
0000f3dc  rtiNotification                                
0000bf5c  rtiResetCounter                                
0000bfc0  rtiSetPeriod                                   
0000bf04  rtiStartCounter                                
0000bf30  rtiStopCounter                                 
0000e5b0  rtiTimerExpired                                
0000e55c  rtiTimerStart                                  
00009110  sciDisableLoopback                             
0000919c  sciDisableNotification                         
000090dc  sciEnableLoopback                              
00009134  sciEnableNotification                          
00009204  sciEnterResetState                             
00009224  sciExitResetState                              
00009244  sciGetConfigValue                              
00008b60  sciInit                                        
00008f8c  sciIsIdleDetected                              
00008f70  sciIsRxReady                                   
00008df0  sciIsTxReady                                   
0000f4a0  sciNotification                                
00009004  sciReceive                                     
00008fd8  sciReceiveByte                                 
00008fa8  sciRxError                                     
00008e3c  sciSend                                        
00008e0c  sciSendByte                                    
00008d54  sciSetBaudrate                                 
00008d34  sciSetFunctional                               
0000939c  scilinGetConfigValue                           
00000020  selftestFailNotification                       
0000cf44  sendCmd2ChargerWraper                          
0000e080  setBMS_State                                   
0000e10c  setCS                                          
00007678  setupFlash                                     
000075a4  setupPLL                                       
00004b74  spi1GetConfigValue                             
00004d04  spi3GetConfigValue                             
00004afc  spiDisableLoopback                             
00004b48  spiDisableNotification                         
00004ac8  spiEnableLoopback                              
00004b18  spiEnableNotification                          
0000f4c8  spiEndNotification                             
00004418  spiGetData                                     
00004080  spiInit                                        
0000f4b4  spiNotification                                
000042fc  spiReceiveData                                 
00004870  spiSendAndGetData                              
0000463c  spiSendData                                    
000042dc  spiSetFunctional                               
00004734  spiTransmitAndReceiveData                      
00004510  spiTransmitData                                
00007ef0  sramGetConfigValue                             
000025bc  stcGetConfigValue                              
000001b8  stcSelfCheck                                   
00000df8  stcSelfCheckFail                               
00005024  swap_word_bytes                                
00005208  swap_word_bytes_arr                            
00007930  systemGetConfigValue                           
00007834  systemInit                                     
00007900  systemPowerDown                                
00007d44  tcmflashGetConfigValue                         
0000e738  timeFunction_VoidVoid_us                       
0000e6fc  timer_tic_tick                                 
0000e708  timer_toc_us                                   
00007604  trimLPO                                        
000081dc  vimChannelMap                                  
00008448  vimDisableInterrupt                            
00008280  vimEnableInterrupt                             
000084f4  vimGetConfigValue                              
00008108  vimInit                                        
00000e00  vimParityCheck                                 
0000eba8  vimParityErrorHandler                          
00003ff8  waitDummyCMD                                   
00006b68  wakeup_idle                                    
00006bbc  wakeup_sleep                                   
0000f748  wasCanVaild                                    
00004f68  word2byte                                      
00005268  words2bytes_arr                                
0000dd18  writeCellRes                                   


GLOBAL SYMBOLS: SORTED BY Symbol Address 

address   name                                           
-------   ----                                           
00000000  __TI_static_base__                             
00000000  resetEntry                                     
00000020  selftestFailNotification                       
00000030  ccmSelfCheck                                   
00000174  memoryInit                                     
000001b8  stcSelfCheck                                   
00000234  cpuSelfTest                                    
000002cc  pbistSelfCheck                                 
000004ac  pbistRun                                       
00000578  pbistStop                                      
000005a8  pbistIsTestCompleted                           
000005d4  pbistIsTestPassed                              
00000608  pbistPortTestStatus                            
00000660  efcCheck                                       
000006e8  efcStuckZeroTest                               
00000794  efcSelfTest                                    
000007bc  checkefcSelfTest                               
0000085c  fmcBus2Check                                   
00000898  fmcECCcheck                                    
00000938  checkB0RAMECC                                  
00000b28  checkB1RAMECC                                  
00000d18  checkFlashECC                                  
00000df4  custom_dabort                                  
00000df8  stcSelfCheckFail                               
00000dfc  cpuSelfTestFail                                
00000e00  vimParityCheck                                 
00000eac  dmaParityCheck                                 
00000f58  het1ParityCheck                                
00001004  htu1ParityCheck                                
000010c0  het2ParityCheck                                
000011bc  htu2ParityCheck                                
0000126c  adc1ParityCheck                                
00001358  adc2ParityCheck                                
00001410  can1ParityCheck                                
000014e8  can2ParityCheck                                
000015b0  can3ParityCheck                                
00001684  mibspi1ParityCheck                             
0000178c  mibspi3ParityCheck                             
000018b0  mibspi5ParityCheck                             
000019d0  checkRAMECC                                    
00001c18  checkClockMonitor                              
00001cf4  checkFlashEEPROMECC                            
00001e8c  checkPLL1Slip                                  
00001f8c  checkPLL2Slip                                  
00002050  checkRAMAddrParity                             
0000215c  checkRAMUERRTest                               
000022c4  fmcBus1ParityCheck                             
000023ec  pbistFail                                      
00002470  pbistGetConfigValue                            
000025bc  stcGetConfigValue                              
00002660  efcGetConfigValue                              
000026fc  ccmr4GetConfigValue                            
0000276c  errata_PBIST_4                                 
00002ad0  enableParity                                   
00002b58  disableParity                                  
00002cfc  GetStatusRegData                               
00002d04  Config_Struct2Words                            
00002e28  Config_Words2Struct                            
00002fc0  Stat_Words2Struct                              
000031f4  Write_CFGR                                     
00003220  Read_CFGR                                      
00003270  WriteThenRead_CFGR                             
0000339c  Read_STAT                                      
00003470  ReadConfig_DCC                                 
000034dc  SetConfig_DCC                                  
0000354c  SetAllConfig_DCC                               
000035b0  SetAllHigh_DCC                                 
0000361c  ReadConfig_gpio                                
00003684  ReadConfig_gpio_allZero                        
00003720  SetConfig_gpio                                 
00003788  checkStatFlags                                 
00003ad0  ClearCellsCMD                                  
00003ae0  ClearAUXCMD                                    
00003af0  ClearStatCMD                                   
00003b00  ClearSCtrlCMD                                  
00003b10  ClearSlaveRegs                                 
00003b28  CheckSTATCmd                                   
00003b8c  MeasureSTATCmd                                 
00003bd8  MeasureSTATCmd_All                             
00003c2c  MeasureCellsCmd                                
00003c9c  MeasureCellsCmd_All_NoDis                      
00003cf8  MeasureCellsCmd_Dis                            
00003d1c  MeasureAUXCmd                                  
00003d64  MeasureAUXCmd_All                              
00003db4  Start_S_CTRL_Pulsing                           
00003dd8  Write_S_CTRL                                   
00003df0  Read_S_CTRL                                    
00003e08  Write_PWM                                      
00003e20  Read_PWM                                       
00003e38  WriteThenRead_PWM                              
00003e54  SetAllPWM_Regs                                 
00003e94  GetVoltageReadings                             
00003ed0  GetGPIOReadings_Analog                         
00003f00  initConfig                                     
00003fe8  SendDummyCMD                                   
00003ff8  waitDummyCMD                                   
00004044  initLink                                       
00004080  spiInit                                        
000042dc  spiSetFunctional                               
000042fc  spiReceiveData                                 
00004418  spiGetData                                     
00004510  spiTransmitData                                
0000463c  spiSendData                                    
00004734  spiTransmitAndReceiveData                      
00004870  spiSendAndGetData                              
000049b0  SpiTxStatus                                    
00004a3c  SpiRxStatus                                    
00004ac8  spiEnableLoopback                              
00004afc  spiDisableLoopback                             
00004b18  spiEnableNotification                          
00004b48  spiDisableNotification                         
00004b74  spi1GetConfigValue                             
00004d04  spi3GetConfigValue                             
00004f68  word2byte                                      
00004f9c  bytes2word_BigEndian                           
00004fe0  bytes2word_LittleEndian                        
00005024  swap_word_bytes                                
00005060  ExtractByteFromWord                            
0000510c  InvertAndInsertBit                             
00005178  GetAndInsertBit                                
00005208  swap_word_bytes_arr                            
00005268  words2bytes_arr                                
00005340  bytes2words_arr                                
0000540c  round16                                        
0000546c  array16_minAndIdx                              
0000551c  array16_maxAndIdx                              
000055cc  array16_min                                    
00005654  array16_max                                    
000056dc  array16_sum                                    
0000574c  array16_avg                                    
00005788  array8_eq_all                                  
00005800  array16_eq_all                                 
00005880  array16_eq_element                             
0000594c  array16_less_element                           
00005a18  array16_greater_element                        
00005ae4  array16_eq_any                                 
00005b58  array16_eq_every                               
00005bcc  array16_less_any                               
00005c40  array16_greater_any                            
00005cb4  initArray8                                     
00005d10  canInit                                        
00005fd8  canTransmit                                    
000060d4  canGetData                                     
0000622c  canGetID                                       
00006294  canUpdateID                                    
0000630c  canSendRemoteFrame                             
000063ac  canFillMessageObjectData                       
000064a8  canIsTxMessagePending                          
00006504  canIsRxMessageArrived                          
00006560  canIsMessageBoxValid                           
000065bc  canGetLastError                                
000065e0  canGetErrorLevel                               
00006604  canEnableErrorNotification                     
00006624  canEnableStatusChangeNotification              
00006644  canDisableStatusChangeNotification             
00006664  canDisableErrorNotification                    
00006684  canEnableloopback                              
000066bc  canDisableloopback                             
000066ec  canIoSetDirection                              
0000673c  canIoSetPort                                   
0000678c  canIoTxGetBit                                  
000067a8  canIoRxGetBit                                  
000067c4  can1GetConfigValue                             
000069ac  init_PEC15_Table                               
00006a60  pec15_calc                                     
00006b50  calc_cmd_pec15                                 
00006b68  wakeup_idle                                    
00006bbc  wakeup_sleep                                   
00006c2c  Write_Data                                     
00006ca0  Read_Data                                      
00006d20  SendCmdAndPec2Slave                            
00006d48  pollAndWait                                    
00006dc8  SendCMD2Slave_alone                            
00006df4  SendCMD2Slave_pollAndWait                      
00006e2c  ReadRegGroup_NoPecCheck                        
00006f50  ReadRegGroup                                   
00006fb4  WriteRegGroup                                  
00007038  WriteThenReadRegGroup                          
000070c4  ReadMultiRegGroups                             
000071e0  WriteMultiRegGroups                            
000072d8  WriteThenReadMultiRegGroups                    
000073e8  SendClearThenCheckCMD                          
00007494  WriteBytes2RegGroup                            
000074c4  ReadBytesFromRegGroup                          
0000750c  WriteThenReadRegGroup_Bytes                    
000075a4  setupPLL                                       
00007604  trimLPO                                        
00007678  setupFlash                                     
000076b8  periphInit                                     
0000770c  mapClocks                                      
00007834  systemInit                                     
00007900  systemPowerDown                                
00007930  systemGetConfigValue                           
00007d44  tcmflashGetConfigValue                         
00007ef0  sramGetConfigValue                             
0000802c  customTrimLPO                                  
00008108  vimInit                                        
000081dc  vimChannelMap                                  
00008280  vimEnableInterrupt                             
00008448  vimDisableInterrupt                            
000084f4  vimGetConfigValue                              
00008b60  sciInit                                        
00008d34  sciSetFunctional                               
00008d54  sciSetBaudrate                                 
00008df0  sciIsTxReady                                   
00008e0c  sciSendByte                                    
00008e3c  sciSend                                        
00008f70  sciIsRxReady                                   
00008f8c  sciIsIdleDetected                              
00008fa8  sciRxError                                     
00008fd8  sciReceiveByte                                 
00009004  sciReceive                                     
000090dc  sciEnableLoopback                              
00009110  sciDisableLoopback                             
00009134  sciEnableNotification                          
0000919c  sciDisableNotification                         
00009204  sciEnterResetState                             
00009224  sciExitResetState                              
00009244  sciGetConfigValue                              
0000939c  scilinGetConfigValue                           
0000958c  hetInit                                        
0000964c  pwmStart                                       
00009680  pwmStop                                        
000096b4  pwmSetDuty                                     
000097f0  pwmSetSignal                                   
0000996c  pwmGetSignal                                   
00009a4c  pwmEnableNotification                          
00009a94  pwmDisableNotification                         
00009ac4  edgeResetCounter                               
00009af0  edgeGetCounter                                 
00009b1c  edgeEnableNotification                         
00009b58  edgeDisableNotification                        
00009b98  capGetSignal                                   
00009c70  hetResetTimestamp                              
00009c8c  hetGetTimestamp                                
00009ca4  het1GetConfigValue                             
00009e80  muxInit                                        
0000a334  pinmuxGetConfigValue                           
0000a758  ecapInit                                       
0000a780  ecapSetCounter                                 
0000a7a0  ecapEnableCounterLoadOnSync                    
0000a7d0  ecapDisableCounterLoadOnSync                   
0000a7f4  ecapSetEventPrescaler                          
0000a830  ecapSetCaptureEvent1                           
0000a87c  ecapSetCaptureEvent2                           
0000a8cc  ecapSetCaptureEvent3                           
0000a91c  ecapSetCaptureEvent4                           
0000a96c  ecapSetCaptureMode                             
0000a9b8  ecapEnableCapture                              
0000a9d8  ecapDisableCapture                             
0000a9fc  ecapStartCounter                               
0000aa1c  ecapStopCounter                                
0000aa40  ecapSetSyncOut                                 
0000aa7c  ecapEnableAPWMmode                             
0000aae8  ecapDisableAPWMMode                            
0000ab0c  ecapEnableInterrupt                            
0000ab34  ecapDisableInterrupt                           
0000ab64  ecapGetEventStatus                             
0000ab88  ecapClearFlag                                  
0000aba8  ecapGetCAP1                                    
0000abc0  ecapGetCAP2                                    
0000abd8  ecapGetCAP3                                    
0000abf0  ecapGetCAP4                                    
0000ac08  ecap1GetConfigValue                            
0000ac9c  ecap2GetConfigValue                            
0000ad30  ecap3GetConfigValue                            
0000adc4  ecap4GetConfigValue                            
0000ae58  ecap5GetConfigValue                            
0000aeec  ecap6GetConfigValue                            
0000afe0  MeasureRef2ndVoltageSubRoutine_NoErrorHandling 
0000b0cc  MeasureAUXVoltageSubRoutine_NoErrorHandling    
0000b2a0  MeasureCellVoltageSubRoutine_NoErrorHandling   
0000b350  BalanceCellsSubRoutine_NoErrorHandling         
0000b398  MeasureCellResistanceSubRoutine_NoErrorHandling
0000b574  ReadStatAndGetFlagsSubRoutine_NoErrorHandling  
0000b664  HV_DataSubRoutine_NoErrorHandling              
0000b6b0  SubRoutine_ErrorHandler_Decorator              
0000b70c  CellVoltageControlRoutine                      
0000b758  MonitorCellTempRoutine                         
0000b764  SlaveFlagsRoutine                              
0000b780  MonitorFullBatteryDataRoutine                  
0000b78c  MeasureCellResistanceRoutine                   
0000b798  keepSlavesAwakeRoutine                         
0000b7ac  _errata_SSWF021_45_both_plls                   
0000b9a0  _errata_SSWF021_45_pll1                        
0000bb18  _errata_SSWF021_45_pll2                        
0000be10  rtiInit                                        
0000bf04  rtiStartCounter                                
0000bf30  rtiStopCounter                                 
0000bf5c  rtiResetCounter                                
0000bfc0  rtiSetPeriod                                   
0000bfe8  rtiGetPeriod                                   
0000c010  rtiGetCurrentTick                              
0000c09c  dwdInit                                        
0000c0c4  dwwdInit                                       
0000c10c  dwwdGetCurrentDownCounter                      
0000c118  dwdCounterEnable                               
0000c128  dwdSetPreload                                  
0000c144  dwdReset                                       
0000c160  dwdGenerateSysReset                            
0000c17c  IsdwdKeySequenceCorrect                        
0000c1b0  dwdGetStatus                                   
0000c1e4  dwdClearFlag                                   
0000c1f4  dwdGetViolationStatus                          
0000c27c  rtiEnableNotification                          
0000c2a4  rtiDisableNotification                         
0000c2c0  rtiGetConfigValue                              
0000c448  esmInit                                        
0000c550  esmError                                       
0000c56c  esmEnableError                                 
0000c594  esmDisableError                                
0000c5bc  esmTriggerErrorPinReset                        
0000c5cc  esmActivateNormalOperation                     
0000c5dc  esmEnableInterrupt                             
0000c604  esmDisableInterrupt                            
0000c62c  esmSetInterruptLevel                           
0000c6a0  esmClearStatus                                 
0000c6e0  esmClearStatusBuffer                           
0000c6fc  esmSetCounterPreloadValue                      
0000c71c  esmGetStatus                                   
0000c7a0  esmGetStatusBuffer                             
0000c7d8  esmEnterSelfTest                               
0000c860  esmSelfTestStatus                              
0000c8b0  esmGetConfigValue                              
0000ca04  Debug_GIO_Notification                         
0000ca20  IMD_FAULT_GIO_Notification                     
0000ca38  SendFault_Cans                                 
0000ca6c  GetFault_Cans                                  
0000caa0  AnyBMSFaults                                   
0000cacc  AnySlaveFaults                                 
0000caf8  AnyIMDFaults                                   
0000cb48  AnyFaults                                      
0000cb90  GetBMSFaultsData                               
0000cb98  GetAllSlaveFaults                              
0000cba4  GetIMDFaults                                   
0000cbc0  GetBMSFault_bool                               
0000cc0c  GetSlaveFault_bool                             
0000cc58  ClearAllSlaveFaults                            
0000cc68  ClearAllBMSFaults                              
0000cc78  ClearAllFaults                                 
0000cc94  Fault_Handler                                  
0000ccc8  SetAllSlaveFaults                              
0000cce4  AddSlaveFaults                                 
0000cd08  SetSlaveFault_bool                             
0000cd4c  SetSlaveFault_bool_HIGH                        
0000cd74  SetBMSFault                                    
0000cde0  AddBMSFaults                                   
0000ce04  SetBMSFault_bool                               
0000ce48  SetBMSFault_bool_HIGH                          
0000ce70  SetIMDFaults                                   
0000ce90  init_BMS_Faults                                
0000cec8  Charger_SendCmd                                
0000cefc  Charger_GetStatus                              
0000cf44  sendCmd2ChargerWraper                          
0000cfb8  GetChargerStatusWraper                         
0000cfcc  GetChargerTargetVoltage                        
0000cfdc  GetChargerTargetCurrent                        
0000cfec  GetChargerOutputVoltage                        
0000cffc  GetChargerOutputCurrent                        
0000d00c  isChargerEnabled                               
0000d02c  GetChargerStatus                               
0000d03c  changeChargeState                              
0000d084  SetChargerVoltage                              
0000d0a4  SetChargerCurrent                              
0000d0c4  SetChargerLimits                               
0000d0f8  TurnChargerOn                                  
0000d114  TurnChargerOff                                 
0000d130  isCharging                                     
0000d15c  isChargingDone                                 
0000d178  StartCharging                                  
0000d190  DoneCharging                                   
0000d1a8  StopCharging                                   
0000d1c0  ShutDownCharger_Fault                          
0000d208  ChangeNewChargerState                          
0000d27c  CalcNewCurrentSetting                          
0000d338  GetChargerDataPrt                              
0000d340  initCharger                                    
0000d358  CHARGER2BMS_DATA_FullRoutine                   
0000d378  StartMsg                                       
0000d39c  endMsg                                         
0000d3b0  SendDataSerial                                 
0000d40c  SendMsgSerial_DL                               
0000d438  SendCellVoltage_Serial                         
0000d458  SendCellTemp_Serial                            
0000d45c  SendFanData_Serial                             
0000d460  SendIMDData_Serial                             
0000d484  SendChargerData_Serial                         
0000d488  SendCellRes_Serial                             
0000d48c  SendCellDCC_Serial                             
0000d5d0  SendSlaveState_Serial                          
0000d674  Send_BMSFaultsData_Serial                      
0000d69c  SendPeriodic                                   
0000d820  gioInit                                        
0000d8f0  gioSetDirection                                
0000d910  gioSetBit                                      
0000d960  gioSetPort                                     
0000d980  gioGetBit                                      
0000d9a8  gioGetPort                                     
0000d9c0  gioToggleBit                                   
0000da18  gioEnableNotification                          
0000da80  gioDisableNotification                         
0000dae8  gioGetConfigValue                              
0000dca4  Slave_ADC2Volt_arr                             
0000dd18  writeCellRes                                   
0000dd34  Get_HV_Voltage                                 
0000dd40  Set_HV_Voltage                                 
0000dd5c  GetBatterySOC                                  
0000dd7c  GetCellsUnbalanceState                         
0000ddf0  GetBalanceNibbles                              
0000df2c  GetBalanceDCC                                  
0000e080  setBMS_State                                   
0000e09c  getBMS_State                                   
0000e0a8  GetBatteryData                                 
0000e0b0  initBatteryData                                
0000e10c  setCS                                          
0000e180  GetCS                                          
0000e198  ToggleCS                                       
0000e224  is_SPI_busy                                    
0000e250  is_SPI_free                                    
0000e27c  SPI_SR2Link_BYTE                               
0000e2e0  SPI_SR2Link_MultiBYTE                          
0000e390  SPI_SR2Link_WORD                               
0000e3b8  SPI_SR2Link_DWORD                              
0000e3e0  SPI_SR2Link_QWORD                              
0000e414  SPI_Clock_BYTES                                
0000e45c  SPI_SR2Link_WORD_FAST                          
0000e4b8  delay_ms_us                                    
0000e55c  rtiTimerStart                                  
0000e5b0  rtiTimerExpired                                
0000e6b8  getNow_tick                                    
0000e6d4  getNow_us                                      
0000e6e8  getNow_ms                                      
0000e6fc  timer_tic_tick                                 
0000e708  timer_toc_us                                   
0000e738  timeFunction_VoidVoid_us                       
0000e764  debounceBool                                   
0000e85c  _coreInitRegisters_                            
0000e968  _coreInitStackPointer_                         
0000e9b4  _getCPSRValue_                                 
0000e9bc  _gotoCPUIdle_                                  
0000e9d4  _coreEnableVfp_                                
0000e9ec  _coreEnableEventBusExport_                     
0000e9fc  _coreDisableEventBusExport_                    
0000ea0c  _coreEnableRamEcc_                             
0000ea1c  _coreDisableRamEcc_                            
0000ea2c  _coreEnableFlashEcc_                           
0000ea40  _coreDisableFlashEcc_                          
0000ea50  _coreEnableIrqVicOffset_                       
0000ea60  _coreGetDataFault_                             
0000ea68  _coreClearDataFault_                           
0000ea74  _coreGetInstructionFault_                      
0000ea7c  _coreClearInstructionFault_                    
0000ea88  _coreGetDataFaultAddress_                      
0000ea90  _coreClearDataFaultAddress_                    
0000ea9c  _coreGetInstructionFaultAddress_               
0000eaa4  _coreClearInstructionFaultAddress_             
0000eab0  _coreGetAuxiliaryDataFault_                    
0000eab8  _coreClearAuxiliaryDataFault_                  
0000eac4  _coreGetAuxiliaryInstructionFault_             
0000eacc  _coreClearAuxiliaryInstructionFault_           
0000ead8  _disable_interrupt_                            
0000eae0  _disable_FIQ_interrupt_                        
0000eae8  _disable_IRQ_interrupt_                        
0000eaf0  _enable_interrupt_                             
0000eaf8  _esmCcmErrorsClear_                            
0000eb80  _errata_CORTEXR4_57_                           
0000eb90  _errata_CORTEXR4_66_                           
0000eba0  __TI_PINIT_Base                                
0000eba4  __TI_PINIT_Limit                               
0000eba8  vimParityErrorHandler                          
0000ee74  _c_int00                                       
0000f104  initalizeIMD                                   
0000f108  CalcIMDData                                    
0000f144  CalcIMDResistance                              
0000f1d4  Sendfault_IMD                                  
0000f1e8  ReportEcapIMDData                              
0000f1fc  ecapNotification                               
0000f384  esmGroup1Notification                          
0000f394  esmGroup2Notification                          
0000f3a4  memoryPort0TestFailNotification                
0000f3c0  memoryPort1TestFailNotification                
0000f3dc  rtiNotification                                
0000f3ec  adcNotification                                
0000f400  canErrorNotification                           
0000f414  canStatusChangeNotification                    
0000f43c  dccNotification                                
0000f464  i2cNotification                                
0000f478  mibspiNotification                             
0000f48c  mibspiGroupNotification                        
0000f4a0  sciNotification                                
0000f4b4  spiNotification                                
0000f4c8  spiEndNotification                             
0000f4d8  pwmNotification                                
0000f4f0  edgeNotification                               
0000f504  hetNotification                                
0000f518  crcNotification                                
0000f52c  etpwmNotification                              
0000f53c  etpwmTripNotification                          
0000f550  eqepNotification                               
0000f578  dmaGroupANotification                          
0000f58c  emacTxNotification                             
0000f59c  emacRxNotification                             
0000f5ac  can1HighLevelInterrupt                         
0000f694  can1LowLevelInterrupt                          
0000f748  wasCanVaild                                    
0000f770  can_transmit_data                              
0000f7d8  can_receive_data                               
0000f838  BMS2ALL_FAULT_FullRoutine                      
0000f83c  BMS2VCU_Data_FullRoutine                       
0000f840  VCU2BMS_DATA_FullRoutine                       
0000f844  BMS2CHARGER_DATA_FullRoutine                   
0000f84c  canMessageNotification                         
0000f8d4  StopAllFans                                    
0000f914  StartAllFans                                   
0000f954  SetAllFansDuty                                 
0000f99c  SetAllFansSignal                               
0000fa08  init_fans                                      
0000fa40  enableAllInterrupts                            
0000fa54  init_BMS_system                                
0000fa9c  DoNothing                                      
0000faa0  returnTrue                                     
0000faa8  returnFalse                                    
0000fab0  TaskSuperLoop                                  
0000fb58  Do_BMS_Tasks                                   
0000fb70  CalcIMDState                                   
0000fc98  gioHighLevelInterrupt                          
0000fd24  gioLowLevelInterrupt                           
0000fdc0  rtiCompare0Interrupt                           
0000fe08  rtiCompare1Interrupt                           
0000fe50  rtiCompare2Interrupt                           
0000fe98  rtiCompare3Interrupt                           
0000fee4  esmHighInterrupt                               
0000fff8  gioGetBitHelper                                
00010028  gioSetBitHelper                                
00010074  gioToggleBitHelper                             
00010098  gioNotification                                
000100e8  _dabort                                        
000101d1  floor                                          
000101d1  floorl                                         
000102b0  _pmuInit_                                      
000102fc  _pmuEnableCountersGlobal_                      
0001030c  _pmuDisableCountersGlobal_                     
0001031c  _pmuResetCycleCounter_                         
0001032c  _pmuResetEventCounters_                        
0001033c  _pmuResetCounters_                             
0001034c  _pmuStartCounters_                             
00010354  _pmuStopCounters_                              
0001035c  _pmuSetCountEvent_                             
00010368  _pmuGetCycleCount_                             
00010370  _pmuGetEventCount_                             
0001037c  _pmuGetOverflow_                               
00010390  main                                           
00010468  het1LowLevelInterrupt                          
00010519  __aeabi_memcpy                                 
00010519  __aeabi_memcpy4                                
00010519  __aeabi_memcpy8                                
00010519  memcpy                                         
000105b4  CalcIsolationState                             
0001063c  ecap6Interrupt                                 
000106c5  __aeabi_memclr                                 
000106c5  __aeabi_memclr4                                
000106c5  __aeabi_memclr8                                
000106c7  __aeabi_memset                                 
000106c7  __aeabi_memset4                                
000106c7  __aeabi_memset8                                
000106cd  memset                                         
0001073f  __aeabi_idiv0                                  
0001073f  __aeabi_ldiv0                                  
00010740  Get_HV_Data_Raw                                
0001077c  HV_ADC2VOLTS                                   
000107b9  __TI_decompress_lzss                           
00010824  Slave_ADC2Celcius                              
00010880  __aeabi_idiv                                   
00010880  __aeabi_idivmod                                
000108d4  __aeabi_uidiv                                  
000108d4  __aeabi_uidivmod                               
00010924  Slave_ADC2Volt                                 
00010971  __TI_auto_init_nobinit_nopinit                 
000109b4  CellVolts2SoC                                  
000109f4  BalanceCellNibbleVaule                         
00010a30  SetEcapIMDData                                 
00010a54  BalanceCellsSubRoutine                         
00010a74  GetAvgCellSOC                                  
00010a94  GetEcapIMDData                                 
00010ab4  GetMaxCellSOC                                  
00010ad4  MeasureCellResistanceSubRoutine                
00010af4  MeasureCellVoltageSubRoutine                   
00010b14  SetChargingStatus                              
00010b35  __TI_zero_init_nomemset                        
00010b50  GetAvgCellVolt                                 
00010b68  HV_DataSubRoutine                              
00010b80  MeasureGPIOVoltageSubRoutine                   
00010b98  MeasureRef2ndVoltageSubRoutine                 
00010bb0  ReadStatAndGetFlagsSubRoutine                  
00010bc8  GetMaxCellVolt                                 
00010bdc  GetMinCellVolt                                 
00010bf0  GetAvgCellVolt_float                           
00010c00  GetChargingStatus                              
00010c10  GetMaxCellVolt_float                           
00010c20  GetMinCellVolt_float                           
00010c31  __TI_decompress_none                           
00010c40  GetCellDCCReadPrt                              
00010c4c  GetCellDCCWritePrt                             
00010c58  GetCellTempWritePrt                            
00010c64  GetCellVoltReadPrt                             
00010c70  GetCellVoltWritePrt                            
00010c7d  C$$EXIT                                        
00010c7d  abort                                          
00010c80  phantomInterrupt                               
00010c84  handlePLLLockFail                              
000112ec  __TI_Handler_Table_Base                        
000112f8  __TI_Handler_Table_Limit                       
00011300  __TI_CINIT_Base                                
00011310  __TI_CINIT_Limit                               
08001300  pec15Table                                     
08001578  BatteryData                                    
08001618  StatusRegData                                  
0800162c  ConfigRegWriteData                             
08001648  BMSFaultsData                                  
08001650  BMSTask                                        
080016d9  Current_CS_Level                               
ffffffff  __TI_pprof_out_hndl                            
ffffffff  __TI_prof_data_size                            
ffffffff  __TI_prof_data_start                           
ffffffff  __binit__                                      
ffffffff  __c_args__                                     
ffffffff  binit                                          
UNDEFED   SHT$$INIT_ARRAY$$Base                          
UNDEFED   SHT$$INIT_ARRAY$$Limit                         
UNDEFED   _system_post_cinit                             

[630 symbols]
