******************************************************************************
                  TI ARM Linker PC v18.12.4                    
******************************************************************************
>> Linked Fri Apr 24 16:49:28 2026

OUTPUT FILE NAME:   <bms-link-FW.out>
ENTRY POINT SYMBOL: "_c_int00"  address: 000072f0


MEMORY CONFIGURATION

         name            origin    length      used     unused   attr    fill
----------------------  --------  ---------  --------  --------  ----  --------
  VECTORS               00000000   00000020  00000020  00000000     X
  FLASH0                00000020   0013ffe0  000080b4  00137f2c  R  X
  STACKS                08000000   00001300  00000000  00001300  RW  
  RAM                   08001300   0002ed00  0000007c  0002ec84  RW  


SEGMENT ALLOCATION MAP

run origin  load origin   length   init length attrs members
----------  ----------- ---------- ----------- ----- -------
00000000    00000000    000080d8   000080d8    r-x
  00000000    00000000    00000020   00000020    r-x .intvecs
  00000020    00000020    00007e58   00007e58    r-x .text
  00007e78    00007e78    0000022c   0000022c    r-- .const
  000080a8    000080a8    00000030   00000030    r-- .cinit
08001300    08001300    0000007c   00000000    rw-
  08001300    08001300    00000078   00000000    rw- .bss
  08001378    08001378    00000004   00000000    rw- .data


SECTION ALLOCATION MAP

 output                                  attributes/
section   page    origin      length       input sections
--------  ----  ----------  ----------   ----------------
.intvecs   0    00000000    00000020     
                  00000000    00000020     sys_intvecs.obj (.intvecs)

.text      0    00000020    00007e58     
                  00000020    00002cdc     sys_selftest.obj (.text)
                  00002cfc    00000b64     system.obj (.text)
                  00003860    00000b08     can.obj (.text)
                  00004368    00000a58     sys_vim.obj (.text)
                  00004dc0    00000a34     spi.obj (.text:retain)
                  000057f4    000008c4     pinmux.obj (.text)
                  000060b8    00000664     errata_SSWF021_45.obj (.text)
                  0000671c    000005bc     esm.obj (.text)
                  00006cd8    0000034c     sys_core.obj (.text)
                  00007024    000002cc     sys_vim.obj (.text:retain)
                  000072f0    00000290     sys_startup.obj (.text:retain)
                  00007580    000001e4     notification.obj (.text)
                  00007764    000001dc     charger_can.obj (.text)
                  00007940    00000114     esm.obj (.text:retain)
                  00007a54    000000e8     dabort.obj (.text)
                  00007b3c    000000e0     sys_pmu.obj (.text)
                  00007c1c    0000009c     rtsv7R4_T_be_v3D16_eabi.lib : memcpy_t2.asm.obj (.text)
                  00007cb8    0000007a                                 : memset_t2.asm.obj (.text)
                  00007d32    0000006c                                 : copy_decompress_lzss.c.obj (.text:decompress:lzss:__TI_decompress_lzss)
                  00007d9e    00000002     --HOLE-- [fill = 0]
                  00007da0    0000005c     main.obj (.text)
                  00007dfc    00000044     rtsv7R4_T_be_v3D16_eabi.lib : autoinit.c.obj (.text:__TI_auto_init_nobinit_nopinit:__TI_auto_init_nobinit_nopinit)
                  00007e40    0000001c                                 : copy_zero_init.c.obj (.text:decompress:ZI:__TI_zero_init_nomemset:__TI_zero_init_nomemset)
                  00007e5c    0000000e                                 : copy_decompress_none.c.obj (.text:decompress:none:__TI_decompress_none)
                  00007e6a    00000004                                 : exit.c.obj (.text:abort:abort)
                  00007e6e    00000002     --HOLE-- [fill = 0]
                  00007e70    00000004     sys_phantom.obj (.text:retain)
                  00007e74    00000004     sys_startup.obj (.text)

.const     0    00007e78    0000022c     
                  00007e78    00000200     sys_vim.obj (.const:s_vim_init)
                  00008078    00000020     can.obj (.const:s_canByteOrder)
                  00008098    00000006     main.obj (.const:$P$T0$1)
                  0000809e    00000006     main.obj (.const:$P$T1$2)

.cinit     0    000080a8    00000030     
                  000080a8    0000000c     (__TI_handler_table)
                  000080b4    00000004     --HOLE-- [fill = 0]
                  000080b8    00000008     (.cinit..bss.load) [load image, compression = zero_init]
                  000080c0    00000007     (.cinit..data.load) [load image, compression = lzss]
                  000080c7    00000001     --HOLE-- [fill = 0]
                  000080c8    00000010     (__TI_cinit_table)

.bss       0    08001300    00000078     UNINITIALIZED
                  08001300    00000078     spi.obj (.bss:g_spiPacket_t)

.data      0    08001378    00000004     UNINITIALIZED
                  08001378    00000004     charger_can.obj (.data)

MODULE SUMMARY

       Module                       code    ro data   rw data
       ------                       ----    -------   -------
    .\
       main.obj                     92      12        0      
    +--+----------------------------+-------+---------+---------+
       Total:                       92      12        0      
                                                             
    .\BMS_Master\source\
       sys_selftest.obj             11484   0         0      
       sys_vim.obj                  3364    512       0      
       system.obj                   2916    0         0      
       can.obj                      2824    32        0      
       spi.obj                      2612    0         120    
       pinmux.obj                   2244    0         0      
       esm.obj                      1744    0         0      
       errata_SSWF021_45.obj        1636    0         0      
       sys_core.obj                 844     0         0      
       sys_startup.obj              660     0         0      
       notification.obj             484     0         0      
       charger_can.obj              476     0         4      
       dabort.obj                   232     0         0      
       sys_pmu.obj                  224     0         0      
       sys_intvecs.obj              32      0         0      
       sys_phantom.obj              4       0         0      
    +--+----------------------------+-------+---------+---------+
       Total:                       31780   544       124    
                                                             
    C:/ti/ccs930/ccs/tools/compiler/ti-cgt-arm_18.12.4.LTS/lib/rtsv7R4_T_be_v3D16_eabi.lib
       memcpy_t2.asm.obj            156     0         0      
       memset_t2.asm.obj            122     0         0      
       copy_decompress_lzss.c.obj   108     0         0      
       autoinit.c.obj               68      0         0      
       copy_zero_init.c.obj         28      0         0      
       copy_decompress_none.c.obj   14      0         0      
       exit.c.obj                   4       0         0      
    +--+----------------------------+-------+---------+---------+
       Total:                       500     0         0      
                                                             
       Linker Generated:            0       43        0      
    +--+----------------------------+-------+---------+---------+
       Grand Total:                 32372   599       124    


LINKER GENERATED COPY TABLES

__TI_cinit_table @ 000080c8 records: 2, size/record: 8, table size: 16
	.bss: load addr=000080b8, load size=00000008 bytes, run addr=08001300, run size=00000078 bytes, compression=zero_init
	.data: load addr=000080c0, load size=00000007 bytes, run addr=08001378, run size=00000004 bytes, compression=lzss


LINKER GENERATED HANDLER TABLE

__TI_handler_table @ 000080a8 records: 3, size/record: 4, table size: 12
	index: 0, handler: __TI_zero_init
	index: 1, handler: __TI_decompress_lzss
	index: 2, handler: __TI_decompress_none


GLOBAL SYMBOLS: SORTED ALPHABETICALLY BY Name 

address   name                                
-------   ----                                
00007e6b  C$$EXIT                             
0000780c  Charger_GetStatus                   
00007788  Charger_SendCmd                     
000078a8  Charger_Update                      
UNDEFED   SHT$$INIT_ARRAY$$Base               
UNDEFED   SHT$$INIT_ARRAY$$Limit              
000080c8  __TI_CINIT_Base                     
000080d8  __TI_CINIT_Limit                    
000080a8  __TI_Handler_Table_Base             
000080b4  __TI_Handler_Table_Limit            
0000701c  __TI_PINIT_Base                     
00007020  __TI_PINIT_Limit                    
00007dfd  __TI_auto_init_nobinit_nopinit      
00007d33  __TI_decompress_lzss                
00007e5d  __TI_decompress_none                
ffffffff  __TI_pprof_out_hndl                 
ffffffff  __TI_prof_data_size                 
ffffffff  __TI_prof_data_start                
00000000  __TI_static_base__                  
00007e41  __TI_zero_init_nomemset             
00007cb9  __aeabi_memclr                      
00007cb9  __aeabi_memclr4                     
00007cb9  __aeabi_memclr8                     
00007c1d  __aeabi_memcpy                      
00007c1d  __aeabi_memcpy4                     
00007c1d  __aeabi_memcpy8                     
00007cbb  __aeabi_memset                      
00007cbb  __aeabi_memset4                     
00007cbb  __aeabi_memset8                     
ffffffff  __binit__                           
ffffffff  __c_args__                          
000072f0  _c_int00                            
00006f34  _coreClearAuxiliaryDataFault_       
00006f48  _coreClearAuxiliaryInstructionFault_
00006f0c  _coreClearDataFaultAddress_         
00006ee4  _coreClearDataFault_                
00006f20  _coreClearInstructionFaultAddress_  
00006ef8  _coreClearInstructionFault_         
00006e78  _coreDisableEventBusExport_         
00006ebc  _coreDisableFlashEcc_               
00006e98  _coreDisableRamEcc_                 
00006e68  _coreEnableEventBusExport_          
00006ea8  _coreEnableFlashEcc_                
00006ecc  _coreEnableIrqVicOffset_            
00006e88  _coreEnableRamEcc_                  
00006e50  _coreEnableVfp_                     
00006f2c  _coreGetAuxiliaryDataFault_         
00006f40  _coreGetAuxiliaryInstructionFault_  
00006f04  _coreGetDataFaultAddress_           
00006edc  _coreGetDataFault_                  
00006f18  _coreGetInstructionFaultAddress_    
00006ef0  _coreGetInstructionFault_           
00006cd8  _coreInitRegisters_                 
00006de4  _coreInitStackPointer_              
00007a54  _dabort                             
00006f5c  _disable_FIQ_interrupt_             
00006f64  _disable_IRQ_interrupt_             
00006f54  _disable_interrupt_                 
00006f6c  _enable_interrupt_                  
00006ffc  _errata_CORTEXR4_57_                
0000700c  _errata_CORTEXR4_66_                
000060b8  _errata_SSWF021_45_both_plls        
000062ac  _errata_SSWF021_45_pll1             
00006424  _errata_SSWF021_45_pll2             
00006f74  _esmCcmErrorsClear_                 
00006e30  _getCPSRValue_                      
00006e38  _gotoCPUIdle_                       
00007b98  _pmuDisableCountersGlobal_          
00007b88  _pmuEnableCountersGlobal_           
00007bf4  _pmuGetCycleCount_                  
00007bfc  _pmuGetEventCount_                  
00007c08  _pmuGetOverflow_                    
00007b3c  _pmuInit_                           
00007bc8  _pmuResetCounters_                  
00007ba8  _pmuResetCycleCounter_              
00007bb8  _pmuResetEventCounters_             
00007be8  _pmuSetCountEvent_                  
00007bd8  _pmuStartCounters_                  
00007be0  _pmuStopCounters_                   
UNDEFED   _system_post_cinit                  
00007e6b  abort                               
0000126c  adc1ParityCheck                     
00001358  adc2ParityCheck                     
000075d8  adcNotification                     
ffffffff  binit                               
00004198  can1GetConfigValue                  
00001410  can1ParityCheck                     
000014e8  can2ParityCheck                     
000015b0  can3ParityCheck                     
00004038  canDisableErrorNotification         
00004018  canDisableStatusChangeNotification  
00004090  canDisableloopback                  
00003fd8  canEnableErrorNotification          
00003ff8  canEnableStatusChangeNotification   
00004058  canEnableloopback                   
000075ec  canErrorNotification                
00003d80  canFillMessageObjectData            
00003aa8  canGetData                          
00003fb4  canGetErrorLevel                    
00003c00  canGetID                            
00003f90  canGetLastError                     
00003860  canInit                             
0000417c  canIoRxGetBit                       
000040c0  canIoSetDirection                   
00004110  canIoSetPort                        
00004160  canIoTxGetBit                       
00003f34  canIsMessageBoxValid                
00003ed8  canIsRxMessageArrived               
00003e7c  canIsTxMessagePending               
00007614  canMessageNotification              
00003ce0  canSendRemoteFrame                  
00007600  canStatusChangeNotification         
000039ac  canTransmit                         
00003c68  canUpdateID                         
00000030  ccmSelfCheck                        
000026fc  ccmr4GetConfigValue                 
00000938  checkB0RAMECC                       
00000b28  checkB1RAMECC                       
00001c18  checkClockMonitor                   
00000d18  checkFlashECC                       
00001cf4  checkFlashEEPROMECC                 
00001e8c  checkPLL1Slip                       
00001f8c  checkPLL2Slip                       
00002050  checkRAMAddrParity                  
000019d0  checkRAMECC                         
0000215c  checkRAMUERRTest                    
000007bc  checkefcSelfTest                    
00000234  cpuSelfTest                         
00000dfc  cpuSelfTestFail                     
00007704  crcNotification                     
00003784  customTrimLPO                       
00000df4  custom_dabort                       
00007628  dccNotification                     
00002b58  disableParity                       
00007750  dmaGroupANotification               
00000eac  dmaParityCheck                      
0000773c  ecapNotification                    
000076dc  edgeNotification                    
00000660  efcCheck                            
00002660  efcGetConfigValue                   
00000794  efcSelfTest                         
000006e8  efcStuckZeroTest                    
00002ad0  enableParity                        
0000276c  errata_PBIST_4                      
000068a0  esmActivateNormalOperation          
00006974  esmClearStatus                      
000069b4  esmClearStatusBuffer                
00006868  esmDisableError                     
000068d8  esmDisableInterrupt                 
00006840  esmEnableError                      
000068b0  esmEnableInterrupt                  
00006aac  esmEnterSelfTest                    
00006824  esmError                            
00006b84  esmGetConfigValue                   
000069f0  esmGetStatus                        
00006a74  esmGetStatusBuffer                  
00007580  esmGroup1Notification               
00007590  esmGroup2Notification               
00007940  esmHighInterrupt                    
0000671c  esmInit                             
00006b34  esmSelfTestStatus                   
000069d0  esmSetCounterPreloadValue           
00006900  esmSetInterruptLevel                
00006890  esmTriggerErrorPinReset             
00007718  etpwmNotification                   
00007728  etpwmTripNotification               
000022c4  fmcBus1ParityCheck                  
0000085c  fmcBus2Check                        
00000898  fmcECCcheck                         
0000763c  gioNotification                     
00007e74  handlePLLLockFail                   
00000f58  het1ParityCheck                     
000010c0  het2ParityCheck                     
000076f0  hetNotification                     
00001004  htu1ParityCheck                     
000011bc  htu2ParityCheck                     
00007650  i2cNotification                     
00007da0  main                                
00002e64  mapClocks                           
00007c1d  memcpy                              
00000174  memoryInit                          
000075a0  memoryPort0TestFailNotification     
000075bc  memoryPort1TestFailNotification     
00007cc1  memset                              
00001684  mibspi1ParityCheck                  
00005028  mibspi3HighInterruptLevel           
00004dc0  mibspi3LowLevelInterrupt            
0000178c  mibspi3ParityCheck                  
000018b0  mibspi5ParityCheck                  
00007678  mibspiGroupNotification             
00007664  mibspiNotification                  
000057f4  muxInit                             
000023ec  pbistFail                           
00002470  pbistGetConfigValue                 
000005a8  pbistIsTestCompleted                
000005d4  pbistIsTestPassed                   
00000608  pbistPortTestStatus                 
000004ac  pbistRun                            
000002cc  pbistSelfCheck                      
00000578  pbistStop                           
00002e10  periphInit                          
00007e70  phantomInterrupt                    
00005ca8  pinmuxGetConfigValue                
000076c4  pwmNotification                     
00000000  resetEntry                          
0000768c  sciNotification                     
00000020  selftestFailNotification            
00002dd0  setupFlash                          
00002cfc  setupPLL                            
000054f8  spi4HighLevelInterrupt              
00005290  spi4LowLevelInterrupt               
000076b4  spiEndNotification                  
000076a0  spiNotification                     
00003648  sramGetConfigValue                  
000025bc  stcGetConfigValue                   
000001b8  stcSelfCheck                        
00000df8  stcSelfCheckFail                    
00003088  systemGetConfigValue                
00002f8c  systemInit                          
00003058  systemPowerDown                     
0000349c  tcmflashGetConfigValue              
00002d5c  trimLPO                             
0000443c  vimChannelMap                       
000046a8  vimDisableInterrupt                 
000044e0  vimEnableInterrupt                  
00004754  vimGetConfigValue                   
00004368  vimInit                             
00000e00  vimParityCheck                      
00007024  vimParityErrorHandler               


GLOBAL SYMBOLS: SORTED BY Symbol Address 

address   name                                
-------   ----                                
00000000  __TI_static_base__                  
00000000  resetEntry                          
00000020  selftestFailNotification            
00000030  ccmSelfCheck                        
00000174  memoryInit                          
000001b8  stcSelfCheck                        
00000234  cpuSelfTest                         
000002cc  pbistSelfCheck                      
000004ac  pbistRun                            
00000578  pbistStop                           
000005a8  pbistIsTestCompleted                
000005d4  pbistIsTestPassed                   
00000608  pbistPortTestStatus                 
00000660  efcCheck                            
000006e8  efcStuckZeroTest                    
00000794  efcSelfTest                         
000007bc  checkefcSelfTest                    
0000085c  fmcBus2Check                        
00000898  fmcECCcheck                         
00000938  checkB0RAMECC                       
00000b28  checkB1RAMECC                       
00000d18  checkFlashECC                       
00000df4  custom_dabort                       
00000df8  stcSelfCheckFail                    
00000dfc  cpuSelfTestFail                     
00000e00  vimParityCheck                      
00000eac  dmaParityCheck                      
00000f58  het1ParityCheck                     
00001004  htu1ParityCheck                     
000010c0  het2ParityCheck                     
000011bc  htu2ParityCheck                     
0000126c  adc1ParityCheck                     
00001358  adc2ParityCheck                     
00001410  can1ParityCheck                     
000014e8  can2ParityCheck                     
000015b0  can3ParityCheck                     
00001684  mibspi1ParityCheck                  
0000178c  mibspi3ParityCheck                  
000018b0  mibspi5ParityCheck                  
000019d0  checkRAMECC                         
00001c18  checkClockMonitor                   
00001cf4  checkFlashEEPROMECC                 
00001e8c  checkPLL1Slip                       
00001f8c  checkPLL2Slip                       
00002050  checkRAMAddrParity                  
0000215c  checkRAMUERRTest                    
000022c4  fmcBus1ParityCheck                  
000023ec  pbistFail                           
00002470  pbistGetConfigValue                 
000025bc  stcGetConfigValue                   
00002660  efcGetConfigValue                   
000026fc  ccmr4GetConfigValue                 
0000276c  errata_PBIST_4                      
00002ad0  enableParity                        
00002b58  disableParity                       
00002cfc  setupPLL                            
00002d5c  trimLPO                             
00002dd0  setupFlash                          
00002e10  periphInit                          
00002e64  mapClocks                           
00002f8c  systemInit                          
00003058  systemPowerDown                     
00003088  systemGetConfigValue                
0000349c  tcmflashGetConfigValue              
00003648  sramGetConfigValue                  
00003784  customTrimLPO                       
00003860  canInit                             
000039ac  canTransmit                         
00003aa8  canGetData                          
00003c00  canGetID                            
00003c68  canUpdateID                         
00003ce0  canSendRemoteFrame                  
00003d80  canFillMessageObjectData            
00003e7c  canIsTxMessagePending               
00003ed8  canIsRxMessageArrived               
00003f34  canIsMessageBoxValid                
00003f90  canGetLastError                     
00003fb4  canGetErrorLevel                    
00003fd8  canEnableErrorNotification          
00003ff8  canEnableStatusChangeNotification   
00004018  canDisableStatusChangeNotification  
00004038  canDisableErrorNotification         
00004058  canEnableloopback                   
00004090  canDisableloopback                  
000040c0  canIoSetDirection                   
00004110  canIoSetPort                        
00004160  canIoTxGetBit                       
0000417c  canIoRxGetBit                       
00004198  can1GetConfigValue                  
00004368  vimInit                             
0000443c  vimChannelMap                       
000044e0  vimEnableInterrupt                  
000046a8  vimDisableInterrupt                 
00004754  vimGetConfigValue                   
00004dc0  mibspi3LowLevelInterrupt            
00005028  mibspi3HighInterruptLevel           
00005290  spi4LowLevelInterrupt               
000054f8  spi4HighLevelInterrupt              
000057f4  muxInit                             
00005ca8  pinmuxGetConfigValue                
000060b8  _errata_SSWF021_45_both_plls        
000062ac  _errata_SSWF021_45_pll1             
00006424  _errata_SSWF021_45_pll2             
0000671c  esmInit                             
00006824  esmError                            
00006840  esmEnableError                      
00006868  esmDisableError                     
00006890  esmTriggerErrorPinReset             
000068a0  esmActivateNormalOperation          
000068b0  esmEnableInterrupt                  
000068d8  esmDisableInterrupt                 
00006900  esmSetInterruptLevel                
00006974  esmClearStatus                      
000069b4  esmClearStatusBuffer                
000069d0  esmSetCounterPreloadValue           
000069f0  esmGetStatus                        
00006a74  esmGetStatusBuffer                  
00006aac  esmEnterSelfTest                    
00006b34  esmSelfTestStatus                   
00006b84  esmGetConfigValue                   
00006cd8  _coreInitRegisters_                 
00006de4  _coreInitStackPointer_              
00006e30  _getCPSRValue_                      
00006e38  _gotoCPUIdle_                       
00006e50  _coreEnableVfp_                     
00006e68  _coreEnableEventBusExport_          
00006e78  _coreDisableEventBusExport_         
00006e88  _coreEnableRamEcc_                  
00006e98  _coreDisableRamEcc_                 
00006ea8  _coreEnableFlashEcc_                
00006ebc  _coreDisableFlashEcc_               
00006ecc  _coreEnableIrqVicOffset_            
00006edc  _coreGetDataFault_                  
00006ee4  _coreClearDataFault_                
00006ef0  _coreGetInstructionFault_           
00006ef8  _coreClearInstructionFault_         
00006f04  _coreGetDataFaultAddress_           
00006f0c  _coreClearDataFaultAddress_         
00006f18  _coreGetInstructionFaultAddress_    
00006f20  _coreClearInstructionFaultAddress_  
00006f2c  _coreGetAuxiliaryDataFault_         
00006f34  _coreClearAuxiliaryDataFault_       
00006f40  _coreGetAuxiliaryInstructionFault_  
00006f48  _coreClearAuxiliaryInstructionFault_
00006f54  _disable_interrupt_                 
00006f5c  _disable_FIQ_interrupt_             
00006f64  _disable_IRQ_interrupt_             
00006f6c  _enable_interrupt_                  
00006f74  _esmCcmErrorsClear_                 
00006ffc  _errata_CORTEXR4_57_                
0000700c  _errata_CORTEXR4_66_                
0000701c  __TI_PINIT_Base                     
00007020  __TI_PINIT_Limit                    
00007024  vimParityErrorHandler               
000072f0  _c_int00                            
00007580  esmGroup1Notification               
00007590  esmGroup2Notification               
000075a0  memoryPort0TestFailNotification     
000075bc  memoryPort1TestFailNotification     
000075d8  adcNotification                     
000075ec  canErrorNotification                
00007600  canStatusChangeNotification         
00007614  canMessageNotification              
00007628  dccNotification                     
0000763c  gioNotification                     
00007650  i2cNotification                     
00007664  mibspiNotification                  
00007678  mibspiGroupNotification             
0000768c  sciNotification                     
000076a0  spiNotification                     
000076b4  spiEndNotification                  
000076c4  pwmNotification                     
000076dc  edgeNotification                    
000076f0  hetNotification                     
00007704  crcNotification                     
00007718  etpwmNotification                   
00007728  etpwmTripNotification               
0000773c  ecapNotification                    
00007750  dmaGroupANotification               
00007788  Charger_SendCmd                     
0000780c  Charger_GetStatus                   
000078a8  Charger_Update                      
00007940  esmHighInterrupt                    
00007a54  _dabort                             
00007b3c  _pmuInit_                           
00007b88  _pmuEnableCountersGlobal_           
00007b98  _pmuDisableCountersGlobal_          
00007ba8  _pmuResetCycleCounter_              
00007bb8  _pmuResetEventCounters_             
00007bc8  _pmuResetCounters_                  
00007bd8  _pmuStartCounters_                  
00007be0  _pmuStopCounters_                   
00007be8  _pmuSetCountEvent_                  
00007bf4  _pmuGetCycleCount_                  
00007bfc  _pmuGetEventCount_                  
00007c08  _pmuGetOverflow_                    
00007c1d  __aeabi_memcpy                      
00007c1d  __aeabi_memcpy4                     
00007c1d  __aeabi_memcpy8                     
00007c1d  memcpy                              
00007cb9  __aeabi_memclr                      
00007cb9  __aeabi_memclr4                     
00007cb9  __aeabi_memclr8                     
00007cbb  __aeabi_memset                      
00007cbb  __aeabi_memset4                     
00007cbb  __aeabi_memset8                     
00007cc1  memset                              
00007d33  __TI_decompress_lzss                
00007da0  main                                
00007dfd  __TI_auto_init_nobinit_nopinit      
00007e41  __TI_zero_init_nomemset             
00007e5d  __TI_decompress_none                
00007e6b  C$$EXIT                             
00007e6b  abort                               
00007e70  phantomInterrupt                    
00007e74  handlePLLLockFail                   
000080a8  __TI_Handler_Table_Base             
000080b4  __TI_Handler_Table_Limit            
000080c8  __TI_CINIT_Base                     
000080d8  __TI_CINIT_Limit                    
ffffffff  __TI_pprof_out_hndl                 
ffffffff  __TI_prof_data_size                 
ffffffff  __TI_prof_data_start                
ffffffff  __binit__                           
ffffffff  __c_args__                          
ffffffff  binit                               
UNDEFED   SHT$$INIT_ARRAY$$Base               
UNDEFED   SHT$$INIT_ARRAY$$Limit              
UNDEFED   _system_post_cinit                  

[229 symbols]
