******************************************************************************
                  TI ARM Linker PC v18.12.4                    
******************************************************************************
>> Linked Sat Mar 21 11:48:29 2026

OUTPUT FILE NAME:   <bms-link-FW.out>
ENTRY POINT SYMBOL: "_c_int00"  address: 000072f0


MEMORY CONFIGURATION

         name            origin    length      used     unused   attr    fill
----------------------  --------  ---------  --------  --------  ----  --------
  VECTORS               00000000   00000020  00000020  00000000     X
  FLASH0                00000020   0013ffe0  00008044  00137f9c  R  X
  STACKS                08000000   00001300  00000000  00001300  RW  
  RAM                   08001300   0002ed00  00000078  0002ec88  RW  


SEGMENT ALLOCATION MAP

run origin  load origin   length   init length attrs members
----------  ----------- ---------- ----------- ----- -------
00000000    00000000    00008064   00008064    r-x
  00000000    00000000    00000020   00000020    r-x .intvecs
  00000020    00000020    00007e04   00007e04    r-x .text
  00007e24    00007e24    0000022c   0000022c    r-- .const
  00008050    00008050    00000014   00000014    r-- .cinit
08001300    08001300    00000078   00000000    rw-
  08001300    08001300    00000078   00000000    rw- .bss


SECTION ALLOCATION MAP

 output                                  attributes/
section   page    origin      length       input sections
--------  ----  ----------  ----------   ----------------
.intvecs   0    00000000    00000020     
                  00000000    00000020     sys_intvecs.obj (.intvecs)

.text      0    00000020    00007e04     
                  00000020    00002cdc     sys_selftest.obj (.text)
                  00002cfc    00000b64     system.obj (.text)
                  00003860    00000b08     can.obj (.text)
                  00004368    00000a58     sys_vim.obj (.text)
                  00004dc0    00000a34     spi.obj (.text:retain)
                  000057f4    000008c4     pinmux.obj (.text)
                  000060b8    00000664     errata_SSWF021_45.obj (.text)
                  0000671c    000005bc     esm.obj (.text)
                  00006cd8    0000034c     sys_core.obj (.text)
                  00007024    000002cc     sys_vim.obj (.text:retain)
                  000072f0    00000290     sys_startup.obj (.text:retain)
                  00007580    000001e4     notification.obj (.text)
                  00007764    00000148     charger_can.obj (.text)
                  000078ac    00000118     main.obj (.text)
                  000079c4    00000114     esm.obj (.text:retain)
                  00007ad8    000000e8     dabort.obj (.text)
                  00007bc0    000000e0     sys_pmu.obj (.text)
                  00007ca0    0000009c     rtsv7R4_T_be_v3D16_eabi.lib : memcpy_t2.asm.obj (.text)
                  00007d3c    0000007a                                 : memset_t2.asm.obj (.text)
                  00007db6    00000002     --HOLE-- [fill = 0]
                  00007db8    00000044                                 : autoinit.c.obj (.text:__TI_auto_init_nobinit_nopinit:__TI_auto_init_nobinit_nopinit)
                  00007dfc    0000001c                                 : copy_zero_init.c.obj (.text:decompress:ZI:__TI_zero_init_nomemset:__TI_zero_init_nomemset)
                  00007e18    00000004                                 : exit.c.obj (.text:abort:abort)
                  00007e1c    00000004     sys_phantom.obj (.text:retain)
                  00007e20    00000004     sys_startup.obj (.text)

.const     0    00007e24    0000022c     
                  00007e24    00000200     sys_vim.obj (.const:s_vim_init)
                  00008024    00000020     can.obj (.const:s_canByteOrder)
                  00008044    00000006     main.obj (.const:$P$T0$1)
                  0000804a    00000006     main.obj (.const:$P$T1$2)

.cinit     0    00008050    00000014     
                  00008050    00000008     (.cinit..bss.load) [load image, compression = zero_init]
                  00008058    00000004     (__TI_handler_table)
                  0000805c    00000008     (__TI_cinit_table)

.bss       0    08001300    00000078     UNINITIALIZED
                  08001300    00000078     spi.obj (.bss:g_spiPacket_t)

MODULE SUMMARY

       Module                  code    ro data   rw data
       ------                  ----    -------   -------
    .\
       main.obj                280     12        0      
    +--+-----------------------+-------+---------+---------+
       Total:                  280     12        0      
                                                        
    .\BMS_Master\source\
       sys_selftest.obj        11484   0         0      
       sys_vim.obj             3364    512       0      
       system.obj              2916    0         0      
       can.obj                 2824    32        0      
       spi.obj                 2612    0         120    
       pinmux.obj              2244    0         0      
       esm.obj                 1744    0         0      
       errata_SSWF021_45.obj   1636    0         0      
       sys_core.obj            844     0         0      
       sys_startup.obj         660     0         0      
       notification.obj        484     0         0      
       charger_can.obj         328     0         0      
       dabort.obj              232     0         0      
       sys_pmu.obj             224     0         0      
       sys_intvecs.obj         32      0         0      
       sys_phantom.obj         4       0         0      
    +--+-----------------------+-------+---------+---------+
       Total:                  31632   544       120    
                                                        
    C:/ti/ccs930/ccs/tools/compiler/ti-cgt-arm_18.12.4.LTS/lib/rtsv7R4_T_be_v3D16_eabi.lib
       memcpy_t2.asm.obj       156     0         0      
       memset_t2.asm.obj       122     0         0      
       autoinit.c.obj          68      0         0      
       copy_zero_init.c.obj    28      0         0      
       exit.c.obj              4       0         0      
    +--+-----------------------+-------+---------+---------+
       Total:                  378     0         0      
                                                        
       Linker Generated:       0       20        0      
    +--+-----------------------+-------+---------+---------+
       Grand Total:            32290   576       120    


LINKER GENERATED COPY TABLES

__TI_cinit_table @ 0000805c records: 1, size/record: 8, table size: 8
	.bss: load addr=00008050, load size=00000008 bytes, run addr=08001300, run size=00000078 bytes, compression=zero_init


LINKER GENERATED HANDLER TABLE

__TI_handler_table @ 00008058 records: 1, size/record: 4, table size: 4
	index: 0, handler: __TI_zero_init


GLOBAL SYMBOLS: SORTED ALPHABETICALLY BY Name 

address   name                                
-------   ----                                
00007e19  C$$EXIT                             
0000780c  Charger_GetStatus                   
00007788  Charger_SendCmd                     
UNDEFED   SHT$$INIT_ARRAY$$Base               
UNDEFED   SHT$$INIT_ARRAY$$Limit              
0000805c  __TI_CINIT_Base                     
00008064  __TI_CINIT_Limit                    
00008058  __TI_Handler_Table_Base             
0000805c  __TI_Handler_Table_Limit            
0000701c  __TI_PINIT_Base                     
00007020  __TI_PINIT_Limit                    
00007db9  __TI_auto_init_nobinit_nopinit      
ffffffff  __TI_pprof_out_hndl                 
ffffffff  __TI_prof_data_size                 
ffffffff  __TI_prof_data_start                
00000000  __TI_static_base__                  
00007dfd  __TI_zero_init_nomemset             
00007d3d  __aeabi_memclr                      
00007d3d  __aeabi_memclr4                     
00007d3d  __aeabi_memclr8                     
00007ca1  __aeabi_memcpy                      
00007ca1  __aeabi_memcpy4                     
00007ca1  __aeabi_memcpy8                     
00007d3f  __aeabi_memset                      
00007d3f  __aeabi_memset4                     
00007d3f  __aeabi_memset8                     
ffffffff  __binit__                           
ffffffff  __c_args__                          
000072f0  _c_int00                            
00006f34  _coreClearAuxiliaryDataFault_       
00006f48  _coreClearAuxiliaryInstructionFault_
00006f0c  _coreClearDataFaultAddress_         
00006ee4  _coreClearDataFault_                
00006f20  _coreClearInstructionFaultAddress_  
00006ef8  _coreClearInstructionFault_         
00006e78  _coreDisableEventBusExport_         
00006ebc  _coreDisableFlashEcc_               
00006e98  _coreDisableRamEcc_                 
00006e68  _coreEnableEventBusExport_          
00006ea8  _coreEnableFlashEcc_                
00006ecc  _coreEnableIrqVicOffset_            
00006e88  _coreEnableRamEcc_                  
00006e50  _coreEnableVfp_                     
00006f2c  _coreGetAuxiliaryDataFault_         
00006f40  _coreGetAuxiliaryInstructionFault_  
00006f04  _coreGetDataFaultAddress_           
00006edc  _coreGetDataFault_                  
00006f18  _coreGetInstructionFaultAddress_    
00006ef0  _coreGetInstructionFault_           
00006cd8  _coreInitRegisters_                 
00006de4  _coreInitStackPointer_              
00007ad8  _dabort                             
00006f5c  _disable_FIQ_interrupt_             
00006f64  _disable_IRQ_interrupt_             
00006f54  _disable_interrupt_                 
00006f6c  _enable_interrupt_                  
00006ffc  _errata_CORTEXR4_57_                
0000700c  _errata_CORTEXR4_66_                
000060b8  _errata_SSWF021_45_both_plls        
000062ac  _errata_SSWF021_45_pll1             
00006424  _errata_SSWF021_45_pll2             
00006f74  _esmCcmErrorsClear_                 
00006e30  _getCPSRValue_                      
00006e38  _gotoCPUIdle_                       
00007c1c  _pmuDisableCountersGlobal_          
00007c0c  _pmuEnableCountersGlobal_           
00007c78  _pmuGetCycleCount_                  
00007c80  _pmuGetEventCount_                  
00007c8c  _pmuGetOverflow_                    
00007bc0  _pmuInit_                           
00007c4c  _pmuResetCounters_                  
00007c2c  _pmuResetCycleCounter_              
00007c3c  _pmuResetEventCounters_             
00007c6c  _pmuSetCountEvent_                  
00007c5c  _pmuStartCounters_                  
00007c64  _pmuStopCounters_                   
UNDEFED   _system_post_cinit                  
00007e19  abort                               
0000126c  adc1ParityCheck                     
00001358  adc2ParityCheck                     
000075d8  adcNotification                     
ffffffff  binit                               
00004198  can1GetConfigValue                  
00001410  can1ParityCheck                     
000014e8  can2ParityCheck                     
000015b0  can3ParityCheck                     
00004038  canDisableErrorNotification         
00004018  canDisableStatusChangeNotification  
00004090  canDisableloopback                  
00003fd8  canEnableErrorNotification          
00003ff8  canEnableStatusChangeNotification   
00004058  canEnableloopback                   
000075ec  canErrorNotification                
00003d80  canFillMessageObjectData            
00003aa8  canGetData                          
00003fb4  canGetErrorLevel                    
00003c00  canGetID                            
00003f90  canGetLastError                     
00003860  canInit                             
0000417c  canIoRxGetBit                       
000040c0  canIoSetDirection                   
00004110  canIoSetPort                        
00004160  canIoTxGetBit                       
00003f34  canIsMessageBoxValid                
00003ed8  canIsRxMessageArrived               
00003e7c  canIsTxMessagePending               
00007614  canMessageNotification              
00003ce0  canSendRemoteFrame                  
00007600  canStatusChangeNotification         
000039ac  canTransmit                         
00003c68  canUpdateID                         
00000030  ccmSelfCheck                        
000026fc  ccmr4GetConfigValue                 
00000938  checkB0RAMECC                       
00000b28  checkB1RAMECC                       
00001c18  checkClockMonitor                   
00000d18  checkFlashECC                       
00001cf4  checkFlashEEPROMECC                 
00001e8c  checkPLL1Slip                       
00001f8c  checkPLL2Slip                       
00007938  checkPackets                        
00002050  checkRAMAddrParity                  
000019d0  checkRAMECC                         
0000215c  checkRAMUERRTest                    
000007bc  checkefcSelfTest                    
00000234  cpuSelfTest                         
00000dfc  cpuSelfTestFail                     
00007704  crcNotification                     
00003784  customTrimLPO                       
00000df4  custom_dabort                       
00007628  dccNotification                     
00002b58  disableParity                       
00007750  dmaGroupANotification               
00000eac  dmaParityCheck                      
0000773c  ecapNotification                    
000076dc  edgeNotification                    
00000660  efcCheck                            
00002660  efcGetConfigValue                   
00000794  efcSelfTest                         
000006e8  efcStuckZeroTest                    
00002ad0  enableParity                        
0000276c  errata_PBIST_4                      
000068a0  esmActivateNormalOperation          
00006974  esmClearStatus                      
000069b4  esmClearStatusBuffer                
00006868  esmDisableError                     
000068d8  esmDisableInterrupt                 
00006840  esmEnableError                      
000068b0  esmEnableInterrupt                  
00006aac  esmEnterSelfTest                    
00006824  esmError                            
00006b84  esmGetConfigValue                   
000069f0  esmGetStatus                        
00006a74  esmGetStatusBuffer                  
00007580  esmGroup1Notification               
00007590  esmGroup2Notification               
000079c4  esmHighInterrupt                    
0000671c  esmInit                             
00006b34  esmSelfTestStatus                   
000069d0  esmSetCounterPreloadValue           
00006900  esmSetInterruptLevel                
00006890  esmTriggerErrorPinReset             
00007718  etpwmNotification                   
00007728  etpwmTripNotification               
000022c4  fmcBus1ParityCheck                  
0000085c  fmcBus2Check                        
00000898  fmcECCcheck                         
0000763c  gioNotification                     
00007e20  handlePLLLockFail                   
00000f58  het1ParityCheck                     
000010c0  het2ParityCheck                     
000076f0  hetNotification                     
00001004  htu1ParityCheck                     
000011bc  htu2ParityCheck                     
00007650  i2cNotification                     
000078ac  main                                
00002e64  mapClocks                           
00007ca1  memcpy                              
00000174  memoryInit                          
000075a0  memoryPort0TestFailNotification     
000075bc  memoryPort1TestFailNotification     
00007d45  memset                              
00001684  mibspi1ParityCheck                  
00005028  mibspi3HighInterruptLevel           
00004dc0  mibspi3LowLevelInterrupt            
0000178c  mibspi3ParityCheck                  
000018b0  mibspi5ParityCheck                  
00007678  mibspiGroupNotification             
00007664  mibspiNotification                  
000057f4  muxInit                             
000023ec  pbistFail                           
00002470  pbistGetConfigValue                 
000005a8  pbistIsTestCompleted                
000005d4  pbistIsTestPassed                   
00000608  pbistPortTestStatus                 
000004ac  pbistRun                            
000002cc  pbistSelfCheck                      
00000578  pbistStop                           
00002e10  periphInit                          
00007e1c  phantomInterrupt                    
00005ca8  pinmuxGetConfigValue                
000076c4  pwmNotification                     
00000000  resetEntry                          
0000768c  sciNotification                     
00000020  selftestFailNotification            
00002dd0  setupFlash                          
00002cfc  setupPLL                            
000054f8  spi4HighLevelInterrupt              
00005290  spi4LowLevelInterrupt               
000076b4  spiEndNotification                  
000076a0  spiNotification                     
00003648  sramGetConfigValue                  
000025bc  stcGetConfigValue                   
000001b8  stcSelfCheck                        
00000df8  stcSelfCheckFail                    
00003088  systemGetConfigValue                
00002f8c  systemInit                          
00003058  systemPowerDown                     
0000349c  tcmflashGetConfigValue              
00002d5c  trimLPO                             
0000443c  vimChannelMap                       
000046a8  vimDisableInterrupt                 
000044e0  vimEnableInterrupt                  
00004754  vimGetConfigValue                   
00004368  vimInit                             
00000e00  vimParityCheck                      
00007024  vimParityErrorHandler               


GLOBAL SYMBOLS: SORTED BY Symbol Address 

address   name                                
-------   ----                                
00000000  __TI_static_base__                  
00000000  resetEntry                          
00000020  selftestFailNotification            
00000030  ccmSelfCheck                        
00000174  memoryInit                          
000001b8  stcSelfCheck                        
00000234  cpuSelfTest                         
000002cc  pbistSelfCheck                      
000004ac  pbistRun                            
00000578  pbistStop                           
000005a8  pbistIsTestCompleted                
000005d4  pbistIsTestPassed                   
00000608  pbistPortTestStatus                 
00000660  efcCheck                            
000006e8  efcStuckZeroTest                    
00000794  efcSelfTest                         
000007bc  checkefcSelfTest                    
0000085c  fmcBus2Check                        
00000898  fmcECCcheck                         
00000938  checkB0RAMECC                       
00000b28  checkB1RAMECC                       
00000d18  checkFlashECC                       
00000df4  custom_dabort                       
00000df8  stcSelfCheckFail                    
00000dfc  cpuSelfTestFail                     
00000e00  vimParityCheck                      
00000eac  dmaParityCheck                      
00000f58  het1ParityCheck                     
00001004  htu1ParityCheck                     
000010c0  het2ParityCheck                     
000011bc  htu2ParityCheck                     
0000126c  adc1ParityCheck                     
00001358  adc2ParityCheck                     
00001410  can1ParityCheck                     
000014e8  can2ParityCheck                     
000015b0  can3ParityCheck                     
00001684  mibspi1ParityCheck                  
0000178c  mibspi3ParityCheck                  
000018b0  mibspi5ParityCheck                  
000019d0  checkRAMECC                         
00001c18  checkClockMonitor                   
00001cf4  checkFlashEEPROMECC                 
00001e8c  checkPLL1Slip                       
00001f8c  checkPLL2Slip                       
00002050  checkRAMAddrParity                  
0000215c  checkRAMUERRTest                    
000022c4  fmcBus1ParityCheck                  
000023ec  pbistFail                           
00002470  pbistGetConfigValue                 
000025bc  stcGetConfigValue                   
00002660  efcGetConfigValue                   
000026fc  ccmr4GetConfigValue                 
0000276c  errata_PBIST_4                      
00002ad0  enableParity                        
00002b58  disableParity                       
00002cfc  setupPLL                            
00002d5c  trimLPO                             
00002dd0  setupFlash                          
00002e10  periphInit                          
00002e64  mapClocks                           
00002f8c  systemInit                          
00003058  systemPowerDown                     
00003088  systemGetConfigValue                
0000349c  tcmflashGetConfigValue              
00003648  sramGetConfigValue                  
00003784  customTrimLPO                       
00003860  canInit                             
000039ac  canTransmit                         
00003aa8  canGetData                          
00003c00  canGetID                            
00003c68  canUpdateID                         
00003ce0  canSendRemoteFrame                  
00003d80  canFillMessageObjectData            
00003e7c  canIsTxMessagePending               
00003ed8  canIsRxMessageArrived               
00003f34  canIsMessageBoxValid                
00003f90  canGetLastError                     
00003fb4  canGetErrorLevel                    
00003fd8  canEnableErrorNotification          
00003ff8  canEnableStatusChangeNotification   
00004018  canDisableStatusChangeNotification  
00004038  canDisableErrorNotification         
00004058  canEnableloopback                   
00004090  canDisableloopback                  
000040c0  canIoSetDirection                   
00004110  canIoSetPort                        
00004160  canIoTxGetBit                       
0000417c  canIoRxGetBit                       
00004198  can1GetConfigValue                  
00004368  vimInit                             
0000443c  vimChannelMap                       
000044e0  vimEnableInterrupt                  
000046a8  vimDisableInterrupt                 
00004754  vimGetConfigValue                   
00004dc0  mibspi3LowLevelInterrupt            
00005028  mibspi3HighInterruptLevel           
00005290  spi4LowLevelInterrupt               
000054f8  spi4HighLevelInterrupt              
000057f4  muxInit                             
00005ca8  pinmuxGetConfigValue                
000060b8  _errata_SSWF021_45_both_plls        
000062ac  _errata_SSWF021_45_pll1             
00006424  _errata_SSWF021_45_pll2             
0000671c  esmInit                             
00006824  esmError                            
00006840  esmEnableError                      
00006868  esmDisableError                     
00006890  esmTriggerErrorPinReset             
000068a0  esmActivateNormalOperation          
000068b0  esmEnableInterrupt                  
000068d8  esmDisableInterrupt                 
00006900  esmSetInterruptLevel                
00006974  esmClearStatus                      
000069b4  esmClearStatusBuffer                
000069d0  esmSetCounterPreloadValue           
000069f0  esmGetStatus                        
00006a74  esmGetStatusBuffer                  
00006aac  esmEnterSelfTest                    
00006b34  esmSelfTestStatus                   
00006b84  esmGetConfigValue                   
00006cd8  _coreInitRegisters_                 
00006de4  _coreInitStackPointer_              
00006e30  _getCPSRValue_                      
00006e38  _gotoCPUIdle_                       
00006e50  _coreEnableVfp_                     
00006e68  _coreEnableEventBusExport_          
00006e78  _coreDisableEventBusExport_         
00006e88  _coreEnableRamEcc_                  
00006e98  _coreDisableRamEcc_                 
00006ea8  _coreEnableFlashEcc_                
00006ebc  _coreDisableFlashEcc_               
00006ecc  _coreEnableIrqVicOffset_            
00006edc  _coreGetDataFault_                  
00006ee4  _coreClearDataFault_                
00006ef0  _coreGetInstructionFault_           
00006ef8  _coreClearInstructionFault_         
00006f04  _coreGetDataFaultAddress_           
00006f0c  _coreClearDataFaultAddress_         
00006f18  _coreGetInstructionFaultAddress_    
00006f20  _coreClearInstructionFaultAddress_  
00006f2c  _coreGetAuxiliaryDataFault_         
00006f34  _coreClearAuxiliaryDataFault_       
00006f40  _coreGetAuxiliaryInstructionFault_  
00006f48  _coreClearAuxiliaryInstructionFault_
00006f54  _disable_interrupt_                 
00006f5c  _disable_FIQ_interrupt_             
00006f64  _disable_IRQ_interrupt_             
00006f6c  _enable_interrupt_                  
00006f74  _esmCcmErrorsClear_                 
00006ffc  _errata_CORTEXR4_57_                
0000700c  _errata_CORTEXR4_66_                
0000701c  __TI_PINIT_Base                     
00007020  __TI_PINIT_Limit                    
00007024  vimParityErrorHandler               
000072f0  _c_int00                            
00007580  esmGroup1Notification               
00007590  esmGroup2Notification               
000075a0  memoryPort0TestFailNotification     
000075bc  memoryPort1TestFailNotification     
000075d8  adcNotification                     
000075ec  canErrorNotification                
00007600  canStatusChangeNotification         
00007614  canMessageNotification              
00007628  dccNotification                     
0000763c  gioNotification                     
00007650  i2cNotification                     
00007664  mibspiNotification                  
00007678  mibspiGroupNotification             
0000768c  sciNotification                     
000076a0  spiNotification                     
000076b4  spiEndNotification                  
000076c4  pwmNotification                     
000076dc  edgeNotification                    
000076f0  hetNotification                     
00007704  crcNotification                     
00007718  etpwmNotification                   
00007728  etpwmTripNotification               
0000773c  ecapNotification                    
00007750  dmaGroupANotification               
00007788  Charger_SendCmd                     
0000780c  Charger_GetStatus                   
000078ac  main                                
00007938  checkPackets                        
000079c4  esmHighInterrupt                    
00007ad8  _dabort                             
00007bc0  _pmuInit_                           
00007c0c  _pmuEnableCountersGlobal_           
00007c1c  _pmuDisableCountersGlobal_          
00007c2c  _pmuResetCycleCounter_              
00007c3c  _pmuResetEventCounters_             
00007c4c  _pmuResetCounters_                  
00007c5c  _pmuStartCounters_                  
00007c64  _pmuStopCounters_                   
00007c6c  _pmuSetCountEvent_                  
00007c78  _pmuGetCycleCount_                  
00007c80  _pmuGetEventCount_                  
00007c8c  _pmuGetOverflow_                    
00007ca1  __aeabi_memcpy                      
00007ca1  __aeabi_memcpy4                     
00007ca1  __aeabi_memcpy8                     
00007ca1  memcpy                              
00007d3d  __aeabi_memclr                      
00007d3d  __aeabi_memclr4                     
00007d3d  __aeabi_memclr8                     
00007d3f  __aeabi_memset                      
00007d3f  __aeabi_memset4                     
00007d3f  __aeabi_memset8                     
00007d45  memset                              
00007db9  __TI_auto_init_nobinit_nopinit      
00007dfd  __TI_zero_init_nomemset             
00007e19  C$$EXIT                             
00007e19  abort                               
00007e1c  phantomInterrupt                    
00007e20  handlePLLLockFail                   
00008058  __TI_Handler_Table_Base             
0000805c  __TI_CINIT_Base                     
0000805c  __TI_Handler_Table_Limit            
00008064  __TI_CINIT_Limit                    
ffffffff  __TI_pprof_out_hndl                 
ffffffff  __TI_prof_data_size                 
ffffffff  __TI_prof_data_start                
ffffffff  __binit__                           
ffffffff  __c_args__                          
ffffffff  binit                               
UNDEFED   SHT$$INIT_ARRAY$$Base               
UNDEFED   SHT$$INIT_ARRAY$$Limit              
UNDEFED   _system_post_cinit                  

[227 symbols]
