******************************************************************************
                  TI ARM Linker PC v18.12.4                    
******************************************************************************
>> Linked Sat Jun 27 12:26:50 2026

OUTPUT FILE NAME:   <bms-link-FW.out>
ENTRY POINT SYMBOL: "_c_int00"  address: 0000adf4


MEMORY CONFIGURATION

         name            origin    length      used     unused   attr    fill
----------------------  --------  ---------  --------  --------  ----  --------
  VECTORS               00000000   00000020  00000020  00000000     X
  FLASH0                00000020   0013ffe0  0000b728  001348b8  R  X
  STACKS                08000000   00001300  00000000  00001300  RW  
  RAM                   08001300   0002ed00  0000008c  0002ec74  RW  


SEGMENT ALLOCATION MAP

run origin  load origin   length   init length attrs members
----------  ----------- ---------- ----------- ----- -------
00000000    00000000    0000b748   0000b748    r-x
  00000000    00000000    00000020   00000020    r-x .intvecs
  00000020    00000020    0000b4d8   0000b4d8    r-x .text
  0000b4f8    0000b4f8    00000220   00000220    r-- .const
  0000b718    0000b718    00000030   00000030    r-- .cinit
08001300    08001300    0000008c   00000000    rw-
  08001300    08001300    0000008a   00000000    rw- .bss
  0800138a    0800138a    00000002   00000000    rw- .data


SECTION ALLOCATION MAP

 output                                  attributes/
section   page    origin      length       input sections
--------  ----  ----------  ----------   ----------------
.intvecs   0    00000000    00000020     
                  00000000    00000020     sys_intvecs.obj (.intvecs)

.text      0    00000020    0000b4d8     
                  00000020    00002cdc     sys_selftest.obj (.text)
                  00002cfc    00002748     etpwm.obj (.text)
                  00005444    00000e60     can.obj (.text)
                  000062a4    00000b64     system.obj (.text)
                  00006e08    00000a58     sys_vim.obj (.text)
                  00007860    00000a34     spi.obj (.text:retain)
                  00008294    0000093c     ecap.obj (.text)
                  00008bd0    000008d4     pinmux.obj (.text)
                  000094a4    00000664     errata_SSWF021_45.obj (.text)
                  00009b08    000005bc     esm.obj (.text)
                  0000a0c4    00000450     IMD.obj (.text)
                  0000a514    0000034c     sys_core.obj (.text)
                  0000a860    000002cc     sys_vim.obj (.text:retain)
                  0000ab2c    000002c8     notification.obj (.text)
                  0000adf4    00000290     sys_startup.obj (.text:retain)
                  0000b084    00000114     esm.obj (.text:retain)
                  0000b198    000000e8     dabort.obj (.text)
                  0000b280    000000e0     sys_pmu.obj (.text)
                  0000b360    0000009c     rtsv7R4_T_be_v3D16_eabi.lib : memcpy_t2.asm.obj (.text)
                  0000b3fc    0000006c                                 : copy_decompress_lzss.c.obj (.text:decompress:lzss:__TI_decompress_lzss)
                  0000b468    00000044                                 : autoinit.c.obj (.text:__TI_auto_init_nobinit_nopinit:__TI_auto_init_nobinit_nopinit)
                  0000b4ac    0000001c                                 : copy_zero_init.c.obj (.text:decompress:ZI:__TI_zero_init_nomemset:__TI_zero_init_nomemset)
                  0000b4c8    00000014     main.obj (.text)
                  0000b4dc    0000000e     rtsv7R4_T_be_v3D16_eabi.lib : copy_decompress_none.c.obj (.text:decompress:none:__TI_decompress_none)
                  0000b4ea    00000004                                 : exit.c.obj (.text:abort:abort)
                  0000b4ee    00000002     --HOLE-- [fill = 0]
                  0000b4f0    00000004     sys_phantom.obj (.text:retain)
                  0000b4f4    00000004     sys_startup.obj (.text)

.const     0    0000b4f8    00000220     
                  0000b4f8    00000200     sys_vim.obj (.const:s_vim_init)
                  0000b6f8    00000020     can.obj (.const:s_canByteOrder)

.cinit     0    0000b718    00000030     
                  0000b718    0000000c     (__TI_handler_table)
                  0000b724    00000004     --HOLE-- [fill = 0]
                  0000b728    00000008     (.cinit..bss.load) [load image, compression = zero_init]
                  0000b730    00000006     (.cinit..data.load) [load image, compression = lzss]
                  0000b736    00000002     --HOLE-- [fill = 0]
                  0000b738    00000010     (__TI_cinit_table)

.bss       0    08001300    0000008a     UNINITIALIZED
                  08001300    00000078     spi.obj (.bss:g_spiPacket_t)
                  08001378    00000004     (.common:duty_cycle)
                  0800137c    00000004     (.common:duty_value)
                  08001380    00000004     (.common:freq_value)
                  08001384    00000004     (.common:frequency)
                  08001388    00000001     (.common:currentState)
                  08001389    00000001     (.common:isolationState)

.data      0    0800138a    00000002     UNINITIALIZED
                  0800138a    00000002     IMD.obj (.data:IMDData)

MODULE SUMMARY

       Module                       code    ro data   rw data
       ------                       ----    -------   -------
    .\
       main.obj                     20      0         0      
    +--+----------------------------+-------+---------+---------+
       Total:                       20      0         0      
                                                             
    .\BMS_Master\source\
       sys_selftest.obj             11484   0         0      
       etpwm.obj                    10056   0         0      
       sys_vim.obj                  3364    512       0      
       can.obj                      3680    32        0      
       system.obj                   2916    0         0      
       spi.obj                      2612    0         120    
       ecap.obj                     2364    0         0      
       pinmux.obj                   2260    0         0      
       esm.obj                      1744    0         0      
       errata_SSWF021_45.obj        1636    0         0      
       IMD.obj                      1104    0         20     
       sys_core.obj                 844     0         0      
       notification.obj             712     0         0      
       sys_startup.obj              660     0         0      
       dabort.obj                   232     0         0      
       sys_pmu.obj                  224     0         0      
       sys_intvecs.obj              32      0         0      
       sys_phantom.obj              4       0         0      
    +--+----------------------------+-------+---------+---------+
       Total:                       45928   544       140    
                                                             
    C:/ti/ccs930/ccs/tools/compiler/ti-cgt-arm_18.12.4.LTS/lib/rtsv7R4_T_be_v3D16_eabi.lib
       memcpy_t2.asm.obj            156     0         0      
       copy_decompress_lzss.c.obj   108     0         0      
       autoinit.c.obj               68      0         0      
       copy_zero_init.c.obj         28      0         0      
       copy_decompress_none.c.obj   14      0         0      
       exit.c.obj                   4       0         0      
    +--+----------------------------+-------+---------+---------+
       Total:                       378     0         0      
                                                             
       Linker Generated:            0       42        0      
    +--+----------------------------+-------+---------+---------+
       Grand Total:                 46326   586       140    


LINKER GENERATED COPY TABLES

__TI_cinit_table @ 0000b738 records: 2, size/record: 8, table size: 16
	.bss: load addr=0000b728, load size=00000008 bytes, run addr=08001300, run size=0000008a bytes, compression=zero_init
	.data: load addr=0000b730, load size=00000006 bytes, run addr=0800138a, run size=00000002 bytes, compression=lzss


LINKER GENERATED HANDLER TABLE

__TI_handler_table @ 0000b718 records: 3, size/record: 4, table size: 12
	index: 0, handler: __TI_zero_init
	index: 1, handler: __TI_decompress_lzss
	index: 2, handler: __TI_decompress_none


GLOBAL SYMBOLS: SORTED ALPHABETICALLY BY Name 

address   name                                
-------   ----                                
0000b4eb  C$$EXIT                             
0800138a  IMDData                             
UNDEFED   SHT$$INIT_ARRAY$$Base               
UNDEFED   SHT$$INIT_ARRAY$$Limit              
0000b738  __TI_CINIT_Base                     
0000b748  __TI_CINIT_Limit                    
0000b718  __TI_Handler_Table_Base             
0000b724  __TI_Handler_Table_Limit            
0000a858  __TI_PINIT_Base                     
0000a85c  __TI_PINIT_Limit                    
0000b469  __TI_auto_init_nobinit_nopinit      
0000b3fd  __TI_decompress_lzss                
0000b4dd  __TI_decompress_none                
ffffffff  __TI_pprof_out_hndl                 
ffffffff  __TI_prof_data_size                 
ffffffff  __TI_prof_data_start                
00000000  __TI_static_base__                  
0000b4ad  __TI_zero_init_nomemset             
0000b361  __aeabi_memcpy                      
0000b361  __aeabi_memcpy4                     
0000b361  __aeabi_memcpy8                     
ffffffff  __binit__                           
ffffffff  __c_args__                          
0000adf4  _c_int00                            
0000a770  _coreClearAuxiliaryDataFault_       
0000a784  _coreClearAuxiliaryInstructionFault_
0000a748  _coreClearDataFaultAddress_         
0000a720  _coreClearDataFault_                
0000a75c  _coreClearInstructionFaultAddress_  
0000a734  _coreClearInstructionFault_         
0000a6b4  _coreDisableEventBusExport_         
0000a6f8  _coreDisableFlashEcc_               
0000a6d4  _coreDisableRamEcc_                 
0000a6a4  _coreEnableEventBusExport_          
0000a6e4  _coreEnableFlashEcc_                
0000a708  _coreEnableIrqVicOffset_            
0000a6c4  _coreEnableRamEcc_                  
0000a68c  _coreEnableVfp_                     
0000a768  _coreGetAuxiliaryDataFault_         
0000a77c  _coreGetAuxiliaryInstructionFault_  
0000a740  _coreGetDataFaultAddress_           
0000a718  _coreGetDataFault_                  
0000a754  _coreGetInstructionFaultAddress_    
0000a72c  _coreGetInstructionFault_           
0000a514  _coreInitRegisters_                 
0000a620  _coreInitStackPointer_              
0000b198  _dabort                             
0000a798  _disable_FIQ_interrupt_             
0000a7a0  _disable_IRQ_interrupt_             
0000a790  _disable_interrupt_                 
0000a7a8  _enable_interrupt_                  
0000a838  _errata_CORTEXR4_57_                
0000a848  _errata_CORTEXR4_66_                
000094a4  _errata_SSWF021_45_both_plls        
00009698  _errata_SSWF021_45_pll1             
00009810  _errata_SSWF021_45_pll2             
0000a7b0  _esmCcmErrorsClear_                 
0000a66c  _getCPSRValue_                      
0000a674  _gotoCPUIdle_                       
0000b2dc  _pmuDisableCountersGlobal_          
0000b2cc  _pmuEnableCountersGlobal_           
0000b338  _pmuGetCycleCount_                  
0000b340  _pmuGetEventCount_                  
0000b34c  _pmuGetOverflow_                    
0000b280  _pmuInit_                           
0000b30c  _pmuResetCounters_                  
0000b2ec  _pmuResetCycleCounter_              
0000b2fc  _pmuResetEventCounters_             
0000b32c  _pmuSetCountEvent_                  
0000b31c  _pmuStartCounters_                  
0000b324  _pmuStopCounters_                   
UNDEFED   _system_post_cinit                  
0000b4eb  abort                               
0000126c  adc1ParityCheck                     
00001358  adc2ParityCheck                     
0000ab84  adcNotification                     
ffffffff  binit                               
00005f10  can1GetConfigValue                  
00001410  can1ParityCheck                     
00006068  can2GetConfigValue                  
000014e8  can2ParityCheck                     
000015b0  can3ParityCheck                     
00005db0  canDisableErrorNotification         
00005d90  canDisableStatusChangeNotification  
00005e08  canDisableloopback                  
00005d50  canEnableErrorNotification          
00005d70  canEnableStatusChangeNotification   
00005dd0  canEnableloopback                   
0000ab98  canErrorNotification                
00005af8  canFillMessageObjectData            
00005820  canGetData                          
00005d2c  canGetErrorLevel                    
00005978  canGetID                            
00005d08  canGetLastError                     
00005444  canInit                             
00005ef4  canIoRxGetBit                       
00005e38  canIoSetDirection                   
00005e88  canIoSetPort                        
00005ed8  canIoTxGetBit                       
00005cac  canIsMessageBoxValid                
00005c50  canIsRxMessageArrived               
00005bf4  canIsTxMessagePending               
0000abc0  canMessageNotification              
00005a58  canSendRemoteFrame                  
0000abac  canStatusChangeNotification         
00005724  canTransmit                         
000059e0  canUpdateID                         
00000030  ccmSelfCheck                        
000026fc  ccmr4GetConfigValue                 
00000938  checkB0RAMECC                       
00000b28  checkB1RAMECC                       
00001c18  checkClockMonitor                   
00000d18  checkFlashECC                       
00001cf4  checkFlashEEPROMECC                 
00001e8c  checkPLL1Slip                       
00001f8c  checkPLL2Slip                       
00002050  checkRAMAddrParity                  
000019d0  checkRAMECC                         
0000215c  checkRAMUERRTest                    
000007bc  checkefcSelfTest                    
00000234  cpuSelfTest                         
00000dfc  cpuSelfTestFail                     
0000acb0  crcNotification                     
08001388  currentState                        
00006d2c  customTrimLPO                       
00000df4  custom_dabort                       
0000abd4  dccNotification                     
00002b58  disableParity                       
0000add0  dmaGroupANotification               
00000eac  dmaParityCheck                      
08001378  duty_cycle                          
0800137c  duty_value                          
000087f8  ecap1GetConfigValue                 
0000888c  ecap2GetConfigValue                 
00008920  ecap3GetConfigValue                 
000089b4  ecap4GetConfigValue                 
00008a48  ecap5GetConfigValue                 
00008adc  ecap6GetConfigValue                 
00008778  ecapClearFlag                       
000086d8  ecapDisableAPWMMode                 
000085c8  ecapDisableCapture                  
000083c0  ecapDisableCounterLoadOnSync        
00008724  ecapDisableInterrupt                
0000866c  ecapEnableAPWMmode                  
000085a8  ecapEnableCapture                   
00008390  ecapEnableCounterLoadOnSync         
000086fc  ecapEnableInterrupt                 
00008798  ecapGetCAP1                         
000087b0  ecapGetCAP2                         
000087c8  ecapGetCAP3                         
000087e0  ecapGetCAP4                         
00008754  ecapGetEventStatus                  
00008294  ecapInit                            
0000ace8  ecapNotification                    
00008420  ecapSetCaptureEvent1                
0000846c  ecapSetCaptureEvent2                
000084bc  ecapSetCaptureEvent3                
0000850c  ecapSetCaptureEvent4                
0000855c  ecapSetCaptureMode                  
00008370  ecapSetCounter                      
000083e4  ecapSetEventPrescaler               
00008630  ecapSetSyncOut                      
000085ec  ecapStartCounter                    
0000860c  ecapStopCounter                     
0000ac88  edgeNotification                    
00000660  efcCheck                            
00002660  efcGetConfigValue                   
00000794  efcSelfTest                         
000006e8  efcStuckZeroTest                    
00002ad0  enableParity                        
0000276c  errata_PBIST_4                      
00009c8c  esmActivateNormalOperation          
00009d60  esmClearStatus                      
00009da0  esmClearStatusBuffer                
00009c54  esmDisableError                     
00009cc4  esmDisableInterrupt                 
00009c2c  esmEnableError                      
00009c9c  esmEnableInterrupt                  
00009e98  esmEnterSelfTest                    
00009c10  esmError                            
00009f70  esmGetConfigValue                   
00009ddc  esmGetStatus                        
00009e60  esmGetStatusBuffer                  
0000ab2c  esmGroup1Notification               
0000ab3c  esmGroup2Notification               
0000b084  esmHighInterrupt                    
00009b08  esmInit                             
00009f20  esmSelfTestStatus                   
00009dbc  esmSetCounterPreloadValue           
00009cec  esmSetInterruptLevel                
00009c7c  esmTriggerErrorPinReset             
00003e04  etpwm1GetConfigValue                
00004198  etpwm2GetConfigValue                
00004478  etpwm3GetConfigValue                
00004758  etpwm4GetConfigValue                
00004a38  etpwm5GetConfigValue                
00004d20  etpwm6GetConfigValue                
00005028  etpwm7GetConfigValue                
00003c50  etpwmClearEventFlag                 
00003a20  etpwmClearTripCondition             
00003a40  etpwmClearTripInterruptFlag         
000038e4  etpwmDisableChopping                
000036b0  etpwmDisableCmpAShadowMode          
00003710  etpwmDisableCmpBShadowMode          
00003540  etpwmDisableCounterLoadOnSync       
00003864  etpwmDisableDeadband                
00003c14  etpwmDisableInterrupt               
00003af0  etpwmDisableSOCA                    
00003b88  etpwmDisableSOCB                    
000034ac  etpwmDisableTimebasePeriodShadowMode
000039f0  etpwmDisableTripInterrupt           
00003928  etpwmDisableTripZoneSources         
000038b0  etpwmEnableChopping                 
00003674  etpwmEnableCmpAShadowMode           
000036d0  etpwmEnableCmpBShadowMode           
000034f0  etpwmEnableCounterLoadOnSync        
00003810  etpwmEnableDeadBand                 
00003c98  etpwmEnableDigitalCompareEvents     
00003ba8  etpwmEnableInterrupt                
00003a7c  etpwmEnableSOCA                     
00003b14  etpwmEnableSOCB                     
000034cc  etpwmEnableTimebasePeriodShadowMode 
000039c8  etpwmEnableTripInterrupt            
00003900  etpwmEnableTripZoneSources          
00003a5c  etpwmForceTripEvent                 
00003c38  etpwmGetEventStatus                 
00002cfc  etpwmInit                           
0000acc4  etpwmNotification                   
00003730  etpwmSetActionQualPwmA              
000037a0  etpwmSetActionQualPwmB              
00003424  etpwmSetClkDiv                      
00003634  etpwmSetCmpA                        
00003654  etpwmSetCmpB                        
0000348c  etpwmSetCount                       
000035a0  etpwmSetCounterMode                 
00003880  etpwmSetDeadBandDelay               
000035fc  etpwmSetRunMode                     
00003564  etpwmSetSyncOut                     
0000346c  etpwmSetTimebasePeriod              
00003958  etpwmSetTripAction                  
00003390  etpwmStartTBCLK                     
000033dc  etpwmStopTBCLK                      
00003c70  etpwmTriggerEvent                   
000035dc  etpwmTriggerSWSync                  
0000acd4  etpwmTripNotification               
000022c4  fmcBus1ParityCheck                  
0000085c  fmcBus2Check                        
00000898  fmcECCcheck                         
08001380  freq_value                          
08001384  frequency                           
0000a4c8  getIMDData                          
0000abe8  gioNotification                     
0000b4f4  handlePLLLockFail                   
00000f58  het1ParityCheck                     
000010c0  het2ParityCheck                     
0000ac9c  hetNotification                     
00001004  htu1ParityCheck                     
000011bc  htu2ParityCheck                     
0000abfc  i2cNotification                     
0000a0c4  initalizeIMD                        
08001389  isolationState                      
0000b4c8  main                                
0000640c  mapClocks                           
0000b361  memcpy                              
00000174  memoryInit                          
0000ab4c  memoryPort0TestFailNotification     
0000ab68  memoryPort1TestFailNotification     
00001684  mibspi1ParityCheck                  
00007ac8  mibspi3HighInterruptLevel           
00007860  mibspi3LowLevelInterrupt            
0000178c  mibspi3ParityCheck                  
000018b0  mibspi5ParityCheck                  
0000ac24  mibspiGroupNotification             
0000ac10  mibspiNotification                  
00008bd0  muxInit                             
000023ec  pbistFail                           
00002470  pbistGetConfigValue                 
000005a8  pbistIsTestCompleted                
000005d4  pbistIsTestPassed                   
00000608  pbistPortTestStatus                 
000004ac  pbistRun                            
000002cc  pbistSelfCheck                      
00000578  pbistStop                           
000063b8  periphInit                          
0000b4f0  phantomInterrupt                    
00009084  pinmuxGetConfigValue                
0000ac70  pwmNotification                     
00000000  resetEntry                          
0000ac38  sciNotification                     
00000020  selftestFailNotification            
00006378  setupFlash                          
000062a4  setupPLL                            
00007f98  spi4HighLevelInterrupt              
00007d30  spi4LowLevelInterrupt               
0000ac60  spiEndNotification                  
0000ac4c  spiNotification                     
00006bf0  sramGetConfigValue                  
000025bc  stcGetConfigValue                   
000001b8  stcSelfCheck                        
00000df8  stcSelfCheckFail                    
00006630  systemGetConfigValue                
00006534  systemInit                          
00006600  systemPowerDown                     
00006a44  tcmflashGetConfigValue              
00006304  trimLPO                             
0000a2bc  updateIMDData                       
0000a334  updateIMDState                      
0000a1c8  updateIsolationState                
00006edc  vimChannelMap                       
00007148  vimDisableInterrupt                 
00006f80  vimEnableInterrupt                  
000071f4  vimGetConfigValue                   
00006e08  vimInit                             
00000e00  vimParityCheck                      
0000a860  vimParityErrorHandler               


GLOBAL SYMBOLS: SORTED BY Symbol Address 

address   name                                
-------   ----                                
00000000  __TI_static_base__                  
00000000  resetEntry                          
00000020  selftestFailNotification            
00000030  ccmSelfCheck                        
00000174  memoryInit                          
000001b8  stcSelfCheck                        
00000234  cpuSelfTest                         
000002cc  pbistSelfCheck                      
000004ac  pbistRun                            
00000578  pbistStop                           
000005a8  pbistIsTestCompleted                
000005d4  pbistIsTestPassed                   
00000608  pbistPortTestStatus                 
00000660  efcCheck                            
000006e8  efcStuckZeroTest                    
00000794  efcSelfTest                         
000007bc  checkefcSelfTest                    
0000085c  fmcBus2Check                        
00000898  fmcECCcheck                         
00000938  checkB0RAMECC                       
00000b28  checkB1RAMECC                       
00000d18  checkFlashECC                       
00000df4  custom_dabort                       
00000df8  stcSelfCheckFail                    
00000dfc  cpuSelfTestFail                     
00000e00  vimParityCheck                      
00000eac  dmaParityCheck                      
00000f58  het1ParityCheck                     
00001004  htu1ParityCheck                     
000010c0  het2ParityCheck                     
000011bc  htu2ParityCheck                     
0000126c  adc1ParityCheck                     
00001358  adc2ParityCheck                     
00001410  can1ParityCheck                     
000014e8  can2ParityCheck                     
000015b0  can3ParityCheck                     
00001684  mibspi1ParityCheck                  
0000178c  mibspi3ParityCheck                  
000018b0  mibspi5ParityCheck                  
000019d0  checkRAMECC                         
00001c18  checkClockMonitor                   
00001cf4  checkFlashEEPROMECC                 
00001e8c  checkPLL1Slip                       
00001f8c  checkPLL2Slip                       
00002050  checkRAMAddrParity                  
0000215c  checkRAMUERRTest                    
000022c4  fmcBus1ParityCheck                  
000023ec  pbistFail                           
00002470  pbistGetConfigValue                 
000025bc  stcGetConfigValue                   
00002660  efcGetConfigValue                   
000026fc  ccmr4GetConfigValue                 
0000276c  errata_PBIST_4                      
00002ad0  enableParity                        
00002b58  disableParity                       
00002cfc  etpwmInit                           
00003390  etpwmStartTBCLK                     
000033dc  etpwmStopTBCLK                      
00003424  etpwmSetClkDiv                      
0000346c  etpwmSetTimebasePeriod              
0000348c  etpwmSetCount                       
000034ac  etpwmDisableTimebasePeriodShadowMode
000034cc  etpwmEnableTimebasePeriodShadowMode 
000034f0  etpwmEnableCounterLoadOnSync        
00003540  etpwmDisableCounterLoadOnSync       
00003564  etpwmSetSyncOut                     
000035a0  etpwmSetCounterMode                 
000035dc  etpwmTriggerSWSync                  
000035fc  etpwmSetRunMode                     
00003634  etpwmSetCmpA                        
00003654  etpwmSetCmpB                        
00003674  etpwmEnableCmpAShadowMode           
000036b0  etpwmDisableCmpAShadowMode          
000036d0  etpwmEnableCmpBShadowMode           
00003710  etpwmDisableCmpBShadowMode          
00003730  etpwmSetActionQualPwmA              
000037a0  etpwmSetActionQualPwmB              
00003810  etpwmEnableDeadBand                 
00003864  etpwmDisableDeadband                
00003880  etpwmSetDeadBandDelay               
000038b0  etpwmEnableChopping                 
000038e4  etpwmDisableChopping                
00003900  etpwmEnableTripZoneSources          
00003928  etpwmDisableTripZoneSources         
00003958  etpwmSetTripAction                  
000039c8  etpwmEnableTripInterrupt            
000039f0  etpwmDisableTripInterrupt           
00003a20  etpwmClearTripCondition             
00003a40  etpwmClearTripInterruptFlag         
00003a5c  etpwmForceTripEvent                 
00003a7c  etpwmEnableSOCA                     
00003af0  etpwmDisableSOCA                    
00003b14  etpwmEnableSOCB                     
00003b88  etpwmDisableSOCB                    
00003ba8  etpwmEnableInterrupt                
00003c14  etpwmDisableInterrupt               
00003c38  etpwmGetEventStatus                 
00003c50  etpwmClearEventFlag                 
00003c70  etpwmTriggerEvent                   
00003c98  etpwmEnableDigitalCompareEvents     
00003e04  etpwm1GetConfigValue                
00004198  etpwm2GetConfigValue                
00004478  etpwm3GetConfigValue                
00004758  etpwm4GetConfigValue                
00004a38  etpwm5GetConfigValue                
00004d20  etpwm6GetConfigValue                
00005028  etpwm7GetConfigValue                
00005444  canInit                             
00005724  canTransmit                         
00005820  canGetData                          
00005978  canGetID                            
000059e0  canUpdateID                         
00005a58  canSendRemoteFrame                  
00005af8  canFillMessageObjectData            
00005bf4  canIsTxMessagePending               
00005c50  canIsRxMessageArrived               
00005cac  canIsMessageBoxValid                
00005d08  canGetLastError                     
00005d2c  canGetErrorLevel                    
00005d50  canEnableErrorNotification          
00005d70  canEnableStatusChangeNotification   
00005d90  canDisableStatusChangeNotification  
00005db0  canDisableErrorNotification         
00005dd0  canEnableloopback                   
00005e08  canDisableloopback                  
00005e38  canIoSetDirection                   
00005e88  canIoSetPort                        
00005ed8  canIoTxGetBit                       
00005ef4  canIoRxGetBit                       
00005f10  can1GetConfigValue                  
00006068  can2GetConfigValue                  
000062a4  setupPLL                            
00006304  trimLPO                             
00006378  setupFlash                          
000063b8  periphInit                          
0000640c  mapClocks                           
00006534  systemInit                          
00006600  systemPowerDown                     
00006630  systemGetConfigValue                
00006a44  tcmflashGetConfigValue              
00006bf0  sramGetConfigValue                  
00006d2c  customTrimLPO                       
00006e08  vimInit                             
00006edc  vimChannelMap                       
00006f80  vimEnableInterrupt                  
00007148  vimDisableInterrupt                 
000071f4  vimGetConfigValue                   
00007860  mibspi3LowLevelInterrupt            
00007ac8  mibspi3HighInterruptLevel           
00007d30  spi4LowLevelInterrupt               
00007f98  spi4HighLevelInterrupt              
00008294  ecapInit                            
00008370  ecapSetCounter                      
00008390  ecapEnableCounterLoadOnSync         
000083c0  ecapDisableCounterLoadOnSync        
000083e4  ecapSetEventPrescaler               
00008420  ecapSetCaptureEvent1                
0000846c  ecapSetCaptureEvent2                
000084bc  ecapSetCaptureEvent3                
0000850c  ecapSetCaptureEvent4                
0000855c  ecapSetCaptureMode                  
000085a8  ecapEnableCapture                   
000085c8  ecapDisableCapture                  
000085ec  ecapStartCounter                    
0000860c  ecapStopCounter                     
00008630  ecapSetSyncOut                      
0000866c  ecapEnableAPWMmode                  
000086d8  ecapDisableAPWMMode                 
000086fc  ecapEnableInterrupt                 
00008724  ecapDisableInterrupt                
00008754  ecapGetEventStatus                  
00008778  ecapClearFlag                       
00008798  ecapGetCAP1                         
000087b0  ecapGetCAP2                         
000087c8  ecapGetCAP3                         
000087e0  ecapGetCAP4                         
000087f8  ecap1GetConfigValue                 
0000888c  ecap2GetConfigValue                 
00008920  ecap3GetConfigValue                 
000089b4  ecap4GetConfigValue                 
00008a48  ecap5GetConfigValue                 
00008adc  ecap6GetConfigValue                 
00008bd0  muxInit                             
00009084  pinmuxGetConfigValue                
000094a4  _errata_SSWF021_45_both_plls        
00009698  _errata_SSWF021_45_pll1             
00009810  _errata_SSWF021_45_pll2             
00009b08  esmInit                             
00009c10  esmError                            
00009c2c  esmEnableError                      
00009c54  esmDisableError                     
00009c7c  esmTriggerErrorPinReset             
00009c8c  esmActivateNormalOperation          
00009c9c  esmEnableInterrupt                  
00009cc4  esmDisableInterrupt                 
00009cec  esmSetInterruptLevel                
00009d60  esmClearStatus                      
00009da0  esmClearStatusBuffer                
00009dbc  esmSetCounterPreloadValue           
00009ddc  esmGetStatus                        
00009e60  esmGetStatusBuffer                  
00009e98  esmEnterSelfTest                    
00009f20  esmSelfTestStatus                   
00009f70  esmGetConfigValue                   
0000a0c4  initalizeIMD                        
0000a1c8  updateIsolationState                
0000a2bc  updateIMDData                       
0000a334  updateIMDState                      
0000a4c8  getIMDData                          
0000a514  _coreInitRegisters_                 
0000a620  _coreInitStackPointer_              
0000a66c  _getCPSRValue_                      
0000a674  _gotoCPUIdle_                       
0000a68c  _coreEnableVfp_                     
0000a6a4  _coreEnableEventBusExport_          
0000a6b4  _coreDisableEventBusExport_         
0000a6c4  _coreEnableRamEcc_                  
0000a6d4  _coreDisableRamEcc_                 
0000a6e4  _coreEnableFlashEcc_                
0000a6f8  _coreDisableFlashEcc_               
0000a708  _coreEnableIrqVicOffset_            
0000a718  _coreGetDataFault_                  
0000a720  _coreClearDataFault_                
0000a72c  _coreGetInstructionFault_           
0000a734  _coreClearInstructionFault_         
0000a740  _coreGetDataFaultAddress_           
0000a748  _coreClearDataFaultAddress_         
0000a754  _coreGetInstructionFaultAddress_    
0000a75c  _coreClearInstructionFaultAddress_  
0000a768  _coreGetAuxiliaryDataFault_         
0000a770  _coreClearAuxiliaryDataFault_       
0000a77c  _coreGetAuxiliaryInstructionFault_  
0000a784  _coreClearAuxiliaryInstructionFault_
0000a790  _disable_interrupt_                 
0000a798  _disable_FIQ_interrupt_             
0000a7a0  _disable_IRQ_interrupt_             
0000a7a8  _enable_interrupt_                  
0000a7b0  _esmCcmErrorsClear_                 
0000a838  _errata_CORTEXR4_57_                
0000a848  _errata_CORTEXR4_66_                
0000a858  __TI_PINIT_Base                     
0000a85c  __TI_PINIT_Limit                    
0000a860  vimParityErrorHandler               
0000ab2c  esmGroup1Notification               
0000ab3c  esmGroup2Notification               
0000ab4c  memoryPort0TestFailNotification     
0000ab68  memoryPort1TestFailNotification     
0000ab84  adcNotification                     
0000ab98  canErrorNotification                
0000abac  canStatusChangeNotification         
0000abc0  canMessageNotification              
0000abd4  dccNotification                     
0000abe8  gioNotification                     
0000abfc  i2cNotification                     
0000ac10  mibspiNotification                  
0000ac24  mibspiGroupNotification             
0000ac38  sciNotification                     
0000ac4c  spiNotification                     
0000ac60  spiEndNotification                  
0000ac70  pwmNotification                     
0000ac88  edgeNotification                    
0000ac9c  hetNotification                     
0000acb0  crcNotification                     
0000acc4  etpwmNotification                   
0000acd4  etpwmTripNotification               
0000ace8  ecapNotification                    
0000add0  dmaGroupANotification               
0000adf4  _c_int00                            
0000b084  esmHighInterrupt                    
0000b198  _dabort                             
0000b280  _pmuInit_                           
0000b2cc  _pmuEnableCountersGlobal_           
0000b2dc  _pmuDisableCountersGlobal_          
0000b2ec  _pmuResetCycleCounter_              
0000b2fc  _pmuResetEventCounters_             
0000b30c  _pmuResetCounters_                  
0000b31c  _pmuStartCounters_                  
0000b324  _pmuStopCounters_                   
0000b32c  _pmuSetCountEvent_                  
0000b338  _pmuGetCycleCount_                  
0000b340  _pmuGetEventCount_                  
0000b34c  _pmuGetOverflow_                    
0000b361  __aeabi_memcpy                      
0000b361  __aeabi_memcpy4                     
0000b361  __aeabi_memcpy8                     
0000b361  memcpy                              
0000b3fd  __TI_decompress_lzss                
0000b469  __TI_auto_init_nobinit_nopinit      
0000b4ad  __TI_zero_init_nomemset             
0000b4c8  main                                
0000b4dd  __TI_decompress_none                
0000b4eb  C$$EXIT                             
0000b4eb  abort                               
0000b4f0  phantomInterrupt                    
0000b4f4  handlePLLLockFail                   
0000b718  __TI_Handler_Table_Base             
0000b724  __TI_Handler_Table_Limit            
0000b738  __TI_CINIT_Base                     
0000b748  __TI_CINIT_Limit                    
08001378  duty_cycle                          
0800137c  duty_value                          
08001380  freq_value                          
08001384  frequency                           
08001388  currentState                        
08001389  isolationState                      
0800138a  IMDData                             
ffffffff  __TI_pprof_out_hndl                 
ffffffff  __TI_prof_data_size                 
ffffffff  __TI_prof_data_start                
ffffffff  __binit__                           
ffffffff  __c_args__                          
ffffffff  binit                               
UNDEFED   SHT$$INIT_ARRAY$$Base               
UNDEFED   SHT$$INIT_ARRAY$$Limit              
UNDEFED   _system_post_cinit                  

[315 symbols]
